============================= test session starts ==============================
platform linux -- Python 3.13.7, pytest-8.4.1, pluggy-1.6.0 -- /home/pilot/projects/lambda_precision_udg_generator/.venv/bin/python
cachedir: .pytest_cache
rootdir: /home/pilot/projects/lambda_precision_udg_generator
configfile: pyproject.toml
plugins: anyio-4.11.0
collecting ... collected 1 item

tests/test_generator_seeds.py::test_serialization_and_deserialization FAILED [100%]

=================================== FAILURES ===================================
____________________ test_serialization_and_deserialization ____________________

logger = <RootLogger root (DEBUG)>
sample_seeds = <lambdaprecisionudggenerator.graph_generator.seeds.database.GeneratorSeedDB object at 0x7fd1ba86d2b0>

    @pytest.mark.usefixtures("logger")
    def test_serialization_and_deserialization(logger: logging.Logger, sample_seeds: GeneratorSeedDB) -> None:
        """ Test the serialisation and deserialization of a seed database.

        Args:
            sample_seeds: Fixture providing a sample seed database.
        """

        db_filepath = SEED_DB_DIR / "test_seeds.db"

        # Serialize and Deserialize
        sample_seeds.serialize(str(db_filepath))
        deserialized_db = GeneratorSeedDB.deserialize(str(db_filepath))

        logger.info(deserialized_db.latex_table())
        # Compare seed count
>       assert len(sample_seeds.seeds) == len(deserialized_db.seeds)
E       assert 6 == 30
E        +  where 6 = len([GeneratorSeed(node_number=20, min_distance=0.150390625, radius=0.2953125, coverage_bound=(0.85, 0.9), avg_deg_bound=(3, 3.25), probability_connected=0.7, sample_size=10, graphs=[<lambdaprecisionudggenerator.graph_generator.graphs.lambda_precision_udg.LambdaPrecisionUDG object at 0x7fd184228b00>, <lambdaprecisionudggenerator.graph_generator.graphs.lambda_precision_udg.LambdaPrecisionUDG object at 0x7fd184228b90>, <lambdaprecisionudggenerator.graph_generator.graphs.lambda_precision_udg.LambdaPrecisionUDG object at 0x7fd184228c20>, <lambdaprecisionudggenerator.graph_generator.graphs.lambda_precision_udg.LambdaPrecisionUDG object at 0x7fd184228cb0>, <lambdaprecisionudggenerator.graph_generator.graphs.lambda_precision_udg.LambdaPrecisionUDG object at 0x7fd184228d40>, <lambdaprecisionudggenerator.graph_generator.graphs.lambda_precision_udg.LambdaPrecisionUDG object at 0x7fd184228dd0>, <lambdaprecisionudggenerator.graph_generator.graphs.lambda_precision_udg.LambdaPrecisionUDG object at 0x7fd184228e60>, <lambdaprecisionudggenerator.graph_generator.graphs.lambda_precision_udg.LambdaPrecisionUDG object at 0x7fd184228ef0>, <lambdaprecisionudggenerator.graph_generator.graphs.lambda_precision_udg.LambdaPrecisionUDG object at 0x7fd184228f80>, <lambdaprecisionudggenerator.graph_generator.graphs.lambda_precision_udg.LambdaPrecisionUDG object at 0x7fd184229010>], logger=<Logger lambdaprecisionudggenerator.graph_generator.seeds.seed (DEBUG)>), GeneratorSeed(node_number=20, min_distance=0.150390625, radius=0.3375, coverage_bound=(0.85, 0.9), avg_deg_bound=(4, 4.25), probability_connected=1.0, sample_size=10, graphs=[<lambdaprecisionudggenerator.graph_generator.graphs.lambda_precision_udg.LambdaPrecisionUDG object at 0x7fd18422a060>, <lambdaprecisionudggenerator.graph_generator.graphs.lambda_precision_udg.LambdaPrecisionUDG object at 0x7fd18422a0f0>, <lambdaprecisionudggenerator.graph_generator.graphs.lambda_precision_udg.LambdaPrecisionUDG object at 0x7fd18422a180>, <lambdaprecisionudggenerator.graph_generator.graphs.lambda_precision_udg.LambdaPrecisionUDG object at 0x7fd18422a210>, <lambdaprecisionudggenerator.graph_generator.graphs.lambda_precision_udg.LambdaPrecisionUDG object at 0x7fd18422a2a0>, <lambdaprecisionudggenerator.graph_generator.graphs.lambda_precision_udg.LambdaPrecisionUDG object at 0x7fd18422a330>, <lambdaprecisionudggenerator.graph_generator.graphs.lambda_precision_udg.LambdaPrecisionUDG object at 0x7fd18422a3c0>, <lambdaprecisionudggenerator.graph_generator.graphs.lambda_precision_udg.LambdaPrecisionUDG object at 0x7fd18422a450>, <lambdaprecisionudggenerator.graph_generator.graphs.lambda_precision_udg.LambdaPrecisionUDG object at 0x7fd18422a4e0>, <lambdaprecisionudggenerator.graph_generator.graphs.lambda_precision_udg.LambdaPrecisionUDG object at 0x7fd18422a570>], logger=<Logger lambdaprecisionudggenerator.graph_generator.seeds.seed (DEBUG)>), GeneratorSeed(node_number=20, min_distance=0.150390625, radius=0.375, coverage_bound=(0.85, 0.9), avg_deg_bound=(5, 5.25), probability_connected=1.0, sample_size=10, graphs=[<lambdaprecisionudggenerator.graph_generator.graphs.lambda_precision_udg.LambdaPrecisionUDG object at 0x7fd194f1f5c0>, <lambdaprecisionudggenerator.graph_generator.graphs.lambda_precision_udg.LambdaPrecisionUDG object at 0x7fd194f1f530>, <lambdaprecisionudggenerator.graph_generator.graphs.lambda_precision_udg.LambdaPrecisionUDG object at 0x7fd194f1f4a0>, <lambdaprecisionudggenerator.graph_generator.graphs.lambda_precision_udg.LambdaPrecisionUDG object at 0x7fd194f1f410>, <lambdaprecisionudggenerator.graph_generator.graphs.lambda_precision_udg.LambdaPrecisionUDG object at 0x7fd184229fd0>, <lambdaprecisionudggenerator.graph_generator.graphs.lambda_precision_udg.LambdaPrecisionUDG object at 0x7fd184229f40>, <lambdaprecisionudggenerator.graph_generator.graphs.lambda_precision_udg.LambdaPrecisionUDG object at 0x7fd184229eb0>, <lambdaprecisionudggenerator.graph_generator.graphs.lambda_precision_udg.LambdaPrecisionUDG object at 0x7fd184229e20>, <lambdaprecisionudggenerator.graph_generator.graphs.lambda_precision_udg.LambdaPrecisionUDG object at 0x7fd184229d90>, <lambdaprecisionudggenerator.graph_generator.graphs.lambda_precision_udg.LambdaPrecisionUDG object at 0x7fd184229d00>], logger=<Logger lambdaprecisionudggenerator.graph_generator.seeds.seed (DEBUG)>), GeneratorSeed(node_number=40, min_distance=0.103515625, radius=0.196875, coverage_bound=(0.85, 0.9), avg_deg_bound=(3, 3.25), probability_connected=0.3, sample_size=10, graphs=[<lambdaprecisionudggenerator.graph_generator.graphs.lambda_precision_udg.LambdaPrecisionUDG object at 0x7fd18422b5c0>, <lambdaprecisionudggenerator.graph_generator.graphs.lambda_precision_udg.LambdaPrecisionUDG object at 0x7fd18422b650>, <lambdaprecisionudggenerator.graph_generator.graphs.lambda_precision_udg.LambdaPrecisionUDG object at 0x7fd18422b6e0>, <lambdaprecisionudggenerator.graph_generator.graphs.lambda_precision_udg.LambdaPrecisionUDG object at 0x7fd18422b770>, <lambdaprecisionudggenerator.graph_generator.graphs.lambda_precision_udg.LambdaPrecisionUDG object at 0x7fd18422b800>, <lambdaprecisionudggenerator.graph_generator.graphs.lambda_precision_udg.LambdaPrecisionUDG object at 0x7fd194f1f650>, <lambdaprecisionudggenerator.graph_generator.graphs.lambda_precision_udg.LambdaPrecisionUDG object at 0x7fd194f1f6e0>, <lambdaprecisionudggenerator.graph_generator.graphs.lambda_precision_udg.LambdaPrecisionUDG object at 0x7fd194f1f770>, <lambdaprecisionudggenerator.graph_generator.graphs.lambda_precision_udg.LambdaPrecisionUDG object at 0x7fd194f1f800>, <lambdaprecisionudggenerator.graph_generator.graphs.lambda_precision_udg.LambdaPrecisionUDG object at 0x7fd194f1f890>], logger=<Logger lambdaprecisionudggenerator.graph_generator.seeds.seed (DEBUG)>), GeneratorSeed(node_number=40, min_distance=0.103515625, radius=0.22499999999999998, coverage_bound=(0.85, 0.9), avg_deg_bound=(4, 4.25), probability_connected=1.0, sample_size=10, graphs=[<lambdaprecisionudggenerator.graph_generator.graphs.lambda_precision_udg.LambdaPrecisionUDG object at 0x7fd18422ab10>, <lambdaprecisionudggenerator.graph_generator.graphs.lambda_precision_udg.LambdaPrecisionUDG object at 0x7fd18422aa80>, <lambdaprecisionudggenerator.graph_generator.graphs.lambda_precision_udg.LambdaPrecisionUDG object at 0x7fd18422a9f0>, <lambdaprecisionudggenerator.graph_generator.graphs.lambda_precision_udg.LambdaPrecisionUDG object at 0x7fd18422a960>, <lambdaprecisionudggenerator.graph_generator.graphs.lambda_precision_udg.LambdaPrecisionUDG object at 0x7fd18422a8d0>, <lambdaprecisionudggenerator.graph_generator.graphs.lambda_precision_udg.LambdaPrecisionUDG object at 0x7fd18422a840>, <lambdaprecisionudggenerator.graph_generator.graphs.lambda_precision_udg.LambdaPrecisionUDG object at 0x7fd18422a7b0>, <lambdaprecisionudggenerator.graph_generator.graphs.lambda_precision_udg.LambdaPrecisionUDG object at 0x7fd184228050>, <lambdaprecisionudggenerator.graph_generator.graphs.lambda_precision_udg.LambdaPrecisionUDG object at 0x7fd1842280e0>, <lambdaprecisionudggenerator.graph_generator.graphs.lambda_precision_udg.LambdaPrecisionUDG object at 0x7fd184228170>], logger=<Logger lambdaprecisionudggenerator.graph_generator.seeds.seed (DEBUG)>), GeneratorSeed(node_number=40, min_distance=0.103515625, radius=0.24843749999999995, coverage_bound=(0.85, 0.9), avg_deg_bound=(5, 5.25), probability_connected=1.0, sample_size=10, graphs=[<lambdaprecisionudggenerator.graph_generator.graphs.lambda_precision_udg.LambdaPrecisionUDG object at 0x7fd18422ae70>, <lambdaprecisionudggenerator.graph_generator.graphs.lambda_precision_udg.LambdaPrecisionUDG object at 0x7fd18422af00>, <lambdaprecisionudggenerator.graph_generator.graphs.lambda_precision_udg.LambdaPrecisionUDG object at 0x7fd18422af90>, <lambdaprecisionudggenerator.graph_generator.graphs.lambda_precision_udg.LambdaPrecisionUDG object at 0x7fd194f1ff50>, <lambdaprecisionudggenerator.graph_generator.graphs.lambda_precision_udg.LambdaPrecisionUDG object at 0x7fd194f1fec0>, <lambdaprecisionudggenerator.graph_generator.graphs.lambda_precision_udg.LambdaPrecisionUDG object at 0x7fd194f1fe30>, <lambdaprecisionudggenerator.graph_generator.graphs.lambda_precision_udg.LambdaPrecisionUDG object at 0x7fd194f1fda0>, <lambdaprecisionudggenerator.graph_generator.graphs.lambda_precision_udg.LambdaPrecisionUDG object at 0x7fd194f1fd10>, <lambdaprecisionudggenerator.graph_generator.graphs.lambda_precision_udg.LambdaPrecisionUDG object at 0x7fd194f1fc80>, <lambdaprecisionudggenerator.graph_generator.graphs.lambda_precision_udg.LambdaPrecisionUDG object at 0x7fd194f1fbf0>], logger=<Logger lambdaprecisionudggenerator.graph_generator.seeds.seed (DEBUG)>)])
E        +    where [GeneratorSeed(node_number=20, min_distance=0.150390625, radius=0.2953125, coverage_bound=(0.85, 0.9), avg_deg_bound=(3, 3.25), probability_connected=0.7, sample_size=10, graphs=[<lambdaprecisionudggenerator.graph_generator.graphs.lambda_precision_udg.LambdaPrecisionUDG object at 0x7fd184228b00>, <lambdaprecisionudggenerator.graph_generator.graphs.lambda_precision_udg.LambdaPrecisionUDG object at 0x7fd184228b90>, <lambdaprecisionudggenerator.graph_generator.graphs.lambda_precision_udg.LambdaPrecisionUDG object at 0x7fd184228c20>, <lambdaprecisionudggenerator.graph_generator.graphs.lambda_precision_udg.LambdaPrecisionUDG object at 0x7fd184228cb0>, <lambdaprecisionudggenerator.graph_generator.graphs.lambda_precision_udg.LambdaPrecisionUDG object at 0x7fd184228d40>, <lambdaprecisionudggenerator.graph_generator.graphs.lambda_precision_udg.LambdaPrecisionUDG object at 0x7fd184228dd0>, <lambdaprecisionudggenerator.graph_generator.graphs.lambda_precision_udg.LambdaPrecisionUDG object at 0x7fd184228e60>, <lambdaprecisionudggenerator.graph_generator.graphs.lambda_precision_udg.LambdaPrecisionUDG object at 0x7fd184228ef0>, <lambdaprecisionudggenerator.graph_generator.graphs.lambda_precision_udg.LambdaPrecisionUDG object at 0x7fd184228f80>, <lambdaprecisionudggenerator.graph_generator.graphs.lambda_precision_udg.LambdaPrecisionUDG object at 0x7fd184229010>], logger=<Logger lambdaprecisionudggenerator.graph_generator.seeds.seed (DEBUG)>), GeneratorSeed(node_number=20, min_distance=0.150390625, radius=0.3375, coverage_bound=(0.85, 0.9), avg_deg_bound=(4, 4.25), probability_connected=1.0, sample_size=10, graphs=[<lambdaprecisionudggenerator.graph_generator.graphs.lambda_precision_udg.LambdaPrecisionUDG object at 0x7fd18422a060>, <lambdaprecisionudggenerator.graph_generator.graphs.lambda_precision_udg.LambdaPrecisionUDG object at 0x7fd18422a0f0>, <lambdaprecisionudggenerator.graph_generator.graphs.lambda_precision_udg.LambdaPrecisionUDG object at 0x7fd18422a180>, <lambdaprecisionudggenerator.graph_generator.graphs.lambda_precision_udg.LambdaPrecisionUDG object at 0x7fd18422a210>, <lambdaprecisionudggenerator.graph_generator.graphs.lambda_precision_udg.LambdaPrecisionUDG object at 0x7fd18422a2a0>, <lambdaprecisionudggenerator.graph_generator.graphs.lambda_precision_udg.LambdaPrecisionUDG object at 0x7fd18422a330>, <lambdaprecisionudggenerator.graph_generator.graphs.lambda_precision_udg.LambdaPrecisionUDG object at 0x7fd18422a3c0>, <lambdaprecisionudggenerator.graph_generator.graphs.lambda_precision_udg.LambdaPrecisionUDG object at 0x7fd18422a450>, <lambdaprecisionudggenerator.graph_generator.graphs.lambda_precision_udg.LambdaPrecisionUDG object at 0x7fd18422a4e0>, <lambdaprecisionudggenerator.graph_generator.graphs.lambda_precision_udg.LambdaPrecisionUDG object at 0x7fd18422a570>], logger=<Logger lambdaprecisionudggenerator.graph_generator.seeds.seed (DEBUG)>), GeneratorSeed(node_number=20, min_distance=0.150390625, radius=0.375, coverage_bound=(0.85, 0.9), avg_deg_bound=(5, 5.25), probability_connected=1.0, sample_size=10, graphs=[<lambdaprecisionudggenerator.graph_generator.graphs.lambda_precision_udg.LambdaPrecisionUDG object at 0x7fd194f1f5c0>, <lambdaprecisionudggenerator.graph_generator.graphs.lambda_precision_udg.LambdaPrecisionUDG object at 0x7fd194f1f530>, <lambdaprecisionudggenerator.graph_generator.graphs.lambda_precision_udg.LambdaPrecisionUDG object at 0x7fd194f1f4a0>, <lambdaprecisionudggenerator.graph_generator.graphs.lambda_precision_udg.LambdaPrecisionUDG object at 0x7fd194f1f410>, <lambdaprecisionudggenerator.graph_generator.graphs.lambda_precision_udg.LambdaPrecisionUDG object at 0x7fd184229fd0>, <lambdaprecisionudggenerator.graph_generator.graphs.lambda_precision_udg.LambdaPrecisionUDG object at 0x7fd184229f40>, <lambdaprecisionudggenerator.graph_generator.graphs.lambda_precision_udg.LambdaPrecisionUDG object at 0x7fd184229eb0>, <lambdaprecisionudggenerator.graph_generator.graphs.lambda_precision_udg.LambdaPrecisionUDG object at 0x7fd184229e20>, <lambdaprecisionudggenerator.graph_generator.graphs.lambda_precision_udg.LambdaPrecisionUDG object at 0x7fd184229d90>, <lambdaprecisionudggenerator.graph_generator.graphs.lambda_precision_udg.LambdaPrecisionUDG object at 0x7fd184229d00>], logger=<Logger lambdaprecisionudggenerator.graph_generator.seeds.seed (DEBUG)>), GeneratorSeed(node_number=40, min_distance=0.103515625, radius=0.196875, coverage_bound=(0.85, 0.9), avg_deg_bound=(3, 3.25), probability_connected=0.3, sample_size=10, graphs=[<lambdaprecisionudggenerator.graph_generator.graphs.lambda_precision_udg.LambdaPrecisionUDG object at 0x7fd18422b5c0>, <lambdaprecisionudggenerator.graph_generator.graphs.lambda_precision_udg.LambdaPrecisionUDG object at 0x7fd18422b650>, <lambdaprecisionudggenerator.graph_generator.graphs.lambda_precision_udg.LambdaPrecisionUDG object at 0x7fd18422b6e0>, <lambdaprecisionudggenerator.graph_generator.graphs.lambda_precision_udg.LambdaPrecisionUDG object at 0x7fd18422b770>, <lambdaprecisionudggenerator.graph_generator.graphs.lambda_precision_udg.LambdaPrecisionUDG object at 0x7fd18422b800>, <lambdaprecisionudggenerator.graph_generator.graphs.lambda_precision_udg.LambdaPrecisionUDG object at 0x7fd194f1f650>, <lambdaprecisionudggenerator.graph_generator.graphs.lambda_precision_udg.LambdaPrecisionUDG object at 0x7fd194f1f6e0>, <lambdaprecisionudggenerator.graph_generator.graphs.lambda_precision_udg.LambdaPrecisionUDG object at 0x7fd194f1f770>, <lambdaprecisionudggenerator.graph_generator.graphs.lambda_precision_udg.LambdaPrecisionUDG object at 0x7fd194f1f800>, <lambdaprecisionudggenerator.graph_generator.graphs.lambda_precision_udg.LambdaPrecisionUDG object at 0x7fd194f1f890>], logger=<Logger lambdaprecisionudggenerator.graph_generator.seeds.seed (DEBUG)>), GeneratorSeed(node_number=40, min_distance=0.103515625, radius=0.22499999999999998, coverage_bound=(0.85, 0.9), avg_deg_bound=(4, 4.25), probability_connected=1.0, sample_size=10, graphs=[<lambdaprecisionudggenerator.graph_generator.graphs.lambda_precision_udg.LambdaPrecisionUDG object at 0x7fd18422ab10>, <lambdaprecisionudggenerator.graph_generator.graphs.lambda_precision_udg.LambdaPrecisionUDG object at 0x7fd18422aa80>, <lambdaprecisionudggenerator.graph_generator.graphs.lambda_precision_udg.LambdaPrecisionUDG object at 0x7fd18422a9f0>, <lambdaprecisionudggenerator.graph_generator.graphs.lambda_precision_udg.LambdaPrecisionUDG object at 0x7fd18422a960>, <lambdaprecisionudggenerator.graph_generator.graphs.lambda_precision_udg.LambdaPrecisionUDG object at 0x7fd18422a8d0>, <lambdaprecisionudggenerator.graph_generator.graphs.lambda_precision_udg.LambdaPrecisionUDG object at 0x7fd18422a840>, <lambdaprecisionudggenerator.graph_generator.graphs.lambda_precision_udg.LambdaPrecisionUDG object at 0x7fd18422a7b0>, <lambdaprecisionudggenerator.graph_generator.graphs.lambda_precision_udg.LambdaPrecisionUDG object at 0x7fd184228050>, <lambdaprecisionudggenerator.graph_generator.graphs.lambda_precision_udg.LambdaPrecisionUDG object at 0x7fd1842280e0>, <lambdaprecisionudggenerator.graph_generator.graphs.lambda_precision_udg.LambdaPrecisionUDG object at 0x7fd184228170>], logger=<Logger lambdaprecisionudggenerator.graph_generator.seeds.seed (DEBUG)>), GeneratorSeed(node_number=40, min_distance=0.103515625, radius=0.24843749999999995, coverage_bound=(0.85, 0.9), avg_deg_bound=(5, 5.25), probability_connected=1.0, sample_size=10, graphs=[<lambdaprecisionudggenerator.graph_generator.graphs.lambda_precision_udg.LambdaPrecisionUDG object at 0x7fd18422ae70>, <lambdaprecisionudggenerator.graph_generator.graphs.lambda_precision_udg.LambdaPrecisionUDG object at 0x7fd18422af00>, <lambdaprecisionudggenerator.graph_generator.graphs.lambda_precision_udg.LambdaPrecisionUDG object at 0x7fd18422af90>, <lambdaprecisionudggenerator.graph_generator.graphs.lambda_precision_udg.LambdaPrecisionUDG object at 0x7fd194f1ff50>, <lambdaprecisionudggenerator.graph_generator.graphs.lambda_precision_udg.LambdaPrecisionUDG object at 0x7fd194f1fec0>, <lambdaprecisionudggenerator.graph_generator.graphs.lambda_precision_udg.LambdaPrecisionUDG object at 0x7fd194f1fe30>, <lambdaprecisionudggenerator.graph_generator.graphs.lambda_precision_udg.LambdaPrecisionUDG object at 0x7fd194f1fda0>, <lambdaprecisionudggenerator.graph_generator.graphs.lambda_precision_udg.LambdaPrecisionUDG object at 0x7fd194f1fd10>, <lambdaprecisionudggenerator.graph_generator.graphs.lambda_precision_udg.LambdaPrecisionUDG object at 0x7fd194f1fc80>, <lambdaprecisionudggenerator.graph_generator.graphs.lambda_precision_udg.LambdaPrecisionUDG object at 0x7fd194f1fbf0>], logger=<Logger lambdaprecisionudggenerator.graph_generator.seeds.seed (DEBUG)>)] = <lambdaprecisionudggenerator.graph_generator.seeds.database.GeneratorSeedDB object at 0x7fd1ba86d2b0>.seeds
E        +  and   30 = len([GeneratorSeed(node_number=20, min_distance=0.1484375, radius=0.375, coverage_bound=(0.85, 0.9), avg_deg_bound=(5, 5.25), probability_connected=0.9, sample_size=10, graphs=[<lambdaprecisionudggenerator.graph_generator.graphs.lambda_precision_udg.LambdaPrecisionUDG object at 0x7fd1841780e0>, <lambdaprecisionudggenerator.graph_generator.graphs.lambda_precision_udg.LambdaPrecisionUDG object at 0x7fd184178170>, <lambdaprecisionudggenerator.graph_generator.graphs.lambda_precision_udg.LambdaPrecisionUDG object at 0x7fd184178200>, <lambdaprecisionudggenerator.graph_generator.graphs.lambda_precision_udg.LambdaPrecisionUDG object at 0x7fd184178290>, <lambdaprecisionudggenerator.graph_generator.graphs.lambda_precision_udg.LambdaPrecisionUDG object at 0x7fd184178320>, <lambdaprecisionudggenerator.graph_generator.graphs.lambda_precision_udg.LambdaPrecisionUDG object at 0x7fd1841783b0>, <lambdaprecisionudggenerator.graph_generator.graphs.lambda_precision_udg.LambdaPrecisionUDG object at 0x7fd184178440>, <lambdaprecisionudggenerator.graph_generator.graphs.lambda_precision_udg.LambdaPrecisionUDG object at 0x7fd1841784d0>, <lambdaprecisionudggenerator.graph_generator.graphs.lambda_precision_udg.LambdaPrecisionUDG object at 0x7fd184178560>, <lambdaprecisionudggenerator.graph_generator.graphs.lambda_precision_udg.LambdaPrecisionUDG object at 0x7fd1841785f0>], logger=<Logger lambdaprecisionudggenerator.graph_generator.seeds.seed (DEBUG)>), GeneratorSeed(node_number=40, min_distance=0.103515625, radius=0.196875, coverage_bound=(0.85, 0.9), avg_deg_bound=(3, 3.25), probability_connected=0.3, sample_size=10, graphs=[<lambdaprecisionudggenerator.graph_generator.graphs.lambda_precision_udg.LambdaPrecisionUDG object at 0x7fd184178680>, <lambdaprecisionudggenerator.graph_generator.graphs.lambda_precision_udg.LambdaPrecisionUDG object at 0x7fd184178710>, <lambdaprecisionudggenerator.graph_generator.graphs.lambda_precision_udg.LambdaPrecisionUDG object at 0x7fd1841787a0>, <lambdaprecisionudggenerator.graph_generator.graphs.lambda_precision_udg.LambdaPrecisionUDG object at 0x7fd184178830>, <lambdaprecisionudggenerator.graph_generator.graphs.lambda_precision_udg.LambdaPrecisionUDG object at 0x7fd1841788c0>, <lambdaprecisionudggenerator.graph_generator.graphs.lambda_precision_udg.LambdaPrecisionUDG object at 0x7fd184178950>, <lambdaprecisionudggenerator.graph_generator.graphs.lambda_precision_udg.LambdaPrecisionUDG object at 0x7fd1841789e0>, <lambdaprecisionudggenerator.graph_generator.graphs.lambda_precision_udg.LambdaPrecisionUDG object at 0x7fd184178a70>, <lambdaprecisionudggenerator.graph_generator.graphs.lambda_precision_udg.LambdaPrecisionUDG object at 0x7fd184178b00>, <lambdaprecisionudggenerator.graph_generator.graphs.lambda_precision_udg.LambdaPrecisionUDG object at 0x7fd184178b90>], logger=<Logger lambdaprecisionudggenerator.graph_generator.seeds.seed (DEBUG)>), GeneratorSeed(node_number=20, min_distance=0.1484375, radius=0.3, coverage_bound=(0.85, 0.9), avg_deg_bound=(3, 3.25), probability_connected=0.5, sample_size=10, graphs=[<lambdaprecisionudggenerator.graph_generator.graphs.lambda_precision_udg.LambdaPrecisionUDG object at 0x7fd184178c20>, <lambdaprecisionudggenerator.graph_generator.graphs.lambda_precision_udg.LambdaPrecisionUDG object at 0x7fd184178cb0>, <lambdaprecisionudggenerator.graph_generator.graphs.lambda_precision_udg.LambdaPrecisionUDG object at 0x7fd184178d40>, <lambdaprecisionudggenerator.graph_generator.graphs.lambda_precision_udg.LambdaPrecisionUDG object at 0x7fd184178dd0>, <lambdaprecisionudggenerator.graph_generator.graphs.lambda_precision_udg.LambdaPrecisionUDG object at 0x7fd184178e60>, <lambdaprecisionudggenerator.graph_generator.graphs.lambda_precision_udg.LambdaPrecisionUDG object at 0x7fd184178ef0>, <lambdaprecisionudggenerator.graph_generator.graphs.lambda_precision_udg.LambdaPrecisionUDG object at 0x7fd184178f80>, <lambdaprecisionudggenerator.graph_generator.graphs.lambda_precision_udg.LambdaPrecisionUDG object at 0x7fd184179010>, <lambdaprecisionudggenerator.graph_generator.graphs.lambda_precision_udg.LambdaPrecisionUDG object at 0x7fd1841790a0>, <lambdaprecisionudggenerator.graph_generator.graphs.lambda_precision_udg.LambdaPrecisionUDG object at 0x7fd184179130>], logger=<Logger lambdaprecisionudggenerator.graph_generator.seeds.seed (DEBUG)>), GeneratorSeed(node_number=40, min_distance=0.10546875, radius=0.196875, coverage_bound=(0.85, 0.9), avg_deg_bound=(3, 3.25), probability_connected=0.7, sample_size=10, graphs=[<lambdaprecisionudggenerator.graph_generator.graphs.lambda_precision_udg.LambdaPrecisionUDG object at 0x7fd1841791c0>, <lambdaprecisionudggenerator.graph_generator.graphs.lambda_precision_udg.LambdaPrecisionUDG object at 0x7fd184179250>, <lambdaprecisionudggenerator.graph_generator.graphs.lambda_precision_udg.LambdaPrecisionUDG object at 0x7fd1841792e0>, <lambdaprecisionudggenerator.graph_generator.graphs.lambda_precision_udg.LambdaPrecisionUDG object at 0x7fd184179370>, <lambdaprecisionudggenerator.graph_generator.graphs.lambda_precision_udg.LambdaPrecisionUDG object at 0x7fd184179400>, <lambdaprecisionudggenerator.graph_generator.graphs.lambda_precision_udg.LambdaPrecisionUDG object at 0x7fd184179490>, <lambdaprecisionudggenerator.graph_generator.graphs.lambda_precision_udg.LambdaPrecisionUDG object at 0x7fd184179520>, <lambdaprecisionudggenerator.graph_generator.graphs.lambda_precision_udg.LambdaPrecisionUDG object at 0x7fd1841795b0>, <lambdaprecisionudggenerator.graph_generator.graphs.lambda_precision_udg.LambdaPrecisionUDG object at 0x7fd184179640>, <lambdaprecisionudggenerator.graph_generator.graphs.lambda_precision_udg.LambdaPrecisionUDG object at 0x7fd1841796d0>], logger=<Logger lambdaprecisionudggenerator.graph_generator.seeds.seed (DEBUG)>), GeneratorSeed(node_number=40, min_distance=0.1025390625, radius=0.196875, coverage_bound=(0.85, 0.9), avg_deg_bound=(3, 3.25), probability_connected=0.5, sample_size=10, graphs=[<lambdaprecisionudggenerator.graph_generator.graphs.lambda_precision_udg.LambdaPrecisionUDG object at 0x7fd184179760>, <lambdaprecisionudggenerator.graph_generator.graphs.lambda_precision_udg.LambdaPrecisionUDG object at 0x7fd1841797f0>, <lambdaprecisionudggenerator.graph_generator.graphs.lambda_precision_udg.LambdaPrecisionUDG object at 0x7fd184179880>, <lambdaprecisionudggenerator.graph_generator.graphs.lambda_precision_udg.LambdaPrecisionUDG object at 0x7fd184179910>, <lambdaprecisionudggenerator.graph_generator.graphs.lambda_precision_udg.LambdaPrecisionUDG object at 0x7fd1841799a0>, <lambdaprecisionudggenerator.graph_generator.graphs.lambda_precision_udg.LambdaPrecisionUDG object at 0x7fd184179a30>, <lambdaprecisionudggenerator.graph_generator.graphs.lambda_precision_udg.LambdaPrecisionUDG object at 0x7fd184179ac0>, <lambdaprecisionudggenerator.graph_generator.graphs.lambda_precision_udg.LambdaPrecisionUDG object at 0x7fd184179b50>, <lambdaprecisionudggenerator.graph_generator.graphs.lambda_precision_udg.LambdaPrecisionUDG object at 0x7fd184179be0>, <lambdaprecisionudggenerator.graph_generator.graphs.lambda_precision_udg.LambdaPrecisionUDG object at 0x7fd184179c70>], logger=<Logger lambdaprecisionudggenerator.graph_generator.seeds.seed (DEBUG)>), GeneratorSeed(node_number=40, min_distance=0.1025390625, radius=0.1921875, coverage_bound=(0.85, 0.9), avg_deg_bound=(3, 3.25), probability_connected=0.5, sample_size=10, graphs=[<lambdaprecisionudggenerator.graph_generator.graphs.lambda_precision_udg.LambdaPrecisionUDG object at 0x7fd184179d00>, <lambdaprecisionudggenerator.graph_generator.graphs.lambda_precision_udg.LambdaPrecisionUDG object at 0x7fd184179d90>, <lambdaprecisionudggenerator.graph_generator.graphs.lambda_precision_udg.LambdaPrecisionUDG object at 0x7fd184179e20>, <lambdaprecisionudggenerator.graph_generator.graphs.lambda_precision_udg.LambdaPrecisionUDG object at 0x7fd184179eb0>, <lambdaprecisionudggenerator.graph_generator.graphs.lambda_precision_udg.LambdaPrecisionUDG object at 0x7fd184179f40>, <lambdaprecisionudggenerator.graph_generator.graphs.lambda_precision_udg.LambdaPrecisionUDG object at 0x7fd184179fd0>, <lambdaprecisionudggenerator.graph_generator.graphs.lambda_precision_udg.LambdaPrecisionUDG object at 0x7fd18417a060>, <lambdaprecisionudggenerator.graph_generator.graphs.lambda_precision_udg.LambdaPrecisionUDG object at 0x7fd18417a0f0>, <lambdaprecisionudggenerator.graph_generator.graphs.lambda_precision_udg.LambdaPrecisionUDG object at 0x7fd18417a180>, <lambdaprecisionudggenerator.graph_generator.graphs.lambda_precision_udg.LambdaPrecisionUDG object at 0x7fd18417a210>], logger=<Logger lambdaprecisionudggenerator.graph_generator.seeds.seed (DEBUG)>), GeneratorSeed(node_number=40, min_distance=0.103515625, radius=0.196875, coverage_bound=(0.85, 0.9), avg_deg_bound=(3, 3.25), probability_connected=0.3, sample_size=10, graphs=[<lambdaprecisionudggenerator.graph_generator.graphs.lambda_precision_udg.LambdaPrecisionUDG object at 0x7fd18417a2a0>, <lambdaprecisionudggenerator.graph_generator.graphs.lambda_precision_udg.LambdaPrecisionUDG object at 0x7fd18417a330>, <lambdaprecisionudggenerator.graph_generator.graphs.lambda_precision_udg.LambdaPrecisionUDG object at 0x7fd18417a3c0>, <lambdaprecisionudggenerator.graph_generator.graphs.lambda_precision_udg.LambdaPrecisionUDG object at 0x7fd18417a450>, <lambdaprecisionudggenerator.graph_generator.graphs.lambda_precision_udg.LambdaPrecisionUDG object at 0x7fd18417a4e0>, <lambdaprecisionudggenerator.graph_generator.graphs.lambda_precision_udg.LambdaPrecisionUDG object at 0x7fd18417a570>, <lambdaprecisionudggenerator.graph_generator.graphs.lambda_precision_udg.LambdaPrecisionUDG object at 0x7fd18417a600>, <lambdaprecisionudggenerator.graph_generator.graphs.lambda_precision_udg.LambdaPrecisionUDG object at 0x7fd18417a690>, <lambdaprecisionudggenerator.graph_generator.graphs.lambda_precision_udg.LambdaPrecisionUDG object at 0x7fd18417a720>, <lambdaprecisionudggenerator.graph_generator.graphs.lambda_precision_udg.LambdaPrecisionUDG object at 0x7fd18417a7b0>], logger=<Logger lambdaprecisionudggenerator.graph_generator.seeds.seed (DEBUG)>), GeneratorSeed(node_number=40, min_distance=0.1025390625, radius=0.24843749999999995, coverage_bound=(0.85, 0.9), avg_deg_bound=(5, 5.25), probability_connected=0.9, sample_size=10, graphs=[<lambdaprecisionudggenerator.graph_generator.graphs.lambda_precision_udg.LambdaPrecisionUDG object at 0x7fd18417a840>, <lambdaprecisionudggenerator.graph_generator.graphs.lambda_precision_udg.LambdaPrecisionUDG object at 0x7fd18417a8d0>, <lambdaprecisionudggenerator.graph_generator.graphs.lambda_precision_udg.LambdaPrecisionUDG object at 0x7fd18417a960>, <lambdaprecisionudggenerator.graph_generator.graphs.lambda_precision_udg.LambdaPrecisionUDG object at 0x7fd18417a9f0>, <lambdaprecisionudggenerator.graph_generator.graphs.lambda_precision_udg.LambdaPrecisionUDG object at 0x7fd18417aa80>, <lambdaprecisionudggenerator.graph_generator.graphs.lambda_precision_udg.LambdaPrecisionUDG object at 0x7fd18417ab10>, <lambdaprecisionudggenerator.graph_generator.graphs.lambda_precision_udg.LambdaPrecisionUDG object at 0x7fd18417aba0>, <lambdaprecisionudggenerator.graph_generator.graphs.lambda_precision_udg.LambdaPrecisionUDG object at 0x7fd18417ac30>, <lambdaprecisionudggenerator.graph_generator.graphs.lambda_precision_udg.LambdaPrecisionUDG object at 0x7fd18417acc0>, <lambdaprecisionudggenerator.graph_generator.graphs.lambda_precision_udg.LambdaPrecisionUDG object at 0x7fd18417ad50>], logger=<Logger lambdaprecisionudggenerator.graph_generator.seeds.seed (DEBUG)>), GeneratorSeed(node_number=20, min_distance=0.1484375, radius=0.3328125, coverage_bound=(0.85, 0.9), avg_deg_bound=(4, 4.25), probability_connected=0.9, sample_size=10, graphs=[<lambdaprecisionudggenerator.graph_generator.graphs.lambda_precision_udg.LambdaPrecisionUDG object at 0x7fd18417ade0>, <lambdaprecisionudggenerator.graph_generator.graphs.lambda_precision_udg.LambdaPrecisionUDG object at 0x7fd18417ae70>, <lambdaprecisionudggenerator.graph_generator.graphs.lambda_precision_udg.LambdaPrecisionUDG object at 0x7fd18417af00>, <lambdaprecisionudggenerator.graph_generator.graphs.lambda_precision_udg.LambdaPrecisionUDG object at 0x7fd18417af90>, <lambdaprecisionudggenerator.graph_generator.graphs.lambda_precision_udg.LambdaPrecisionUDG object at 0x7fd18417b020>, <lambdaprecisionudggenerator.graph_generator.graphs.lambda_precision_udg.LambdaPrecisionUDG object at 0x7fd18417b0b0>, <lambdaprecisionudggenerator.graph_generator.graphs.lambda_precision_udg.LambdaPrecisionUDG object at 0x7fd18417b140>, <lambdaprecisionudggenerator.graph_generator.graphs.lambda_precision_udg.LambdaPrecisionUDG object at 0x7fd18417b1d0>, <lambdaprecisionudggenerator.graph_generator.graphs.lambda_precision_udg.LambdaPrecisionUDG object at 0x7fd18417b260>, <lambdaprecisionudggenerator.graph_generator.graphs.lambda_precision_udg.LambdaPrecisionUDG object at 0x7fd18417b2f0>], logger=<Logger lambdaprecisionudggenerator.graph_generator.seeds.seed (DEBUG)>), GeneratorSeed(node_number=20, min_distance=0.1484375, radius=0.3375, coverage_bound=(0.85, 0.9), avg_deg_bound=(4, 4.25), probability_connected=1.0, sample_size=10, graphs=[<lambdaprecisionudggenerator.graph_generator.graphs.lambda_precision_udg.LambdaPrecisionUDG object at 0x7fd18417b380>, <lambdaprecisionudggenerator.graph_generator.graphs.lambda_precision_udg.LambdaPrecisionUDG object at 0x7fd18417b410>, <lambdaprecisionudggenerator.graph_generator.graphs.lambda_precision_udg.LambdaPrecisionUDG object at 0x7fd18417b4a0>, <lambdaprecisionudggenerator.graph_generator.graphs.lambda_precision_udg.LambdaPrecisionUDG object at 0x7fd18417b530>, <lambdaprecisionudggenerator.graph_generator.graphs.lambda_precision_udg.LambdaPrecisionUDG object at 0x7fd18417b5c0>, <lambdaprecisionudggenerator.graph_generator.graphs.lambda_precision_udg.LambdaPrecisionUDG object at 0x7fd18417b650>, <lambdaprecisionudggenerator.graph_generator.graphs.lambda_precision_udg.LambdaPrecisionUDG object at 0x7fd18417b6e0>, <lambdaprecisionudggenerator.graph_generator.graphs.lambda_precision_udg.LambdaPrecisionUDG object at 0x7fd18417b770>, <lambdaprecisionudggenerator.graph_generator.graphs.lambda_precision_udg.LambdaPrecisionUDG object at 0x7fd18417b800>, <lambdaprecisionudggenerator.graph_generator.graphs.lambda_precision_udg.LambdaPrecisionUDG object at 0x7fd18417b890>], logger=<Logger lambdaprecisionudggenerator.graph_generator.seeds.seed (DEBUG)>), GeneratorSeed(node_number=20, min_distance=0.150390625, radius=0.384375, coverage_bound=(0.85, 0.9), avg_deg_bound=(5, 5.25), probability_connected=1.0, sample_size=10, graphs=[<lambdaprecisionudggenerator.graph_generator.graphs.lambda_precision_udg.LambdaPrecisionUDG object at 0x7fd18417b920>, <lambdaprecisionudggenerator.graph_generator.graphs.lambda_precision_udg.LambdaPrecisionUDG object at 0x7fd18417b9b0>, <lambdaprecisionudggenerator.graph_generator.graphs.lambda_precision_udg.LambdaPrecisionUDG object at 0x7fd18417ba40>, <lambdaprecisionudggenerator.graph_generator.graphs.lambda_precision_udg.LambdaPrecisionUDG object at 0x7fd18417bad0>, <lambdaprecisionudggenerator.graph_generator.graphs.lambda_precision_udg.LambdaPrecisionUDG object at 0x7fd18417bb60>, <lambdaprecisionudggenerator.graph_generator.graphs.lambda_precision_udg.LambdaPrecisionUDG object at 0x7fd18417bbf0>, <lambdaprecisionudggenerator.graph_generator.graphs.lambda_precision_udg.LambdaPrecisionUDG object at 0x7fd18417bc80>, <lambdaprecisionudggenerator.graph_generator.graphs.lambda_precision_udg.LambdaPrecisionUDG object at 0x7fd18417bd10>, <lambdaprecisionudggenerator.graph_generator.graphs.lambda_precision_udg.LambdaPrecisionUDG object at 0x7fd18417bda0>, <lambdaprecisionudggenerator.graph_generator.graphs.lambda_precision_udg.LambdaPrecisionUDG object at 0x7fd18417be30>], logger=<Logger lambdaprecisionudggenerator.graph_generator.seeds.seed (DEBUG)>), GeneratorSeed(node_number=40, min_distance=0.1025390625, radius=0.24374999999999997, coverage_bound=(0.85, 0.9), avg_deg_bound=(5, 5.25), probability_connected=1.0, sample_size=10, graphs=[<lambdaprecisionudggenerator.graph_generator.graphs.lambda_precision_udg.LambdaPrecisionUDG object at 0x7fd18422ade0>, <lambdaprecisionudggenerator.graph_generator.graphs.lambda_precision_udg.LambdaPrecisionUDG object at 0x7fd18422ad50>, <lambdaprecisionudggenerator.graph_generator.graphs.lambda_precision_udg.LambdaPrecisionUDG object at 0x7fd18422acc0>, <lambdaprecisionudggenerator.graph_generator.graphs.lambda_precision_udg.LambdaPrecisionUDG object at 0x7fd18422ac30>, <lambdaprecisionudggenerator.graph_generator.graphs.lambda_precision_udg.LambdaPrecisionUDG object at 0x7fd18422aba0>, <lambdaprecisionudggenerator.graph_generator.graphs.lambda_precision_udg.LambdaPrecisionUDG object at 0x7fd184228200>, <lambdaprecisionudggenerator.graph_generator.graphs.lambda_precision_udg.LambdaPrecisionUDG object at 0x7fd184228290>, <lambdaprecisionudggenerator.graph_generator.graphs.lambda_precision_udg.LambdaPrecisionUDG object at 0x7fd184228320>, <lambdaprecisionudggenerator.graph_generator.graphs.lambda_precision_udg.LambdaPrecisionUDG object at 0x7fd1842283b0>, <lambdaprecisionudggenerator.graph_generator.graphs.lambda_precision_udg.LambdaPrecisionUDG object at 0x7fd184228440>], logger=<Logger lambdaprecisionudggenerator.graph_generator.seeds.seed (DEBUG)>), GeneratorSeed(node_number=20, min_distance=0.1484375, radius=0.290625, coverage_bound=(0.85, 0.9), avg_deg_bound=(3, 3.25), probability_connected=0.4, sample_size=10, graphs=[<lambdaprecisionudggenerator.graph_generator.graphs.lambda_precision_udg.LambdaPrecisionUDG object at 0x7fd1842284d0>, <lambdaprecisionudggenerator.graph_generator.graphs.lambda_precision_udg.LambdaPrecisionUDG object at 0x7fd184228560>, <lambdaprecisionudggenerator.graph_generator.graphs.lambda_precision_udg.LambdaPrecisionUDG object at 0x7fd1842285f0>, <lambdaprecisionudggenerator.graph_generator.graphs.lambda_precision_udg.LambdaPrecisionUDG object at 0x7fd184228680>, <lambdaprecisionudggenerator.graph_generator.graphs.lambda_precision_udg.LambdaPrecisionUDG object at 0x7fd184228710>, <lambdaprecisionudggenerator.graph_generator.graphs.lambda_precision_udg.LambdaPrecisionUDG object at 0x7fd1842287a0>, <lambdaprecisionudggenerator.graph_generator.graphs.lambda_precision_udg.LambdaPrecisionUDG object at 0x7fd184228830>, <lambdaprecisionudggenerator.graph_generator.graphs.lambda_precision_udg.LambdaPrecisionUDG object at 0x7fd1842290a0>, <lambdaprecisionudggenerator.graph_generator.graphs.lambda_precision_udg.LambdaPrecisionUDG object at 0x7fd184228a70>, <lambdaprecisionudggenerator.graph_generator.graphs.lambda_precision_udg.LambdaPrecisionUDG object at 0x7fd184229880>], logger=<Logger lambdaprecisionudggenerator.graph_generator.seeds.seed (DEBUG)>), GeneratorSeed(node_number=20, min_distance=0.1484375, radius=0.3, coverage_bound=(0.85, 0.9), avg_deg_bound=(3, 3.25), probability_connected=0.8, sample_size=10, graphs=[<lambdaprecisionudggenerator.graph_generator.graphs.lambda_precision_udg.LambdaPrecisionUDG object at 0x7fd184229910>, <lambdaprecisionudggenerator.graph_generator.graphs.lambda_precision_udg.LambdaPrecisionUDG object at 0x7fd1842299a0>, <lambdaprecisionudggenerator.graph_generator.graphs.lambda_precision_udg.LambdaPrecisionUDG object at 0x7fd184229a30>, <lambdaprecisionudggenerator.graph_generator.graphs.lambda_precision_udg.LambdaPrecisionUDG object at 0x7fd184229130>, <lambdaprecisionudggenerator.graph_generator.graphs.lambda_precision_udg.LambdaPrecisionUDG object at 0x7fd1842289e0>, <lambdaprecisionudggenerator.graph_generator.graphs.lambda_precision_udg.LambdaPrecisionUDG object at 0x7fd18417bec0>, <lambdaprecisionudggenerator.graph_generator.graphs.lambda_precision_udg.LambdaPrecisionUDG object at 0x7fd18417bf50>, <lambdaprecisionudggenerator.graph_generator.graphs.lambda_precision_udg.LambdaPrecisionUDG object at 0x7fd184464050>, <lambdaprecisionudggenerator.graph_generator.graphs.lambda_precision_udg.LambdaPrecisionUDG object at 0x7fd1844640e0>, <lambdaprecisionudggenerator.graph_generator.graphs.lambda_precision_udg.LambdaPrecisionUDG object at 0x7fd184464170>], logger=<Logger lambdaprecisionudggenerator.graph_generator.seeds.seed (DEBUG)>), GeneratorSeed(node_number=20, min_distance=0.150390625, radius=0.290625, coverage_bound=(0.85, 0.9), avg_deg_bound=(3, 3.25), probability_connected=0.9, sample_size=10, graphs=[<lambdaprecisionudggenerator.graph_generator.graphs.lambda_precision_udg.LambdaPrecisionUDG object at 0x7fd184464200>, <lambdaprecisionudggenerator.graph_generator.graphs.lambda_precision_udg.LambdaPrecisionUDG object at 0x7fd184464290>, <lambdaprecisionudggenerator.graph_generator.graphs.lambda_precision_udg.LambdaPrecisionUDG object at 0x7fd184464320>, <lambdaprecisionudggenerator.graph_generator.graphs.lambda_precision_udg.LambdaPrecisionUDG object at 0x7fd1844643b0>, <lambdaprecisionudggenerator.graph_generator.graphs.lambda_precision_udg.LambdaPrecisionUDG object at 0x7fd184464440>, <lambdaprecisionudggenerator.graph_generator.graphs.lambda_precision_udg.LambdaPrecisionUDG object at 0x7fd1844644d0>, <lambdaprecisionudggenerator.graph_generator.graphs.lambda_precision_udg.LambdaPrecisionUDG object at 0x7fd184464560>, <lambdaprecisionudggenerator.graph_generator.graphs.lambda_precision_udg.LambdaPrecisionUDG object at 0x7fd1844645f0>, <lambdaprecisionudggenerator.graph_generator.graphs.lambda_precision_udg.LambdaPrecisionUDG object at 0x7fd184464680>, <lambdaprecisionudggenerator.graph_generator.graphs.lambda_precision_udg.LambdaPrecisionUDG object at 0x7fd184464710>], logger=<Logger lambdaprecisionudggenerator.graph_generator.seeds.seed (DEBUG)>), GeneratorSeed(node_number=40, min_distance=0.103515625, radius=0.24843749999999995, coverage_bound=(0.85, 0.9), avg_deg_bound=(5, 5.25), probability_connected=0.9, sample_size=10, graphs=[<lambdaprecisionudggenerator.graph_generator.graphs.lambda_precision_udg.LambdaPrecisionUDG object at 0x7fd1844647a0>, <lambdaprecisionudggenerator.graph_generator.graphs.lambda_precision_udg.LambdaPrecisionUDG object at 0x7fd184464830>, <lambdaprecisionudggenerator.graph_generator.graphs.lambda_precision_udg.LambdaPrecisionUDG object at 0x7fd1844648c0>, <lambdaprecisionudggenerator.graph_generator.graphs.lambda_precision_udg.LambdaPrecisionUDG object at 0x7fd184464950>, <lambdaprecisionudggenerator.graph_generator.graphs.lambda_precision_udg.LambdaPrecisionUDG object at 0x7fd1844649e0>, <lambdaprecisionudggenerator.graph_generator.graphs.lambda_precision_udg.LambdaPrecisionUDG object at 0x7fd184464a70>, <lambdaprecisionudggenerator.graph_generator.graphs.lambda_precision_udg.LambdaPrecisionUDG object at 0x7fd184464b00>, <lambdaprecisionudggenerator.graph_generator.graphs.lambda_precision_udg.LambdaPrecisionUDG object at 0x7fd184464b90>, <lambdaprecisionudggenerator.graph_generator.graphs.lambda_precision_udg.LambdaPrecisionUDG object at 0x7fd184464c20>, <lambdaprecisionudggenerator.graph_generator.graphs.lambda_precision_udg.LambdaPrecisionUDG object at 0x7fd184464cb0>], logger=<Logger lambdaprecisionudggenerator.graph_generator.seeds.seed (DEBUG)>), GeneratorSeed(node_number=40, min_distance=0.1025390625, radius=0.22031249999999997, coverage_bound=(0.85, 0.9), avg_deg_bound=(4, 4.25), probability_connected=0.9, sample_size=10, graphs=[<lambdaprecisionudggenerator.graph_generator.graphs.lambda_precision_udg.LambdaPrecisionUDG object at 0x7fd184464d40>, <lambdaprecisionudggenerator.graph_generator.graphs.lambda_precision_udg.LambdaPrecisionUDG object at 0x7fd184464dd0>, <lambdaprecisionudggenerator.graph_generator.graphs.lambda_precision_udg.LambdaPrecisionUDG object at 0x7fd184464e60>, <lambdaprecisionudggenerator.graph_generator.graphs.lambda_precision_udg.LambdaPrecisionUDG object at 0x7fd184464ef0>, <lambdaprecisionudggenerator.graph_generator.graphs.lambda_precision_udg.LambdaPrecisionUDG object at 0x7fd184464f80>, <lambdaprecisionudggenerator.graph_generator.graphs.lambda_precision_udg.LambdaPrecisionUDG object at 0x7fd184465010>, <lambdaprecisionudggenerator.graph_generator.graphs.lambda_precision_udg.LambdaPrecisionUDG object at 0x7fd1844650a0>, <lambdaprecisionudggenerator.graph_generator.graphs.lambda_precision_udg.LambdaPrecisionUDG object at 0x7fd184465130>, <lambdaprecisionudggenerator.graph_generator.graphs.lambda_precision_udg.LambdaPrecisionUDG object at 0x7fd1844651c0>, <lambdaprecisionudggenerator.graph_generator.graphs.lambda_precision_udg.LambdaPrecisionUDG object at 0x7fd184465250>], logger=<Logger lambdaprecisionudggenerator.graph_generator.seeds.seed (DEBUG)>), GeneratorSeed(node_number=20, min_distance=0.1484375, radius=0.384375, coverage_bound=(0.85, 0.9), avg_deg_bound=(5, 5.25), probability_connected=1.0, sample_size=10, graphs=[<lambdaprecisionudggenerator.graph_generator.graphs.lambda_precision_udg.LambdaPrecisionUDG object at 0x7fd1844652e0>, <lambdaprecisionudggenerator.graph_generator.graphs.lambda_precision_udg.LambdaPrecisionUDG object at 0x7fd184465370>, <lambdaprecisionudggenerator.graph_generator.graphs.lambda_precision_udg.LambdaPrecisionUDG object at 0x7fd184465400>, <lambdaprecisionudggenerator.graph_generator.graphs.lambda_precision_udg.LambdaPrecisionUDG object at 0x7fd184465490>, <lambdaprecisionudggenerator.graph_generator.graphs.lambda_precision_udg.LambdaPrecisionUDG object at 0x7fd184465520>, <lambdaprecisionudggenerator.graph_generator.graphs.lambda_precision_udg.LambdaPrecisionUDG object at 0x7fd1844655b0>, <lambdaprecisionudggenerator.graph_generator.graphs.lambda_precision_udg.LambdaPrecisionUDG object at 0x7fd184465640>, <lambdaprecisionudggenerator.graph_generator.graphs.lambda_precision_udg.LambdaPrecisionUDG object at 0x7fd1844656d0>, <lambdaprecisionudggenerator.graph_generator.graphs.lambda_precision_udg.LambdaPrecisionUDG object at 0x7fd184465760>, <lambdaprecisionudggenerator.graph_generator.graphs.lambda_precision_udg.LambdaPrecisionUDG object at 0x7fd1844657f0>], logger=<Logger lambdaprecisionudggenerator.graph_generator.seeds.seed (DEBUG)>), GeneratorSeed(node_number=20, min_distance=0.150390625, radius=0.375, coverage_bound=(0.85, 0.9), avg_deg_bound=(5, 5.25), probability_connected=1.0, sample_size=10, graphs=[<lambdaprecisionudggenerator.graph_generator.graphs.lambda_precision_udg.LambdaPrecisionUDG object at 0x7fd184465880>, <lambdaprecisionudggenerator.graph_generator.graphs.lambda_precision_udg.LambdaPrecisionUDG object at 0x7fd184465910>, <lambdaprecisionudggenerator.graph_generator.graphs.lambda_precision_udg.LambdaPrecisionUDG object at 0x7fd1844659a0>, <lambdaprecisionudggenerator.graph_generator.graphs.lambda_precision_udg.LambdaPrecisionUDG object at 0x7fd184465a30>, <lambdaprecisionudggenerator.graph_generator.graphs.lambda_precision_udg.LambdaPrecisionUDG object at 0x7fd184465ac0>, <lambdaprecisionudggenerator.graph_generator.graphs.lambda_precision_udg.LambdaPrecisionUDG object at 0x7fd184465b50>, <lambdaprecisionudggenerator.graph_generator.graphs.lambda_precision_udg.LambdaPrecisionUDG object at 0x7fd184465be0>, <lambdaprecisionudggenerator.graph_generator.graphs.lambda_precision_udg.LambdaPrecisionUDG object at 0x7fd184465c70>, <lambdaprecisionudggenerator.graph_generator.graphs.lambda_precision_udg.LambdaPrecisionUDG object at 0x7fd184465d00>, <lambdaprecisionudggenerator.graph_generator.graphs.lambda_precision_udg.LambdaPrecisionUDG object at 0x7fd184465d90>], logger=<Logger lambdaprecisionudggenerator.graph_generator.seeds.seed (DEBUG)>), GeneratorSeed(node_number=20, min_distance=0.150390625, radius=0.3375, coverage_bound=(0.85, 0.9), avg_deg_bound=(4, 4.25), probability_connected=1.0, sample_size=10, graphs=[<lambdaprecisionudggenerator.graph_generator.graphs.lambda_precision_udg.LambdaPrecisionUDG object at 0x7fd184465e20>, <lambdaprecisionudggenerator.graph_generator.graphs.lambda_precision_udg.LambdaPrecisionUDG object at 0x7fd184465eb0>, <lambdaprecisionudggenerator.graph_generator.graphs.lambda_precision_udg.LambdaPrecisionUDG object at 0x7fd184465f40>, <lambdaprecisionudggenerator.graph_generator.graphs.lambda_precision_udg.LambdaPrecisionUDG object at 0x7fd184465fd0>, <lambdaprecisionudggenerator.graph_generator.graphs.lambda_precision_udg.LambdaPrecisionUDG object at 0x7fd184466060>, <lambdaprecisionudggenerator.graph_generator.graphs.lambda_precision_udg.LambdaPrecisionUDG object at 0x7fd1844660f0>, <lambdaprecisionudggenerator.graph_generator.graphs.lambda_precision_udg.LambdaPrecisionUDG object at 0x7fd184466180>, <lambdaprecisionudggenerator.graph_generator.graphs.lambda_precision_udg.LambdaPrecisionUDG object at 0x7fd184466210>, <lambdaprecisionudggenerator.graph_generator.graphs.lambda_precision_udg.LambdaPrecisionUDG object at 0x7fd1844662a0>, <lambdaprecisionudggenerator.graph_generator.graphs.lambda_precision_udg.LambdaPrecisionUDG object at 0x7fd184466330>], logger=<Logger lambdaprecisionudggenerator.graph_generator.seeds.seed (DEBUG)>), GeneratorSeed(node_number=40, min_distance=0.1025390625, radius=0.22265624999999997, coverage_bound=(0.85, 0.9), avg_deg_bound=(4, 4.25), probability_connected=0.7, sample_size=10, graphs=[<lambdaprecisionudggenerator.graph_generator.graphs.lambda_precision_udg.LambdaPrecisionUDG object at 0x7fd1844663c0>, <lambdaprecisionudggenerator.graph_generator.graphs.lambda_precision_udg.LambdaPrecisionUDG object at 0x7fd184466450>, <lambdaprecisionudggenerator.graph_generator.graphs.lambda_precision_udg.LambdaPrecisionUDG object at 0x7fd1844664e0>, <lambdaprecisionudggenerator.graph_generator.graphs.lambda_precision_udg.LambdaPrecisionUDG object at 0x7fd184466570>, <lambdaprecisionudggenerator.graph_generator.graphs.lambda_precision_udg.LambdaPrecisionUDG object at 0x7fd184466600>, <lambdaprecisionudggenerator.graph_generator.graphs.lambda_precision_udg.LambdaPrecisionUDG object at 0x7fd184466690>, <lambdaprecisionudggenerator.graph_generator.graphs.lambda_precision_udg.LambdaPrecisionUDG object at 0x7fd184466720>, <lambdaprecisionudggenerator.graph_generator.graphs.lambda_precision_udg.LambdaPrecisionUDG object at 0x7fd1844667b0>, <lambdaprecisionudggenerator.graph_generator.graphs.lambda_precision_udg.LambdaPrecisionUDG object at 0x7fd184466840>, <lambdaprecisionudggenerator.graph_generator.graphs.lambda_precision_udg.LambdaPrecisionUDG object at 0x7fd1844668d0>], logger=<Logger lambdaprecisionudggenerator.graph_generator.seeds.seed (DEBUG)>), GeneratorSeed(node_number=20, min_distance=0.1484375, radius=0.3375, coverage_bound=(0.85, 0.9), avg_deg_bound=(4, 4.25), probability_connected=0.8, sample_size=10, graphs=[<lambdaprecisionudggenerator.graph_generator.graphs.lambda_precision_udg.LambdaPrecisionUDG object at 0x7fd184466960>, <lambdaprecisionudggenerator.graph_generator.graphs.lambda_precision_udg.LambdaPrecisionUDG object at 0x7fd1844669f0>, <lambdaprecisionudggenerator.graph_generator.graphs.lambda_precision_udg.LambdaPrecisionUDG object at 0x7fd184466a80>, <lambdaprecisionudggenerator.graph_generator.graphs.lambda_precision_udg.LambdaPrecisionUDG object at 0x7fd184466b10>, <lambdaprecisionudggenerator.graph_generator.graphs.lambda_precision_udg.LambdaPrecisionUDG object at 0x7fd184466ba0>, <lambdaprecisionudggenerator.graph_generator.graphs.lambda_precision_udg.LambdaPrecisionUDG object at 0x7fd184466c30>, <lambdaprecisionudggenerator.graph_generator.graphs.lambda_precision_udg.LambdaPrecisionUDG object at 0x7fd184466cc0>, <lambdaprecisionudggenerator.graph_generator.graphs.lambda_precision_udg.LambdaPrecisionUDG object at 0x7fd184466d50>, <lambdaprecisionudggenerator.graph_generator.graphs.lambda_precision_udg.LambdaPrecisionUDG object at 0x7fd184466de0>, <lambdaprecisionudggenerator.graph_generator.graphs.lambda_precision_udg.LambdaPrecisionUDG object at 0x7fd184466e70>], logger=<Logger lambdaprecisionudggenerator.graph_generator.seeds.seed (DEBUG)>), GeneratorSeed(node_number=20, min_distance=0.150390625, radius=0.2953125, coverage_bound=(0.85, 0.9), avg_deg_bound=(3, 3.25), probability_connected=0.7, sample_size=10, graphs=[<lambdaprecisionudggenerator.graph_generator.graphs.lambda_precision_udg.LambdaPrecisionUDG object at 0x7fd184466f00>, <lambdaprecisionudggenerator.graph_generator.graphs.lambda_precision_udg.LambdaPrecisionUDG object at 0x7fd184466f90>, <lambdaprecisionudggenerator.graph_generator.graphs.lambda_precision_udg.LambdaPrecisionUDG object at 0x7fd184467020>, <lambdaprecisionudggenerator.graph_generator.graphs.lambda_precision_udg.LambdaPrecisionUDG object at 0x7fd1844670b0>, <lambdaprecisionudggenerator.graph_generator.graphs.lambda_precision_udg.LambdaPrecisionUDG object at 0x7fd184467140>, <lambdaprecisionudggenerator.graph_generator.graphs.lambda_precision_udg.LambdaPrecisionUDG object at 0x7fd1844671d0>, <lambdaprecisionudggenerator.graph_generator.graphs.lambda_precision_udg.LambdaPrecisionUDG object at 0x7fd184467260>, <lambdaprecisionudggenerator.graph_generator.graphs.lambda_precision_udg.LambdaPrecisionUDG object at 0x7fd1844672f0>, <lambdaprecisionudggenerator.graph_generator.graphs.lambda_precision_udg.LambdaPrecisionUDG object at 0x7fd184467380>, <lambdaprecisionudggenerator.graph_generator.graphs.lambda_precision_udg.LambdaPrecisionUDG object at 0x7fd184467410>], logger=<Logger lambdaprecisionudggenerator.graph_generator.seeds.seed (DEBUG)>), GeneratorSeed(node_number=40, min_distance=0.103515625, radius=0.22499999999999998, coverage_bound=(0.85, 0.9), avg_deg_bound=(4, 4.25), probability_connected=1.0, sample_size=10, graphs=[<lambdaprecisionudggenerator.graph_generator.graphs.lambda_precision_udg.LambdaPrecisionUDG object at 0x7fd1844674a0>, <lambdaprecisionudggenerator.graph_generator.graphs.lambda_precision_udg.LambdaPrecisionUDG object at 0x7fd184467530>, <lambdaprecisionudggenerator.graph_generator.graphs.lambda_precision_udg.LambdaPrecisionUDG object at 0x7fd1844675c0>, <lambdaprecisionudggenerator.graph_generator.graphs.lambda_precision_udg.LambdaPrecisionUDG object at 0x7fd184467650>, <lambdaprecisionudggenerator.graph_generator.graphs.lambda_precision_udg.LambdaPrecisionUDG object at 0x7fd1844676e0>, <lambdaprecisionudggenerator.graph_generator.graphs.lambda_precision_udg.LambdaPrecisionUDG object at 0x7fd184467770>, <lambdaprecisionudggenerator.graph_generator.graphs.lambda_precision_udg.LambdaPrecisionUDG object at 0x7fd184467800>, <lambdaprecisionudggenerator.graph_generator.graphs.lambda_precision_udg.LambdaPrecisionUDG object at 0x7fd184467890>, <lambdaprecisionudggenerator.graph_generator.graphs.lambda_precision_udg.LambdaPrecisionUDG object at 0x7fd184467920>, <lambdaprecisionudggenerator.graph_generator.graphs.lambda_precision_udg.LambdaPrecisionUDG object at 0x7fd1844679b0>], logger=<Logger lambdaprecisionudggenerator.graph_generator.seeds.seed (DEBUG)>), GeneratorSeed(node_number=40, min_distance=0.103515625, radius=0.24843749999999995, coverage_bound=(0.85, 0.9), avg_deg_bound=(5, 5.25), probability_connected=1.0, sample_size=10, graphs=[<lambdaprecisionudggenerator.graph_generator.graphs.lambda_precision_udg.LambdaPrecisionUDG object at 0x7fd184467a40>, <lambdaprecisionudggenerator.graph_generator.graphs.lambda_precision_udg.LambdaPrecisionUDG object at 0x7fd184467ad0>, <lambdaprecisionudggenerator.graph_generator.graphs.lambda_precision_udg.LambdaPrecisionUDG object at 0x7fd184467b60>, <lambdaprecisionudggenerator.graph_generator.graphs.lambda_precision_udg.LambdaPrecisionUDG object at 0x7fd184467bf0>, <lambdaprecisionudggenerator.graph_generator.graphs.lambda_precision_udg.LambdaPrecisionUDG object at 0x7fd184467c80>, <lambdaprecisionudggenerator.graph_generator.graphs.lambda_precision_udg.LambdaPrecisionUDG object at 0x7fd184467d10>, <lambdaprecisionudggenerator.graph_generator.graphs.lambda_precision_udg.LambdaPrecisionUDG object at 0x7fd184467da0>, <lambdaprecisionudggenerator.graph_generator.graphs.lambda_precision_udg.LambdaPrecisionUDG object at 0x7fd184467e30>, <lambdaprecisionudggenerator.graph_generator.graphs.lambda_precision_udg.LambdaPrecisionUDG object at 0x7fd184467ec0>, <lambdaprecisionudggenerator.graph_generator.graphs.lambda_precision_udg.LambdaPrecisionUDG object at 0x7fd184467f50>], logger=<Logger lambdaprecisionudggenerator.graph_generator.seeds.seed (DEBUG)>), GeneratorSeed(node_number=40, min_distance=0.10546875, radius=0.22499999999999998, coverage_bound=(0.85, 0.9), avg_deg_bound=(4, 4.25), probability_connected=0.9, sample_size=10, graphs=[<lambdaprecisionudggenerator.graph_generator.graphs.lambda_precision_udg.LambdaPrecisionUDG object at 0x7fd168be8050>, <lambdaprecisionudggenerator.graph_generator.graphs.lambda_precision_udg.LambdaPrecisionUDG object at 0x7fd168be80e0>, <lambdaprecisionudggenerator.graph_generator.graphs.lambda_precision_udg.LambdaPrecisionUDG object at 0x7fd168be8170>, <lambdaprecisionudggenerator.graph_generator.graphs.lambda_precision_udg.LambdaPrecisionUDG object at 0x7fd168be8200>, <lambdaprecisionudggenerator.graph_generator.graphs.lambda_precision_udg.LambdaPrecisionUDG object at 0x7fd168be8290>, <lambdaprecisionudggenerator.graph_generator.graphs.lambda_precision_udg.LambdaPrecisionUDG object at 0x7fd168be8320>, <lambdaprecisionudggenerator.graph_generator.graphs.lambda_precision_udg.LambdaPrecisionUDG object at 0x7fd168be83b0>, <lambdaprecisionudggenerator.graph_generator.graphs.lambda_precision_udg.LambdaPrecisionUDG object at 0x7fd168be8440>, <lambdaprecisionudggenerator.graph_generator.graphs.lambda_precision_udg.LambdaPrecisionUDG object at 0x7fd168be84d0>, <lambdaprecisionudggenerator.graph_generator.graphs.lambda_precision_udg.LambdaPrecisionUDG object at 0x7fd168be8560>], logger=<Logger lambdaprecisionudggenerator.graph_generator.seeds.seed (DEBUG)>), GeneratorSeed(node_number=40, min_distance=0.103515625, radius=0.22499999999999998, coverage_bound=(0.85, 0.9), avg_deg_bound=(4, 4.25), probability_connected=0.9, sample_size=10, graphs=[<lambdaprecisionudggenerator.graph_generator.graphs.lambda_precision_udg.LambdaPrecisionUDG object at 0x7fd168be85f0>, <lambdaprecisionudggenerator.graph_generator.graphs.lambda_precision_udg.LambdaPrecisionUDG object at 0x7fd168be8680>, <lambdaprecisionudggenerator.graph_generator.graphs.lambda_precision_udg.LambdaPrecisionUDG object at 0x7fd168be8710>, <lambdaprecisionudggenerator.graph_generator.graphs.lambda_precision_udg.LambdaPrecisionUDG object at 0x7fd168be87a0>, <lambdaprecisionudggenerator.graph_generator.graphs.lambda_precision_udg.LambdaPrecisionUDG object at 0x7fd168be8830>, <lambdaprecisionudggenerator.graph_generator.graphs.lambda_precision_udg.LambdaPrecisionUDG object at 0x7fd168be88c0>, <lambdaprecisionudggenerator.graph_generator.graphs.lambda_precision_udg.LambdaPrecisionUDG object at 0x7fd168be8950>, <lambdaprecisionudggenerator.graph_generator.graphs.lambda_precision_udg.LambdaPrecisionUDG object at 0x7fd168be89e0>, <lambdaprecisionudggenerator.graph_generator.graphs.lambda_precision_udg.LambdaPrecisionUDG object at 0x7fd168be8a70>, <lambdaprecisionudggenerator.graph_generator.graphs.lambda_precision_udg.LambdaPrecisionUDG object at 0x7fd168be8b00>], logger=<Logger lambdaprecisionudggenerator.graph_generator.seeds.seed (DEBUG)>), GeneratorSeed(node_number=20, min_distance=0.150390625, radius=0.3375, coverage_bound=(0.85, 0.9), avg_deg_bound=(4, 4.25), probability_connected=1.0, sample_size=10, graphs=[<lambdaprecisionudggenerator.graph_generator.graphs.lambda_precision_udg.LambdaPrecisionUDG object at 0x7fd168be8b90>, <lambdaprecisionudggenerator.graph_generator.graphs.lambda_precision_udg.LambdaPrecisionUDG object at 0x7fd168be8c20>, <lambdaprecisionudggenerator.graph_generator.graphs.lambda_precision_udg.LambdaPrecisionUDG object at 0x7fd168be8cb0>, <lambdaprecisionudggenerator.graph_generator.graphs.lambda_precision_udg.LambdaPrecisionUDG object at 0x7fd168be8d40>, <lambdaprecisionudggenerator.graph_generator.graphs.lambda_precision_udg.LambdaPrecisionUDG object at 0x7fd168be8dd0>, <lambdaprecisionudggenerator.graph_generator.graphs.lambda_precision_udg.LambdaPrecisionUDG object at 0x7fd168be8e60>, <lambdaprecisionudggenerator.graph_generator.graphs.lambda_precision_udg.LambdaPrecisionUDG object at 0x7fd168be8ef0>, <lambdaprecisionudggenerator.graph_generator.graphs.lambda_precision_udg.LambdaPrecisionUDG object at 0x7fd168be8f80>, <lambdaprecisionudggenerator.graph_generator.graphs.lambda_precision_udg.LambdaPrecisionUDG object at 0x7fd168be9010>, <lambdaprecisionudggenerator.graph_generator.graphs.lambda_precision_udg.LambdaPrecisionUDG object at 0x7fd168be90a0>], logger=<Logger lambdaprecisionudggenerator.graph_generator.seeds.seed (DEBUG)>), GeneratorSeed(node_number=20, min_distance=0.1484375, radius=0.384375, coverage_bound=(0.85, 0.9), avg_deg_bound=(5, 5.25), probability_connected=1.0, sample_size=10, graphs=[<lambdaprecisionudggenerator.graph_generator.graphs.lambda_precision_udg.LambdaPrecisionUDG object at 0x7fd168be9130>, <lambdaprecisionudggenerator.graph_generator.graphs.lambda_precision_udg.LambdaPrecisionUDG object at 0x7fd168be91c0>, <lambdaprecisionudggenerator.graph_generator.graphs.lambda_precision_udg.LambdaPrecisionUDG object at 0x7fd168be9250>, <lambdaprecisionudggenerator.graph_generator.graphs.lambda_precision_udg.LambdaPrecisionUDG object at 0x7fd168be92e0>, <lambdaprecisionudggenerator.graph_generator.graphs.lambda_precision_udg.LambdaPrecisionUDG object at 0x7fd168be9370>, <lambdaprecisionudggenerator.graph_generator.graphs.lambda_precision_udg.LambdaPrecisionUDG object at 0x7fd168be9400>, <lambdaprecisionudggenerator.graph_generator.graphs.lambda_precision_udg.LambdaPrecisionUDG object at 0x7fd168be9490>, <lambdaprecisionudggenerator.graph_generator.graphs.lambda_precision_udg.LambdaPrecisionUDG object at 0x7fd168be9520>, <lambdaprecisionudggenerator.graph_generator.graphs.lambda_precision_udg.LambdaPrecisionUDG object at 0x7fd168be95b0>, <lambdaprecisionudggenerator.graph_generator.graphs.lambda_precision_udg.LambdaPrecisionUDG object at 0x7fd168be9640>], logger=<Logger lambdaprecisionudggenerator.graph_generator.seeds.seed (DEBUG)>), GeneratorSeed(node_number=40, min_distance=0.10546875, radius=0.25078124999999996, coverage_bound=(0.85, 0.9), avg_deg_bound=(5, 5.25), probability_connected=1.0, sample_size=10, graphs=[<lambdaprecisionudggenerator.graph_generator.graphs.lambda_precision_udg.LambdaPrecisionUDG object at 0x7fd168be96d0>, <lambdaprecisionudggenerator.graph_generator.graphs.lambda_precision_udg.LambdaPrecisionUDG object at 0x7fd168be9760>, <lambdaprecisionudggenerator.graph_generator.graphs.lambda_precision_udg.LambdaPrecisionUDG object at 0x7fd168be97f0>, <lambdaprecisionudggenerator.graph_generator.graphs.lambda_precision_udg.LambdaPrecisionUDG object at 0x7fd168be9880>, <lambdaprecisionudggenerator.graph_generator.graphs.lambda_precision_udg.LambdaPrecisionUDG object at 0x7fd168be9910>, <lambdaprecisionudggenerator.graph_generator.graphs.lambda_precision_udg.LambdaPrecisionUDG object at 0x7fd168be99a0>, <lambdaprecisionudggenerator.graph_generator.graphs.lambda_precision_udg.LambdaPrecisionUDG object at 0x7fd168be9a30>, <lambdaprecisionudggenerator.graph_generator.graphs.lambda_precision_udg.LambdaPrecisionUDG object at 0x7fd168be9ac0>, <lambdaprecisionudggenerator.graph_generator.graphs.lambda_precision_udg.LambdaPrecisionUDG object at 0x7fd168be9b50>, <lambdaprecisionudggenerator.graph_generator.graphs.lambda_precision_udg.LambdaPrecisionUDG object at 0x7fd168be9be0>], logger=<Logger lambdaprecisionudggenerator.graph_generator.seeds.seed (DEBUG)>)])
E        +    where [GeneratorSeed(node_number=20, min_distance=0.1484375, radius=0.375, coverage_bound=(0.85, 0.9), avg_deg_bound=(5, 5.25), probability_connected=0.9, sample_size=10, graphs=[<lambdaprecisionudggenerator.graph_generator.graphs.lambda_precision_udg.LambdaPrecisionUDG object at 0x7fd1841780e0>, <lambdaprecisionudggenerator.graph_generator.graphs.lambda_precision_udg.LambdaPrecisionUDG object at 0x7fd184178170>, <lambdaprecisionudggenerator.graph_generator.graphs.lambda_precision_udg.LambdaPrecisionUDG object at 0x7fd184178200>, <lambdaprecisionudggenerator.graph_generator.graphs.lambda_precision_udg.LambdaPrecisionUDG object at 0x7fd184178290>, <lambdaprecisionudggenerator.graph_generator.graphs.lambda_precision_udg.LambdaPrecisionUDG object at 0x7fd184178320>, <lambdaprecisionudggenerator.graph_generator.graphs.lambda_precision_udg.LambdaPrecisionUDG object at 0x7fd1841783b0>, <lambdaprecisionudggenerator.graph_generator.graphs.lambda_precision_udg.LambdaPrecisionUDG object at 0x7fd184178440>, <lambdaprecisionudggenerator.graph_generator.graphs.lambda_precision_udg.LambdaPrecisionUDG object at 0x7fd1841784d0>, <lambdaprecisionudggenerator.graph_generator.graphs.lambda_precision_udg.LambdaPrecisionUDG object at 0x7fd184178560>, <lambdaprecisionudggenerator.graph_generator.graphs.lambda_precision_udg.LambdaPrecisionUDG object at 0x7fd1841785f0>], logger=<Logger lambdaprecisionudggenerator.graph_generator.seeds.seed (DEBUG)>), GeneratorSeed(node_number=40, min_distance=0.103515625, radius=0.196875, coverage_bound=(0.85, 0.9), avg_deg_bound=(3, 3.25), probability_connected=0.3, sample_size=10, graphs=[<lambdaprecisionudggenerator.graph_generator.graphs.lambda_precision_udg.LambdaPrecisionUDG object at 0x7fd184178680>, <lambdaprecisionudggenerator.graph_generator.graphs.lambda_precision_udg.LambdaPrecisionUDG object at 0x7fd184178710>, <lambdaprecisionudggenerator.graph_generator.graphs.lambda_precision_udg.LambdaPrecisionUDG object at 0x7fd1841787a0>, <lambdaprecisionudggenerator.graph_generator.graphs.lambda_precision_udg.LambdaPrecisionUDG object at 0x7fd184178830>, <lambdaprecisionudggenerator.graph_generator.graphs.lambda_precision_udg.LambdaPrecisionUDG object at 0x7fd1841788c0>, <lambdaprecisionudggenerator.graph_generator.graphs.lambda_precision_udg.LambdaPrecisionUDG object at 0x7fd184178950>, <lambdaprecisionudggenerator.graph_generator.graphs.lambda_precision_udg.LambdaPrecisionUDG object at 0x7fd1841789e0>, <lambdaprecisionudggenerator.graph_generator.graphs.lambda_precision_udg.LambdaPrecisionUDG object at 0x7fd184178a70>, <lambdaprecisionudggenerator.graph_generator.graphs.lambda_precision_udg.LambdaPrecisionUDG object at 0x7fd184178b00>, <lambdaprecisionudggenerator.graph_generator.graphs.lambda_precision_udg.LambdaPrecisionUDG object at 0x7fd184178b90>], logger=<Logger lambdaprecisionudggenerator.graph_generator.seeds.seed (DEBUG)>), GeneratorSeed(node_number=20, min_distance=0.1484375, radius=0.3, coverage_bound=(0.85, 0.9), avg_deg_bound=(3, 3.25), probability_connected=0.5, sample_size=10, graphs=[<lambdaprecisionudggenerator.graph_generator.graphs.lambda_precision_udg.LambdaPrecisionUDG object at 0x7fd184178c20>, <lambdaprecisionudggenerator.graph_generator.graphs.lambda_precision_udg.LambdaPrecisionUDG object at 0x7fd184178cb0>, <lambdaprecisionudggenerator.graph_generator.graphs.lambda_precision_udg.LambdaPrecisionUDG object at 0x7fd184178d40>, <lambdaprecisionudggenerator.graph_generator.graphs.lambda_precision_udg.LambdaPrecisionUDG object at 0x7fd184178dd0>, <lambdaprecisionudggenerator.graph_generator.graphs.lambda_precision_udg.LambdaPrecisionUDG object at 0x7fd184178e60>, <lambdaprecisionudggenerator.graph_generator.graphs.lambda_precision_udg.LambdaPrecisionUDG object at 0x7fd184178ef0>, <lambdaprecisionudggenerator.graph_generator.graphs.lambda_precision_udg.LambdaPrecisionUDG object at 0x7fd184178f80>, <lambdaprecisionudggenerator.graph_generator.graphs.lambda_precision_udg.LambdaPrecisionUDG object at 0x7fd184179010>, <lambdaprecisionudggenerator.graph_generator.graphs.lambda_precision_udg.LambdaPrecisionUDG object at 0x7fd1841790a0>, <lambdaprecisionudggenerator.graph_generator.graphs.lambda_precision_udg.LambdaPrecisionUDG object at 0x7fd184179130>], logger=<Logger lambdaprecisionudggenerator.graph_generator.seeds.seed (DEBUG)>), GeneratorSeed(node_number=40, min_distance=0.10546875, radius=0.196875, coverage_bound=(0.85, 0.9), avg_deg_bound=(3, 3.25), probability_connected=0.7, sample_size=10, graphs=[<lambdaprecisionudggenerator.graph_generator.graphs.lambda_precision_udg.LambdaPrecisionUDG object at 0x7fd1841791c0>, <lambdaprecisionudggenerator.graph_generator.graphs.lambda_precision_udg.LambdaPrecisionUDG object at 0x7fd184179250>, <lambdaprecisionudggenerator.graph_generator.graphs.lambda_precision_udg.LambdaPrecisionUDG object at 0x7fd1841792e0>, <lambdaprecisionudggenerator.graph_generator.graphs.lambda_precision_udg.LambdaPrecisionUDG object at 0x7fd184179370>, <lambdaprecisionudggenerator.graph_generator.graphs.lambda_precision_udg.LambdaPrecisionUDG object at 0x7fd184179400>, <lambdaprecisionudggenerator.graph_generator.graphs.lambda_precision_udg.LambdaPrecisionUDG object at 0x7fd184179490>, <lambdaprecisionudggenerator.graph_generator.graphs.lambda_precision_udg.LambdaPrecisionUDG object at 0x7fd184179520>, <lambdaprecisionudggenerator.graph_generator.graphs.lambda_precision_udg.LambdaPrecisionUDG object at 0x7fd1841795b0>, <lambdaprecisionudggenerator.graph_generator.graphs.lambda_precision_udg.LambdaPrecisionUDG object at 0x7fd184179640>, <lambdaprecisionudggenerator.graph_generator.graphs.lambda_precision_udg.LambdaPrecisionUDG object at 0x7fd1841796d0>], logger=<Logger lambdaprecisionudggenerator.graph_generator.seeds.seed (DEBUG)>), GeneratorSeed(node_number=40, min_distance=0.1025390625, radius=0.196875, coverage_bound=(0.85, 0.9), avg_deg_bound=(3, 3.25), probability_connected=0.5, sample_size=10, graphs=[<lambdaprecisionudggenerator.graph_generator.graphs.lambda_precision_udg.LambdaPrecisionUDG object at 0x7fd184179760>, <lambdaprecisionudggenerator.graph_generator.graphs.lambda_precision_udg.LambdaPrecisionUDG object at 0x7fd1841797f0>, <lambdaprecisionudggenerator.graph_generator.graphs.lambda_precision_udg.LambdaPrecisionUDG object at 0x7fd184179880>, <lambdaprecisionudggenerator.graph_generator.graphs.lambda_precision_udg.LambdaPrecisionUDG object at 0x7fd184179910>, <lambdaprecisionudggenerator.graph_generator.graphs.lambda_precision_udg.LambdaPrecisionUDG object at 0x7fd1841799a0>, <lambdaprecisionudggenerator.graph_generator.graphs.lambda_precision_udg.LambdaPrecisionUDG object at 0x7fd184179a30>, <lambdaprecisionudggenerator.graph_generator.graphs.lambda_precision_udg.LambdaPrecisionUDG object at 0x7fd184179ac0>, <lambdaprecisionudggenerator.graph_generator.graphs.lambda_precision_udg.LambdaPrecisionUDG object at 0x7fd184179b50>, <lambdaprecisionudggenerator.graph_generator.graphs.lambda_precision_udg.LambdaPrecisionUDG object at 0x7fd184179be0>, <lambdaprecisionudggenerator.graph_generator.graphs.lambda_precision_udg.LambdaPrecisionUDG object at 0x7fd184179c70>], logger=<Logger lambdaprecisionudggenerator.graph_generator.seeds.seed (DEBUG)>), GeneratorSeed(node_number=40, min_distance=0.1025390625, radius=0.1921875, coverage_bound=(0.85, 0.9), avg_deg_bound=(3, 3.25), probability_connected=0.5, sample_size=10, graphs=[<lambdaprecisionudggenerator.graph_generator.graphs.lambda_precision_udg.LambdaPrecisionUDG object at 0x7fd184179d00>, <lambdaprecisionudggenerator.graph_generator.graphs.lambda_precision_udg.LambdaPrecisionUDG object at 0x7fd184179d90>, <lambdaprecisionudggenerator.graph_generator.graphs.lambda_precision_udg.LambdaPrecisionUDG object at 0x7fd184179e20>, <lambdaprecisionudggenerator.graph_generator.graphs.lambda_precision_udg.LambdaPrecisionUDG object at 0x7fd184179eb0>, <lambdaprecisionudggenerator.graph_generator.graphs.lambda_precision_udg.LambdaPrecisionUDG object at 0x7fd184179f40>, <lambdaprecisionudggenerator.graph_generator.graphs.lambda_precision_udg.LambdaPrecisionUDG object at 0x7fd184179fd0>, <lambdaprecisionudggenerator.graph_generator.graphs.lambda_precision_udg.LambdaPrecisionUDG object at 0x7fd18417a060>, <lambdaprecisionudggenerator.graph_generator.graphs.lambda_precision_udg.LambdaPrecisionUDG object at 0x7fd18417a0f0>, <lambdaprecisionudggenerator.graph_generator.graphs.lambda_precision_udg.LambdaPrecisionUDG object at 0x7fd18417a180>, <lambdaprecisionudggenerator.graph_generator.graphs.lambda_precision_udg.LambdaPrecisionUDG object at 0x7fd18417a210>], logger=<Logger lambdaprecisionudggenerator.graph_generator.seeds.seed (DEBUG)>), GeneratorSeed(node_number=40, min_distance=0.103515625, radius=0.196875, coverage_bound=(0.85, 0.9), avg_deg_bound=(3, 3.25), probability_connected=0.3, sample_size=10, graphs=[<lambdaprecisionudggenerator.graph_generator.graphs.lambda_precision_udg.LambdaPrecisionUDG object at 0x7fd18417a2a0>, <lambdaprecisionudggenerator.graph_generator.graphs.lambda_precision_udg.LambdaPrecisionUDG object at 0x7fd18417a330>, <lambdaprecisionudggenerator.graph_generator.graphs.lambda_precision_udg.LambdaPrecisionUDG object at 0x7fd18417a3c0>, <lambdaprecisionudggenerator.graph_generator.graphs.lambda_precision_udg.LambdaPrecisionUDG object at 0x7fd18417a450>, <lambdaprecisionudggenerator.graph_generator.graphs.lambda_precision_udg.LambdaPrecisionUDG object at 0x7fd18417a4e0>, <lambdaprecisionudggenerator.graph_generator.graphs.lambda_precision_udg.LambdaPrecisionUDG object at 0x7fd18417a570>, <lambdaprecisionudggenerator.graph_generator.graphs.lambda_precision_udg.LambdaPrecisionUDG object at 0x7fd18417a600>, <lambdaprecisionudggenerator.graph_generator.graphs.lambda_precision_udg.LambdaPrecisionUDG object at 0x7fd18417a690>, <lambdaprecisionudggenerator.graph_generator.graphs.lambda_precision_udg.LambdaPrecisionUDG object at 0x7fd18417a720>, <lambdaprecisionudggenerator.graph_generator.graphs.lambda_precision_udg.LambdaPrecisionUDG object at 0x7fd18417a7b0>], logger=<Logger lambdaprecisionudggenerator.graph_generator.seeds.seed (DEBUG)>), GeneratorSeed(node_number=40, min_distance=0.1025390625, radius=0.24843749999999995, coverage_bound=(0.85, 0.9), avg_deg_bound=(5, 5.25), probability_connected=0.9, sample_size=10, graphs=[<lambdaprecisionudggenerator.graph_generator.graphs.lambda_precision_udg.LambdaPrecisionUDG object at 0x7fd18417a840>, <lambdaprecisionudggenerator.graph_generator.graphs.lambda_precision_udg.LambdaPrecisionUDG object at 0x7fd18417a8d0>, <lambdaprecisionudggenerator.graph_generator.graphs.lambda_precision_udg.LambdaPrecisionUDG object at 0x7fd18417a960>, <lambdaprecisionudggenerator.graph_generator.graphs.lambda_precision_udg.LambdaPrecisionUDG object at 0x7fd18417a9f0>, <lambdaprecisionudggenerator.graph_generator.graphs.lambda_precision_udg.LambdaPrecisionUDG object at 0x7fd18417aa80>, <lambdaprecisionudggenerator.graph_generator.graphs.lambda_precision_udg.LambdaPrecisionUDG object at 0x7fd18417ab10>, <lambdaprecisionudggenerator.graph_generator.graphs.lambda_precision_udg.LambdaPrecisionUDG object at 0x7fd18417aba0>, <lambdaprecisionudggenerator.graph_generator.graphs.lambda_precision_udg.LambdaPrecisionUDG object at 0x7fd18417ac30>, <lambdaprecisionudggenerator.graph_generator.graphs.lambda_precision_udg.LambdaPrecisionUDG object at 0x7fd18417acc0>, <lambdaprecisionudggenerator.graph_generator.graphs.lambda_precision_udg.LambdaPrecisionUDG object at 0x7fd18417ad50>], logger=<Logger lambdaprecisionudggenerator.graph_generator.seeds.seed (DEBUG)>), GeneratorSeed(node_number=20, min_distance=0.1484375, radius=0.3328125, coverage_bound=(0.85, 0.9), avg_deg_bound=(4, 4.25), probability_connected=0.9, sample_size=10, graphs=[<lambdaprecisionudggenerator.graph_generator.graphs.lambda_precision_udg.LambdaPrecisionUDG object at 0x7fd18417ade0>, <lambdaprecisionudggenerator.graph_generator.graphs.lambda_precision_udg.LambdaPrecisionUDG object at 0x7fd18417ae70>, <lambdaprecisionudggenerator.graph_generator.graphs.lambda_precision_udg.LambdaPrecisionUDG object at 0x7fd18417af00>, <lambdaprecisionudggenerator.graph_generator.graphs.lambda_precision_udg.LambdaPrecisionUDG object at 0x7fd18417af90>, <lambdaprecisionudggenerator.graph_generator.graphs.lambda_precision_udg.LambdaPrecisionUDG object at 0x7fd18417b020>, <lambdaprecisionudggenerator.graph_generator.graphs.lambda_precision_udg.LambdaPrecisionUDG object at 0x7fd18417b0b0>, <lambdaprecisionudggenerator.graph_generator.graphs.lambda_precision_udg.LambdaPrecisionUDG object at 0x7fd18417b140>, <lambdaprecisionudggenerator.graph_generator.graphs.lambda_precision_udg.LambdaPrecisionUDG object at 0x7fd18417b1d0>, <lambdaprecisionudggenerator.graph_generator.graphs.lambda_precision_udg.LambdaPrecisionUDG object at 0x7fd18417b260>, <lambdaprecisionudggenerator.graph_generator.graphs.lambda_precision_udg.LambdaPrecisionUDG object at 0x7fd18417b2f0>], logger=<Logger lambdaprecisionudggenerator.graph_generator.seeds.seed (DEBUG)>), GeneratorSeed(node_number=20, min_distance=0.1484375, radius=0.3375, coverage_bound=(0.85, 0.9), avg_deg_bound=(4, 4.25), probability_connected=1.0, sample_size=10, graphs=[<lambdaprecisionudggenerator.graph_generator.graphs.lambda_precision_udg.LambdaPrecisionUDG object at 0x7fd18417b380>, <lambdaprecisionudggenerator.graph_generator.graphs.lambda_precision_udg.LambdaPrecisionUDG object at 0x7fd18417b410>, <lambdaprecisionudggenerator.graph_generator.graphs.lambda_precision_udg.LambdaPrecisionUDG object at 0x7fd18417b4a0>, <lambdaprecisionudggenerator.graph_generator.graphs.lambda_precision_udg.LambdaPrecisionUDG object at 0x7fd18417b530>, <lambdaprecisionudggenerator.graph_generator.graphs.lambda_precision_udg.LambdaPrecisionUDG object at 0x7fd18417b5c0>, <lambdaprecisionudggenerator.graph_generator.graphs.lambda_precision_udg.LambdaPrecisionUDG object at 0x7fd18417b650>, <lambdaprecisionudggenerator.graph_generator.graphs.lambda_precision_udg.LambdaPrecisionUDG object at 0x7fd18417b6e0>, <lambdaprecisionudggenerator.graph_generator.graphs.lambda_precision_udg.LambdaPrecisionUDG object at 0x7fd18417b770>, <lambdaprecisionudggenerator.graph_generator.graphs.lambda_precision_udg.LambdaPrecisionUDG object at 0x7fd18417b800>, <lambdaprecisionudggenerator.graph_generator.graphs.lambda_precision_udg.LambdaPrecisionUDG object at 0x7fd18417b890>], logger=<Logger lambdaprecisionudggenerator.graph_generator.seeds.seed (DEBUG)>), GeneratorSeed(node_number=20, min_distance=0.150390625, radius=0.384375, coverage_bound=(0.85, 0.9), avg_deg_bound=(5, 5.25), probability_connected=1.0, sample_size=10, graphs=[<lambdaprecisionudggenerator.graph_generator.graphs.lambda_precision_udg.LambdaPrecisionUDG object at 0x7fd18417b920>, <lambdaprecisionudggenerator.graph_generator.graphs.lambda_precision_udg.LambdaPrecisionUDG object at 0x7fd18417b9b0>, <lambdaprecisionudggenerator.graph_generator.graphs.lambda_precision_udg.LambdaPrecisionUDG object at 0x7fd18417ba40>, <lambdaprecisionudggenerator.graph_generator.graphs.lambda_precision_udg.LambdaPrecisionUDG object at 0x7fd18417bad0>, <lambdaprecisionudggenerator.graph_generator.graphs.lambda_precision_udg.LambdaPrecisionUDG object at 0x7fd18417bb60>, <lambdaprecisionudggenerator.graph_generator.graphs.lambda_precision_udg.LambdaPrecisionUDG object at 0x7fd18417bbf0>, <lambdaprecisionudggenerator.graph_generator.graphs.lambda_precision_udg.LambdaPrecisionUDG object at 0x7fd18417bc80>, <lambdaprecisionudggenerator.graph_generator.graphs.lambda_precision_udg.LambdaPrecisionUDG object at 0x7fd18417bd10>, <lambdaprecisionudggenerator.graph_generator.graphs.lambda_precision_udg.LambdaPrecisionUDG object at 0x7fd18417bda0>, <lambdaprecisionudggenerator.graph_generator.graphs.lambda_precision_udg.LambdaPrecisionUDG object at 0x7fd18417be30>], logger=<Logger lambdaprecisionudggenerator.graph_generator.seeds.seed (DEBUG)>), GeneratorSeed(node_number=40, min_distance=0.1025390625, radius=0.24374999999999997, coverage_bound=(0.85, 0.9), avg_deg_bound=(5, 5.25), probability_connected=1.0, sample_size=10, graphs=[<lambdaprecisionudggenerator.graph_generator.graphs.lambda_precision_udg.LambdaPrecisionUDG object at 0x7fd18422ade0>, <lambdaprecisionudggenerator.graph_generator.graphs.lambda_precision_udg.LambdaPrecisionUDG object at 0x7fd18422ad50>, <lambdaprecisionudggenerator.graph_generator.graphs.lambda_precision_udg.LambdaPrecisionUDG object at 0x7fd18422acc0>, <lambdaprecisionudggenerator.graph_generator.graphs.lambda_precision_udg.LambdaPrecisionUDG object at 0x7fd18422ac30>, <lambdaprecisionudggenerator.graph_generator.graphs.lambda_precision_udg.LambdaPrecisionUDG object at 0x7fd18422aba0>, <lambdaprecisionudggenerator.graph_generator.graphs.lambda_precision_udg.LambdaPrecisionUDG object at 0x7fd184228200>, <lambdaprecisionudggenerator.graph_generator.graphs.lambda_precision_udg.LambdaPrecisionUDG object at 0x7fd184228290>, <lambdaprecisionudggenerator.graph_generator.graphs.lambda_precision_udg.LambdaPrecisionUDG object at 0x7fd184228320>, <lambdaprecisionudggenerator.graph_generator.graphs.lambda_precision_udg.LambdaPrecisionUDG object at 0x7fd1842283b0>, <lambdaprecisionudggenerator.graph_generator.graphs.lambda_precision_udg.LambdaPrecisionUDG object at 0x7fd184228440>], logger=<Logger lambdaprecisionudggenerator.graph_generator.seeds.seed (DEBUG)>), GeneratorSeed(node_number=20, min_distance=0.1484375, radius=0.290625, coverage_bound=(0.85, 0.9), avg_deg_bound=(3, 3.25), probability_connected=0.4, sample_size=10, graphs=[<lambdaprecisionudggenerator.graph_generator.graphs.lambda_precision_udg.LambdaPrecisionUDG object at 0x7fd1842284d0>, <lambdaprecisionudggenerator.graph_generator.graphs.lambda_precision_udg.LambdaPrecisionUDG object at 0x7fd184228560>, <lambdaprecisionudggenerator.graph_generator.graphs.lambda_precision_udg.LambdaPrecisionUDG object at 0x7fd1842285f0>, <lambdaprecisionudggenerator.graph_generator.graphs.lambda_precision_udg.LambdaPrecisionUDG object at 0x7fd184228680>, <lambdaprecisionudggenerator.graph_generator.graphs.lambda_precision_udg.LambdaPrecisionUDG object at 0x7fd184228710>, <lambdaprecisionudggenerator.graph_generator.graphs.lambda_precision_udg.LambdaPrecisionUDG object at 0x7fd1842287a0>, <lambdaprecisionudggenerator.graph_generator.graphs.lambda_precision_udg.LambdaPrecisionUDG object at 0x7fd184228830>, <lambdaprecisionudggenerator.graph_generator.graphs.lambda_precision_udg.LambdaPrecisionUDG object at 0x7fd1842290a0>, <lambdaprecisionudggenerator.graph_generator.graphs.lambda_precision_udg.LambdaPrecisionUDG object at 0x7fd184228a70>, <lambdaprecisionudggenerator.graph_generator.graphs.lambda_precision_udg.LambdaPrecisionUDG object at 0x7fd184229880>], logger=<Logger lambdaprecisionudggenerator.graph_generator.seeds.seed (DEBUG)>), GeneratorSeed(node_number=20, min_distance=0.1484375, radius=0.3, coverage_bound=(0.85, 0.9), avg_deg_bound=(3, 3.25), probability_connected=0.8, sample_size=10, graphs=[<lambdaprecisionudggenerator.graph_generator.graphs.lambda_precision_udg.LambdaPrecisionUDG object at 0x7fd184229910>, <lambdaprecisionudggenerator.graph_generator.graphs.lambda_precision_udg.LambdaPrecisionUDG object at 0x7fd1842299a0>, <lambdaprecisionudggenerator.graph_generator.graphs.lambda_precision_udg.LambdaPrecisionUDG object at 0x7fd184229a30>, <lambdaprecisionudggenerator.graph_generator.graphs.lambda_precision_udg.LambdaPrecisionUDG object at 0x7fd184229130>, <lambdaprecisionudggenerator.graph_generator.graphs.lambda_precision_udg.LambdaPrecisionUDG object at 0x7fd1842289e0>, <lambdaprecisionudggenerator.graph_generator.graphs.lambda_precision_udg.LambdaPrecisionUDG object at 0x7fd18417bec0>, <lambdaprecisionudggenerator.graph_generator.graphs.lambda_precision_udg.LambdaPrecisionUDG object at 0x7fd18417bf50>, <lambdaprecisionudggenerator.graph_generator.graphs.lambda_precision_udg.LambdaPrecisionUDG object at 0x7fd184464050>, <lambdaprecisionudggenerator.graph_generator.graphs.lambda_precision_udg.LambdaPrecisionUDG object at 0x7fd1844640e0>, <lambdaprecisionudggenerator.graph_generator.graphs.lambda_precision_udg.LambdaPrecisionUDG object at 0x7fd184464170>], logger=<Logger lambdaprecisionudggenerator.graph_generator.seeds.seed (DEBUG)>), GeneratorSeed(node_number=20, min_distance=0.150390625, radius=0.290625, coverage_bound=(0.85, 0.9), avg_deg_bound=(3, 3.25), probability_connected=0.9, sample_size=10, graphs=[<lambdaprecisionudggenerator.graph_generator.graphs.lambda_precision_udg.LambdaPrecisionUDG object at 0x7fd184464200>, <lambdaprecisionudggenerator.graph_generator.graphs.lambda_precision_udg.LambdaPrecisionUDG object at 0x7fd184464290>, <lambdaprecisionudggenerator.graph_generator.graphs.lambda_precision_udg.LambdaPrecisionUDG object at 0x7fd184464320>, <lambdaprecisionudggenerator.graph_generator.graphs.lambda_precision_udg.LambdaPrecisionUDG object at 0x7fd1844643b0>, <lambdaprecisionudggenerator.graph_generator.graphs.lambda_precision_udg.LambdaPrecisionUDG object at 0x7fd184464440>, <lambdaprecisionudggenerator.graph_generator.graphs.lambda_precision_udg.LambdaPrecisionUDG object at 0x7fd1844644d0>, <lambdaprecisionudggenerator.graph_generator.graphs.lambda_precision_udg.LambdaPrecisionUDG object at 0x7fd184464560>, <lambdaprecisionudggenerator.graph_generator.graphs.lambda_precision_udg.LambdaPrecisionUDG object at 0x7fd1844645f0>, <lambdaprecisionudggenerator.graph_generator.graphs.lambda_precision_udg.LambdaPrecisionUDG object at 0x7fd184464680>, <lambdaprecisionudggenerator.graph_generator.graphs.lambda_precision_udg.LambdaPrecisionUDG object at 0x7fd184464710>], logger=<Logger lambdaprecisionudggenerator.graph_generator.seeds.seed (DEBUG)>), GeneratorSeed(node_number=40, min_distance=0.103515625, radius=0.24843749999999995, coverage_bound=(0.85, 0.9), avg_deg_bound=(5, 5.25), probability_connected=0.9, sample_size=10, graphs=[<lambdaprecisionudggenerator.graph_generator.graphs.lambda_precision_udg.LambdaPrecisionUDG object at 0x7fd1844647a0>, <lambdaprecisionudggenerator.graph_generator.graphs.lambda_precision_udg.LambdaPrecisionUDG object at 0x7fd184464830>, <lambdaprecisionudggenerator.graph_generator.graphs.lambda_precision_udg.LambdaPrecisionUDG object at 0x7fd1844648c0>, <lambdaprecisionudggenerator.graph_generator.graphs.lambda_precision_udg.LambdaPrecisionUDG object at 0x7fd184464950>, <lambdaprecisionudggenerator.graph_generator.graphs.lambda_precision_udg.LambdaPrecisionUDG object at 0x7fd1844649e0>, <lambdaprecisionudggenerator.graph_generator.graphs.lambda_precision_udg.LambdaPrecisionUDG object at 0x7fd184464a70>, <lambdaprecisionudggenerator.graph_generator.graphs.lambda_precision_udg.LambdaPrecisionUDG object at 0x7fd184464b00>, <lambdaprecisionudggenerator.graph_generator.graphs.lambda_precision_udg.LambdaPrecisionUDG object at 0x7fd184464b90>, <lambdaprecisionudggenerator.graph_generator.graphs.lambda_precision_udg.LambdaPrecisionUDG object at 0x7fd184464c20>, <lambdaprecisionudggenerator.graph_generator.graphs.lambda_precision_udg.LambdaPrecisionUDG object at 0x7fd184464cb0>], logger=<Logger lambdaprecisionudggenerator.graph_generator.seeds.seed (DEBUG)>), GeneratorSeed(node_number=40, min_distance=0.1025390625, radius=0.22031249999999997, coverage_bound=(0.85, 0.9), avg_deg_bound=(4, 4.25), probability_connected=0.9, sample_size=10, graphs=[<lambdaprecisionudggenerator.graph_generator.graphs.lambda_precision_udg.LambdaPrecisionUDG object at 0x7fd184464d40>, <lambdaprecisionudggenerator.graph_generator.graphs.lambda_precision_udg.LambdaPrecisionUDG object at 0x7fd184464dd0>, <lambdaprecisionudggenerator.graph_generator.graphs.lambda_precision_udg.LambdaPrecisionUDG object at 0x7fd184464e60>, <lambdaprecisionudggenerator.graph_generator.graphs.lambda_precision_udg.LambdaPrecisionUDG object at 0x7fd184464ef0>, <lambdaprecisionudggenerator.graph_generator.graphs.lambda_precision_udg.LambdaPrecisionUDG object at 0x7fd184464f80>, <lambdaprecisionudggenerator.graph_generator.graphs.lambda_precision_udg.LambdaPrecisionUDG object at 0x7fd184465010>, <lambdaprecisionudggenerator.graph_generator.graphs.lambda_precision_udg.LambdaPrecisionUDG object at 0x7fd1844650a0>, <lambdaprecisionudggenerator.graph_generator.graphs.lambda_precision_udg.LambdaPrecisionUDG object at 0x7fd184465130>, <lambdaprecisionudggenerator.graph_generator.graphs.lambda_precision_udg.LambdaPrecisionUDG object at 0x7fd1844651c0>, <lambdaprecisionudggenerator.graph_generator.graphs.lambda_precision_udg.LambdaPrecisionUDG object at 0x7fd184465250>], logger=<Logger lambdaprecisionudggenerator.graph_generator.seeds.seed (DEBUG)>), GeneratorSeed(node_number=20, min_distance=0.1484375, radius=0.384375, coverage_bound=(0.85, 0.9), avg_deg_bound=(5, 5.25), probability_connected=1.0, sample_size=10, graphs=[<lambdaprecisionudggenerator.graph_generator.graphs.lambda_precision_udg.LambdaPrecisionUDG object at 0x7fd1844652e0>, <lambdaprecisionudggenerator.graph_generator.graphs.lambda_precision_udg.LambdaPrecisionUDG object at 0x7fd184465370>, <lambdaprecisionudggenerator.graph_generator.graphs.lambda_precision_udg.LambdaPrecisionUDG object at 0x7fd184465400>, <lambdaprecisionudggenerator.graph_generator.graphs.lambda_precision_udg.LambdaPrecisionUDG object at 0x7fd184465490>, <lambdaprecisionudggenerator.graph_generator.graphs.lambda_precision_udg.LambdaPrecisionUDG object at 0x7fd184465520>, <lambdaprecisionudggenerator.graph_generator.graphs.lambda_precision_udg.LambdaPrecisionUDG object at 0x7fd1844655b0>, <lambdaprecisionudggenerator.graph_generator.graphs.lambda_precision_udg.LambdaPrecisionUDG object at 0x7fd184465640>, <lambdaprecisionudggenerator.graph_generator.graphs.lambda_precision_udg.LambdaPrecisionUDG object at 0x7fd1844656d0>, <lambdaprecisionudggenerator.graph_generator.graphs.lambda_precision_udg.LambdaPrecisionUDG object at 0x7fd184465760>, <lambdaprecisionudggenerator.graph_generator.graphs.lambda_precision_udg.LambdaPrecisionUDG object at 0x7fd1844657f0>], logger=<Logger lambdaprecisionudggenerator.graph_generator.seeds.seed (DEBUG)>), GeneratorSeed(node_number=20, min_distance=0.150390625, radius=0.375, coverage_bound=(0.85, 0.9), avg_deg_bound=(5, 5.25), probability_connected=1.0, sample_size=10, graphs=[<lambdaprecisionudggenerator.graph_generator.graphs.lambda_precision_udg.LambdaPrecisionUDG object at 0x7fd184465880>, <lambdaprecisionudggenerator.graph_generator.graphs.lambda_precision_udg.LambdaPrecisionUDG object at 0x7fd184465910>, <lambdaprecisionudggenerator.graph_generator.graphs.lambda_precision_udg.LambdaPrecisionUDG object at 0x7fd1844659a0>, <lambdaprecisionudggenerator.graph_generator.graphs.lambda_precision_udg.LambdaPrecisionUDG object at 0x7fd184465a30>, <lambdaprecisionudggenerator.graph_generator.graphs.lambda_precision_udg.LambdaPrecisionUDG object at 0x7fd184465ac0>, <lambdaprecisionudggenerator.graph_generator.graphs.lambda_precision_udg.LambdaPrecisionUDG object at 0x7fd184465b50>, <lambdaprecisionudggenerator.graph_generator.graphs.lambda_precision_udg.LambdaPrecisionUDG object at 0x7fd184465be0>, <lambdaprecisionudggenerator.graph_generator.graphs.lambda_precision_udg.LambdaPrecisionUDG object at 0x7fd184465c70>, <lambdaprecisionudggenerator.graph_generator.graphs.lambda_precision_udg.LambdaPrecisionUDG object at 0x7fd184465d00>, <lambdaprecisionudggenerator.graph_generator.graphs.lambda_precision_udg.LambdaPrecisionUDG object at 0x7fd184465d90>], logger=<Logger lambdaprecisionudggenerator.graph_generator.seeds.seed (DEBUG)>), GeneratorSeed(node_number=20, min_distance=0.150390625, radius=0.3375, coverage_bound=(0.85, 0.9), avg_deg_bound=(4, 4.25), probability_connected=1.0, sample_size=10, graphs=[<lambdaprecisionudggenerator.graph_generator.graphs.lambda_precision_udg.LambdaPrecisionUDG object at 0x7fd184465e20>, <lambdaprecisionudggenerator.graph_generator.graphs.lambda_precision_udg.LambdaPrecisionUDG object at 0x7fd184465eb0>, <lambdaprecisionudggenerator.graph_generator.graphs.lambda_precision_udg.LambdaPrecisionUDG object at 0x7fd184465f40>, <lambdaprecisionudggenerator.graph_generator.graphs.lambda_precision_udg.LambdaPrecisionUDG object at 0x7fd184465fd0>, <lambdaprecisionudggenerator.graph_generator.graphs.lambda_precision_udg.LambdaPrecisionUDG object at 0x7fd184466060>, <lambdaprecisionudggenerator.graph_generator.graphs.lambda_precision_udg.LambdaPrecisionUDG object at 0x7fd1844660f0>, <lambdaprecisionudggenerator.graph_generator.graphs.lambda_precision_udg.LambdaPrecisionUDG object at 0x7fd184466180>, <lambdaprecisionudggenerator.graph_generator.graphs.lambda_precision_udg.LambdaPrecisionUDG object at 0x7fd184466210>, <lambdaprecisionudggenerator.graph_generator.graphs.lambda_precision_udg.LambdaPrecisionUDG object at 0x7fd1844662a0>, <lambdaprecisionudggenerator.graph_generator.graphs.lambda_precision_udg.LambdaPrecisionUDG object at 0x7fd184466330>], logger=<Logger lambdaprecisionudggenerator.graph_generator.seeds.seed (DEBUG)>), GeneratorSeed(node_number=40, min_distance=0.1025390625, radius=0.22265624999999997, coverage_bound=(0.85, 0.9), avg_deg_bound=(4, 4.25), probability_connected=0.7, sample_size=10, graphs=[<lambdaprecisionudggenerator.graph_generator.graphs.lambda_precision_udg.LambdaPrecisionUDG object at 0x7fd1844663c0>, <lambdaprecisionudggenerator.graph_generator.graphs.lambda_precision_udg.LambdaPrecisionUDG object at 0x7fd184466450>, <lambdaprecisionudggenerator.graph_generator.graphs.lambda_precision_udg.LambdaPrecisionUDG object at 0x7fd1844664e0>, <lambdaprecisionudggenerator.graph_generator.graphs.lambda_precision_udg.LambdaPrecisionUDG object at 0x7fd184466570>, <lambdaprecisionudggenerator.graph_generator.graphs.lambda_precision_udg.LambdaPrecisionUDG object at 0x7fd184466600>, <lambdaprecisionudggenerator.graph_generator.graphs.lambda_precision_udg.LambdaPrecisionUDG object at 0x7fd184466690>, <lambdaprecisionudggenerator.graph_generator.graphs.lambda_precision_udg.LambdaPrecisionUDG object at 0x7fd184466720>, <lambdaprecisionudggenerator.graph_generator.graphs.lambda_precision_udg.LambdaPrecisionUDG object at 0x7fd1844667b0>, <lambdaprecisionudggenerator.graph_generator.graphs.lambda_precision_udg.LambdaPrecisionUDG object at 0x7fd184466840>, <lambdaprecisionudggenerator.graph_generator.graphs.lambda_precision_udg.LambdaPrecisionUDG object at 0x7fd1844668d0>], logger=<Logger lambdaprecisionudggenerator.graph_generator.seeds.seed (DEBUG)>), GeneratorSeed(node_number=20, min_distance=0.1484375, radius=0.3375, coverage_bound=(0.85, 0.9), avg_deg_bound=(4, 4.25), probability_connected=0.8, sample_size=10, graphs=[<lambdaprecisionudggenerator.graph_generator.graphs.lambda_precision_udg.LambdaPrecisionUDG object at 0x7fd184466960>, <lambdaprecisionudggenerator.graph_generator.graphs.lambda_precision_udg.LambdaPrecisionUDG object at 0x7fd1844669f0>, <lambdaprecisionudggenerator.graph_generator.graphs.lambda_precision_udg.LambdaPrecisionUDG object at 0x7fd184466a80>, <lambdaprecisionudggenerator.graph_generator.graphs.lambda_precision_udg.LambdaPrecisionUDG object at 0x7fd184466b10>, <lambdaprecisionudggenerator.graph_generator.graphs.lambda_precision_udg.LambdaPrecisionUDG object at 0x7fd184466ba0>, <lambdaprecisionudggenerator.graph_generator.graphs.lambda_precision_udg.LambdaPrecisionUDG object at 0x7fd184466c30>, <lambdaprecisionudggenerator.graph_generator.graphs.lambda_precision_udg.LambdaPrecisionUDG object at 0x7fd184466cc0>, <lambdaprecisionudggenerator.graph_generator.graphs.lambda_precision_udg.LambdaPrecisionUDG object at 0x7fd184466d50>, <lambdaprecisionudggenerator.graph_generator.graphs.lambda_precision_udg.LambdaPrecisionUDG object at 0x7fd184466de0>, <lambdaprecisionudggenerator.graph_generator.graphs.lambda_precision_udg.LambdaPrecisionUDG object at 0x7fd184466e70>], logger=<Logger lambdaprecisionudggenerator.graph_generator.seeds.seed (DEBUG)>), GeneratorSeed(node_number=20, min_distance=0.150390625, radius=0.2953125, coverage_bound=(0.85, 0.9), avg_deg_bound=(3, 3.25), probability_connected=0.7, sample_size=10, graphs=[<lambdaprecisionudggenerator.graph_generator.graphs.lambda_precision_udg.LambdaPrecisionUDG object at 0x7fd184466f00>, <lambdaprecisionudggenerator.graph_generator.graphs.lambda_precision_udg.LambdaPrecisionUDG object at 0x7fd184466f90>, <lambdaprecisionudggenerator.graph_generator.graphs.lambda_precision_udg.LambdaPrecisionUDG object at 0x7fd184467020>, <lambdaprecisionudggenerator.graph_generator.graphs.lambda_precision_udg.LambdaPrecisionUDG object at 0x7fd1844670b0>, <lambdaprecisionudggenerator.graph_generator.graphs.lambda_precision_udg.LambdaPrecisionUDG object at 0x7fd184467140>, <lambdaprecisionudggenerator.graph_generator.graphs.lambda_precision_udg.LambdaPrecisionUDG object at 0x7fd1844671d0>, <lambdaprecisionudggenerator.graph_generator.graphs.lambda_precision_udg.LambdaPrecisionUDG object at 0x7fd184467260>, <lambdaprecisionudggenerator.graph_generator.graphs.lambda_precision_udg.LambdaPrecisionUDG object at 0x7fd1844672f0>, <lambdaprecisionudggenerator.graph_generator.graphs.lambda_precision_udg.LambdaPrecisionUDG object at 0x7fd184467380>, <lambdaprecisionudggenerator.graph_generator.graphs.lambda_precision_udg.LambdaPrecisionUDG object at 0x7fd184467410>], logger=<Logger lambdaprecisionudggenerator.graph_generator.seeds.seed (DEBUG)>), GeneratorSeed(node_number=40, min_distance=0.103515625, radius=0.22499999999999998, coverage_bound=(0.85, 0.9), avg_deg_bound=(4, 4.25), probability_connected=1.0, sample_size=10, graphs=[<lambdaprecisionudggenerator.graph_generator.graphs.lambda_precision_udg.LambdaPrecisionUDG object at 0x7fd1844674a0>, <lambdaprecisionudggenerator.graph_generator.graphs.lambda_precision_udg.LambdaPrecisionUDG object at 0x7fd184467530>, <lambdaprecisionudggenerator.graph_generator.graphs.lambda_precision_udg.LambdaPrecisionUDG object at 0x7fd1844675c0>, <lambdaprecisionudggenerator.graph_generator.graphs.lambda_precision_udg.LambdaPrecisionUDG object at 0x7fd184467650>, <lambdaprecisionudggenerator.graph_generator.graphs.lambda_precision_udg.LambdaPrecisionUDG object at 0x7fd1844676e0>, <lambdaprecisionudggenerator.graph_generator.graphs.lambda_precision_udg.LambdaPrecisionUDG object at 0x7fd184467770>, <lambdaprecisionudggenerator.graph_generator.graphs.lambda_precision_udg.LambdaPrecisionUDG object at 0x7fd184467800>, <lambdaprecisionudggenerator.graph_generator.graphs.lambda_precision_udg.LambdaPrecisionUDG object at 0x7fd184467890>, <lambdaprecisionudggenerator.graph_generator.graphs.lambda_precision_udg.LambdaPrecisionUDG object at 0x7fd184467920>, <lambdaprecisionudggenerator.graph_generator.graphs.lambda_precision_udg.LambdaPrecisionUDG object at 0x7fd1844679b0>], logger=<Logger lambdaprecisionudggenerator.graph_generator.seeds.seed (DEBUG)>), GeneratorSeed(node_number=40, min_distance=0.103515625, radius=0.24843749999999995, coverage_bound=(0.85, 0.9), avg_deg_bound=(5, 5.25), probability_connected=1.0, sample_size=10, graphs=[<lambdaprecisionudggenerator.graph_generator.graphs.lambda_precision_udg.LambdaPrecisionUDG object at 0x7fd184467a40>, <lambdaprecisionudggenerator.graph_generator.graphs.lambda_precision_udg.LambdaPrecisionUDG object at 0x7fd184467ad0>, <lambdaprecisionudggenerator.graph_generator.graphs.lambda_precision_udg.LambdaPrecisionUDG object at 0x7fd184467b60>, <lambdaprecisionudggenerator.graph_generator.graphs.lambda_precision_udg.LambdaPrecisionUDG object at 0x7fd184467bf0>, <lambdaprecisionudggenerator.graph_generator.graphs.lambda_precision_udg.LambdaPrecisionUDG object at 0x7fd184467c80>, <lambdaprecisionudggenerator.graph_generator.graphs.lambda_precision_udg.LambdaPrecisionUDG object at 0x7fd184467d10>, <lambdaprecisionudggenerator.graph_generator.graphs.lambda_precision_udg.LambdaPrecisionUDG object at 0x7fd184467da0>, <lambdaprecisionudggenerator.graph_generator.graphs.lambda_precision_udg.LambdaPrecisionUDG object at 0x7fd184467e30>, <lambdaprecisionudggenerator.graph_generator.graphs.lambda_precision_udg.LambdaPrecisionUDG object at 0x7fd184467ec0>, <lambdaprecisionudggenerator.graph_generator.graphs.lambda_precision_udg.LambdaPrecisionUDG object at 0x7fd184467f50>], logger=<Logger lambdaprecisionudggenerator.graph_generator.seeds.seed (DEBUG)>), GeneratorSeed(node_number=40, min_distance=0.10546875, radius=0.22499999999999998, coverage_bound=(0.85, 0.9), avg_deg_bound=(4, 4.25), probability_connected=0.9, sample_size=10, graphs=[<lambdaprecisionudggenerator.graph_generator.graphs.lambda_precision_udg.LambdaPrecisionUDG object at 0x7fd168be8050>, <lambdaprecisionudggenerator.graph_generator.graphs.lambda_precision_udg.LambdaPrecisionUDG object at 0x7fd168be80e0>, <lambdaprecisionudggenerator.graph_generator.graphs.lambda_precision_udg.LambdaPrecisionUDG object at 0x7fd168be8170>, <lambdaprecisionudggenerator.graph_generator.graphs.lambda_precision_udg.LambdaPrecisionUDG object at 0x7fd168be8200>, <lambdaprecisionudggenerator.graph_generator.graphs.lambda_precision_udg.LambdaPrecisionUDG object at 0x7fd168be8290>, <lambdaprecisionudggenerator.graph_generator.graphs.lambda_precision_udg.LambdaPrecisionUDG object at 0x7fd168be8320>, <lambdaprecisionudggenerator.graph_generator.graphs.lambda_precision_udg.LambdaPrecisionUDG object at 0x7fd168be83b0>, <lambdaprecisionudggenerator.graph_generator.graphs.lambda_precision_udg.LambdaPrecisionUDG object at 0x7fd168be8440>, <lambdaprecisionudggenerator.graph_generator.graphs.lambda_precision_udg.LambdaPrecisionUDG object at 0x7fd168be84d0>, <lambdaprecisionudggenerator.graph_generator.graphs.lambda_precision_udg.LambdaPrecisionUDG object at 0x7fd168be8560>], logger=<Logger lambdaprecisionudggenerator.graph_generator.seeds.seed (DEBUG)>), GeneratorSeed(node_number=40, min_distance=0.103515625, radius=0.22499999999999998, coverage_bound=(0.85, 0.9), avg_deg_bound=(4, 4.25), probability_connected=0.9, sample_size=10, graphs=[<lambdaprecisionudggenerator.graph_generator.graphs.lambda_precision_udg.LambdaPrecisionUDG object at 0x7fd168be85f0>, <lambdaprecisionudggenerator.graph_generator.graphs.lambda_precision_udg.LambdaPrecisionUDG object at 0x7fd168be8680>, <lambdaprecisionudggenerator.graph_generator.graphs.lambda_precision_udg.LambdaPrecisionUDG object at 0x7fd168be8710>, <lambdaprecisionudggenerator.graph_generator.graphs.lambda_precision_udg.LambdaPrecisionUDG object at 0x7fd168be87a0>, <lambdaprecisionudggenerator.graph_generator.graphs.lambda_precision_udg.LambdaPrecisionUDG object at 0x7fd168be8830>, <lambdaprecisionudggenerator.graph_generator.graphs.lambda_precision_udg.LambdaPrecisionUDG object at 0x7fd168be88c0>, <lambdaprecisionudggenerator.graph_generator.graphs.lambda_precision_udg.LambdaPrecisionUDG object at 0x7fd168be8950>, <lambdaprecisionudggenerator.graph_generator.graphs.lambda_precision_udg.LambdaPrecisionUDG object at 0x7fd168be89e0>, <lambdaprecisionudggenerator.graph_generator.graphs.lambda_precision_udg.LambdaPrecisionUDG object at 0x7fd168be8a70>, <lambdaprecisionudggenerator.graph_generator.graphs.lambda_precision_udg.LambdaPrecisionUDG object at 0x7fd168be8b00>], logger=<Logger lambdaprecisionudggenerator.graph_generator.seeds.seed (DEBUG)>), GeneratorSeed(node_number=20, min_distance=0.150390625, radius=0.3375, coverage_bound=(0.85, 0.9), avg_deg_bound=(4, 4.25), probability_connected=1.0, sample_size=10, graphs=[<lambdaprecisionudggenerator.graph_generator.graphs.lambda_precision_udg.LambdaPrecisionUDG object at 0x7fd168be8b90>, <lambdaprecisionudggenerator.graph_generator.graphs.lambda_precision_udg.LambdaPrecisionUDG object at 0x7fd168be8c20>, <lambdaprecisionudggenerator.graph_generator.graphs.lambda_precision_udg.LambdaPrecisionUDG object at 0x7fd168be8cb0>, <lambdaprecisionudggenerator.graph_generator.graphs.lambda_precision_udg.LambdaPrecisionUDG object at 0x7fd168be8d40>, <lambdaprecisionudggenerator.graph_generator.graphs.lambda_precision_udg.LambdaPrecisionUDG object at 0x7fd168be8dd0>, <lambdaprecisionudggenerator.graph_generator.graphs.lambda_precision_udg.LambdaPrecisionUDG object at 0x7fd168be8e60>, <lambdaprecisionudggenerator.graph_generator.graphs.lambda_precision_udg.LambdaPrecisionUDG object at 0x7fd168be8ef0>, <lambdaprecisionudggenerator.graph_generator.graphs.lambda_precision_udg.LambdaPrecisionUDG object at 0x7fd168be8f80>, <lambdaprecisionudggenerator.graph_generator.graphs.lambda_precision_udg.LambdaPrecisionUDG object at 0x7fd168be9010>, <lambdaprecisionudggenerator.graph_generator.graphs.lambda_precision_udg.LambdaPrecisionUDG object at 0x7fd168be90a0>], logger=<Logger lambdaprecisionudggenerator.graph_generator.seeds.seed (DEBUG)>), GeneratorSeed(node_number=20, min_distance=0.1484375, radius=0.384375, coverage_bound=(0.85, 0.9), avg_deg_bound=(5, 5.25), probability_connected=1.0, sample_size=10, graphs=[<lambdaprecisionudggenerator.graph_generator.graphs.lambda_precision_udg.LambdaPrecisionUDG object at 0x7fd168be9130>, <lambdaprecisionudggenerator.graph_generator.graphs.lambda_precision_udg.LambdaPrecisionUDG object at 0x7fd168be91c0>, <lambdaprecisionudggenerator.graph_generator.graphs.lambda_precision_udg.LambdaPrecisionUDG object at 0x7fd168be9250>, <lambdaprecisionudggenerator.graph_generator.graphs.lambda_precision_udg.LambdaPrecisionUDG object at 0x7fd168be92e0>, <lambdaprecisionudggenerator.graph_generator.graphs.lambda_precision_udg.LambdaPrecisionUDG object at 0x7fd168be9370>, <lambdaprecisionudggenerator.graph_generator.graphs.lambda_precision_udg.LambdaPrecisionUDG object at 0x7fd168be9400>, <lambdaprecisionudggenerator.graph_generator.graphs.lambda_precision_udg.LambdaPrecisionUDG object at 0x7fd168be9490>, <lambdaprecisionudggenerator.graph_generator.graphs.lambda_precision_udg.LambdaPrecisionUDG object at 0x7fd168be9520>, <lambdaprecisionudggenerator.graph_generator.graphs.lambda_precision_udg.LambdaPrecisionUDG object at 0x7fd168be95b0>, <lambdaprecisionudggenerator.graph_generator.graphs.lambda_precision_udg.LambdaPrecisionUDG object at 0x7fd168be9640>], logger=<Logger lambdaprecisionudggenerator.graph_generator.seeds.seed (DEBUG)>), GeneratorSeed(node_number=40, min_distance=0.10546875, radius=0.25078124999999996, coverage_bound=(0.85, 0.9), avg_deg_bound=(5, 5.25), probability_connected=1.0, sample_size=10, graphs=[<lambdaprecisionudggenerator.graph_generator.graphs.lambda_precision_udg.LambdaPrecisionUDG object at 0x7fd168be96d0>, <lambdaprecisionudggenerator.graph_generator.graphs.lambda_precision_udg.LambdaPrecisionUDG object at 0x7fd168be9760>, <lambdaprecisionudggenerator.graph_generator.graphs.lambda_precision_udg.LambdaPrecisionUDG object at 0x7fd168be97f0>, <lambdaprecisionudggenerator.graph_generator.graphs.lambda_precision_udg.LambdaPrecisionUDG object at 0x7fd168be9880>, <lambdaprecisionudggenerator.graph_generator.graphs.lambda_precision_udg.LambdaPrecisionUDG object at 0x7fd168be9910>, <lambdaprecisionudggenerator.graph_generator.graphs.lambda_precision_udg.LambdaPrecisionUDG object at 0x7fd168be99a0>, <lambdaprecisionudggenerator.graph_generator.graphs.lambda_precision_udg.LambdaPrecisionUDG object at 0x7fd168be9a30>, <lambdaprecisionudggenerator.graph_generator.graphs.lambda_precision_udg.LambdaPrecisionUDG object at 0x7fd168be9ac0>, <lambdaprecisionudggenerator.graph_generator.graphs.lambda_precision_udg.LambdaPrecisionUDG object at 0x7fd168be9b50>, <lambdaprecisionudggenerator.graph_generator.graphs.lambda_precision_udg.LambdaPrecisionUDG object at 0x7fd168be9be0>], logger=<Logger lambdaprecisionudggenerator.graph_generator.seeds.seed (DEBUG)>)] = <lambdaprecisionudggenerator.graph_generator.seeds.database.GeneratorSeedDB object at 0x7fd168910050>.seeds

tests/test_generator_seeds.py:106: AssertionError
---------------------------- Captured stderr setup -----------------------------
Traceback (most recent call last):
  File "/usr/lib/python3.13/multiprocessing/resource_tracker.py", line 295, in main
    raise ValueError(
        f'Cannot register {name} for automatic cleanup: '
        f'unknown resource type {rtype}')
ValueError: Cannot register /tmp/joblib_memmapping_folder_35246_2fbff40e97414bd9a9f43d07447bd462_cb7b569f184848bbbfaf9372b7b19ee1 for automatic cleanup: unknown resource type folder
Traceback (most recent call last):
  File "/usr/lib/python3.13/multiprocessing/resource_tracker.py", line 295, in main
    raise ValueError(
        f'Cannot register {name} for automatic cleanup: '
        f'unknown resource type {rtype}')
ValueError: Cannot register /loky-35246-g0f237mp for automatic cleanup: unknown resource type semlock
Traceback (most recent call last):
  File "/usr/lib/python3.13/multiprocessing/resource_tracker.py", line 295, in main
    raise ValueError(
        f'Cannot register {name} for automatic cleanup: '
        f'unknown resource type {rtype}')
ValueError: Cannot register /loky-35246-g_638equ for automatic cleanup: unknown resource type semlock
Traceback (most recent call last):
  File "/usr/lib/python3.13/multiprocessing/resource_tracker.py", line 295, in main
    raise ValueError(
        f'Cannot register {name} for automatic cleanup: '
        f'unknown resource type {rtype}')
ValueError: Cannot register /loky-35246-9g3kiy66 for automatic cleanup: unknown resource type semlock
Traceback (most recent call last):
  File "/usr/lib/python3.13/multiprocessing/resource_tracker.py", line 295, in main
    raise ValueError(
        f'Cannot register {name} for automatic cleanup: '
        f'unknown resource type {rtype}')
ValueError: Cannot register /loky-35246-__zzb7w5 for automatic cleanup: unknown resource type semlock
Traceback (most recent call last):
  File "/usr/lib/python3.13/multiprocessing/resource_tracker.py", line 295, in main
    raise ValueError(
        f'Cannot register {name} for automatic cleanup: '
        f'unknown resource type {rtype}')
ValueError: Cannot register /loky-35246-2skdqn57 for automatic cleanup: unknown resource type semlock
Traceback (most recent call last):
  File "/usr/lib/python3.13/multiprocessing/resource_tracker.py", line 295, in main
    raise ValueError(
        f'Cannot register {name} for automatic cleanup: '
        f'unknown resource type {rtype}')
ValueError: Cannot register /loky-35246-i4izkk5q for automatic cleanup: unknown resource type semlock
Traceback (most recent call last):
  File "/usr/lib/python3.13/multiprocessing/resource_tracker.py", line 295, in main
    raise ValueError(
        f'Cannot register {name} for automatic cleanup: '
        f'unknown resource type {rtype}')
ValueError: Cannot register /tmp/joblib_memmapping_folder_35246_2fbff40e97414bd9a9f43d07447bd462_4a998eb8a41649e1bfd174220b81b605 for automatic cleanup: unknown resource type folder
Traceback (most recent call last):
  File "/usr/lib/python3.13/multiprocessing/resource_tracker.py", line 295, in main
    raise ValueError(
        f'Cannot register {name} for automatic cleanup: '
        f'unknown resource type {rtype}')
ValueError: Cannot register /loky-35246-antmgfq3 for automatic cleanup: unknown resource type semlock
Traceback (most recent call last):
  File "/usr/lib/python3.13/multiprocessing/resource_tracker.py", line 295, in main
    raise ValueError(
        f'Cannot register {name} for automatic cleanup: '
        f'unknown resource type {rtype}')
ValueError: Cannot register /loky-35246-z6dv4im4 for automatic cleanup: unknown resource type semlock
Traceback (most recent call last):
  File "/usr/lib/python3.13/multiprocessing/resource_tracker.py", line 295, in main
    raise ValueError(
        f'Cannot register {name} for automatic cleanup: '
        f'unknown resource type {rtype}')
ValueError: Cannot register /loky-35246-km5nn4bo for automatic cleanup: unknown resource type semlock
Traceback (most recent call last):
  File "/usr/lib/python3.13/multiprocessing/resource_tracker.py", line 295, in main
    raise ValueError(
        f'Cannot register {name} for automatic cleanup: '
        f'unknown resource type {rtype}')
ValueError: Cannot register /loky-35246-ezmczoof for automatic cleanup: unknown resource type semlock
Traceback (most recent call last):
  File "/usr/lib/python3.13/multiprocessing/resource_tracker.py", line 295, in main
    raise ValueError(
        f'Cannot register {name} for automatic cleanup: '
        f'unknown resource type {rtype}')
ValueError: Cannot register /loky-35246-ca1b47so for automatic cleanup: unknown resource type semlock
Traceback (most recent call last):
  File "/usr/lib/python3.13/multiprocessing/resource_tracker.py", line 295, in main
    raise ValueError(
        f'Cannot register {name} for automatic cleanup: '
        f'unknown resource type {rtype}')
ValueError: Cannot register /loky-35246-do_59un1 for automatic cleanup: unknown resource type semlock
Traceback (most recent call last):
  File "/usr/lib/python3.13/multiprocessing/resource_tracker.py", line 295, in main
    raise ValueError(
        f'Cannot register {name} for automatic cleanup: '
        f'unknown resource type {rtype}')
ValueError: Cannot register /loky-35246-ubmelbbi for automatic cleanup: unknown resource type semlock
Traceback (most recent call last):
  File "/usr/lib/python3.13/multiprocessing/resource_tracker.py", line 295, in main
    raise ValueError(
        f'Cannot register {name} for automatic cleanup: '
        f'unknown resource type {rtype}')
ValueError: Cannot register /loky-35246-l_diyk7q for automatic cleanup: unknown resource type semlock
Traceback (most recent call last):
  File "/usr/lib/python3.13/multiprocessing/resource_tracker.py", line 295, in main
    raise ValueError(
        f'Cannot register {name} for automatic cleanup: '
        f'unknown resource type {rtype}')
ValueError: Cannot register /loky-35246-zgoktywm for automatic cleanup: unknown resource type semlock
Traceback (most recent call last):
  File "/usr/lib/python3.13/multiprocessing/resource_tracker.py", line 295, in main
    raise ValueError(
        f'Cannot register {name} for automatic cleanup: '
        f'unknown resource type {rtype}')
ValueError: Cannot register /loky-35246-l0qhos2r for automatic cleanup: unknown resource type semlock
Traceback (most recent call last):
  File "/usr/lib/python3.13/multiprocessing/resource_tracker.py", line 295, in main
    raise ValueError(
        f'Cannot register {name} for automatic cleanup: '
        f'unknown resource type {rtype}')
ValueError: Cannot register /loky-35246-wyn3cco3 for automatic cleanup: unknown resource type semlock
Traceback (most recent call last):
  File "/usr/lib/python3.13/multiprocessing/resource_tracker.py", line 295, in main
    raise ValueError(
        f'Cannot register {name} for automatic cleanup: '
        f'unknown resource type {rtype}')
ValueError: Cannot register /loky-35246-o7gyx266 for automatic cleanup: unknown resource type semlock
Traceback (most recent call last):
  File "/usr/lib/python3.13/multiprocessing/resource_tracker.py", line 295, in main
    raise ValueError(
        f'Cannot register {name} for automatic cleanup: '
        f'unknown resource type {rtype}')
ValueError: Cannot register /tmp/joblib_memmapping_folder_35246_25ac11bf5d61447babf725bb13c9ff27_fc28f0ee42ed48f9a91e84dc1f062a17 for automatic cleanup: unknown resource type folder
Traceback (most recent call last):
  File "/usr/lib/python3.13/multiprocessing/resource_tracker.py", line 295, in main
    raise ValueError(
        f'Cannot register {name} for automatic cleanup: '
        f'unknown resource type {rtype}')
ValueError: Cannot register /tmp/joblib_memmapping_folder_35246_2fbff40e97414bd9a9f43d07447bd462_1f4283b7fd684f6ea659060c9d989733 for automatic cleanup: unknown resource type folder
Traceback (most recent call last):
  File "/usr/lib/python3.13/multiprocessing/resource_tracker.py", line 295, in main
    raise ValueError(
        f'Cannot register {name} for automatic cleanup: '
        f'unknown resource type {rtype}')
ValueError: Cannot register /tmp/joblib_memmapping_folder_35246_6c1d47592a4142ecafd9fd218ac67d86_8a35ff6e60bf4ad09eb7030b31007f63 for automatic cleanup: unknown resource type folder
Traceback (most recent call last):
  File "/usr/lib/python3.13/multiprocessing/resource_tracker.py", line 295, in main
    raise ValueError(
        f'Cannot register {name} for automatic cleanup: '
        f'unknown resource type {rtype}')
ValueError: Cannot register /tmp/joblib_memmapping_folder_35246_2fbff40e97414bd9a9f43d07447bd462_9f83a4c5fa474946abf87cbaab5e62b4 for automatic cleanup: unknown resource type folder
Traceback (most recent call last):
  File "/usr/lib/python3.13/multiprocessing/resource_tracker.py", line 295, in main
    raise ValueError(
        f'Cannot register {name} for automatic cleanup: '
        f'unknown resource type {rtype}')
ValueError: Cannot register /tmp/joblib_memmapping_folder_35246_bc4fbe8da9514626bc55927401df2d5f_e8e734b7156e4229af9a17f72096e25a for automatic cleanup: unknown resource type folder
Traceback (most recent call last):
  File "/usr/lib/python3.13/multiprocessing/resource_tracker.py", line 295, in main
    raise ValueError(
        f'Cannot register {name} for automatic cleanup: '
        f'unknown resource type {rtype}')
ValueError: Cannot register /tmp/joblib_memmapping_folder_35246_2fbff40e97414bd9a9f43d07447bd462_f83b75c4416542ffa3d56d91085f99f0 for automatic cleanup: unknown resource type folder
Traceback (most recent call last):
  File "/usr/lib/python3.13/multiprocessing/resource_tracker.py", line 295, in main
    raise ValueError(
        f'Cannot register {name} for automatic cleanup: '
        f'unknown resource type {rtype}')
ValueError: Cannot register /tmp/joblib_memmapping_folder_35246_c6f136a5c7e849ebb2ada2109b6652f6_da7358de958f4dbaa8e7af087f07f905 for automatic cleanup: unknown resource type folder
Traceback (most recent call last):
  File "/usr/lib/python3.13/multiprocessing/resource_tracker.py", line 295, in main
    raise ValueError(
        f'Cannot register {name} for automatic cleanup: '
        f'unknown resource type {rtype}')
ValueError: Cannot register /tmp/joblib_memmapping_folder_35246_2fbff40e97414bd9a9f43d07447bd462_6d64c8cbf2834b309a0aa2952c355706 for automatic cleanup: unknown resource type folder
Traceback (most recent call last):
  File "/usr/lib/python3.13/multiprocessing/resource_tracker.py", line 295, in main
    raise ValueError(
        f'Cannot register {name} for automatic cleanup: '
        f'unknown resource type {rtype}')
ValueError: Cannot register /tmp/joblib_memmapping_folder_35246_f7bf9962f0714dcea91b704b5d57d6e7_4fd3e01c72dc4e3f8ef756a5d568354a for automatic cleanup: unknown resource type folder
Traceback (most recent call last):
  File "/usr/lib/python3.13/multiprocessing/resource_tracker.py", line 295, in main
    raise ValueError(
        f'Cannot register {name} for automatic cleanup: '
        f'unknown resource type {rtype}')
ValueError: Cannot register /tmp/joblib_memmapping_folder_35246_2fbff40e97414bd9a9f43d07447bd462_a31b7888d0f5469882bfe0de668b179f for automatic cleanup: unknown resource type folder
Traceback (most recent call last):
  File "/usr/lib/python3.13/multiprocessing/resource_tracker.py", line 295, in main
    raise ValueError(
        f'Cannot register {name} for automatic cleanup: '
        f'unknown resource type {rtype}')
ValueError: Cannot register /tmp/joblib_memmapping_folder_35246_3c55ed93d4a24e328bf25284dfd3e7ce_324e18c527f34828bd44e1561c8856ec for automatic cleanup: unknown resource type folder
Traceback (most recent call last):
  File "/usr/lib/python3.13/multiprocessing/resource_tracker.py", line 295, in main
    raise ValueError(
        f'Cannot register {name} for automatic cleanup: '
        f'unknown resource type {rtype}')
ValueError: Cannot register /tmp/joblib_memmapping_folder_35246_2fbff40e97414bd9a9f43d07447bd462_2289108ded7541328c9c14b1159815f3 for automatic cleanup: unknown resource type folder
Traceback (most recent call last):
  File "/usr/lib/python3.13/multiprocessing/resource_tracker.py", line 295, in main
    raise ValueError(
        f'Cannot register {name} for automatic cleanup: '
        f'unknown resource type {rtype}')
ValueError: Cannot register /tmp/joblib_memmapping_folder_35246_2fd3f79aa68e48728a72c8dea64496c8_7dec7427045847fda5976e1fc2ae9856 for automatic cleanup: unknown resource type folder
Traceback (most recent call last):
  File "/usr/lib/python3.13/multiprocessing/resource_tracker.py", line 295, in main
    raise ValueError(
        f'Cannot register {name} for automatic cleanup: '
        f'unknown resource type {rtype}')
ValueError: Cannot register /tmp/joblib_memmapping_folder_35246_2fbff40e97414bd9a9f43d07447bd462_00ddb777a31c46b09f421b81c23fc1a7 for automatic cleanup: unknown resource type folder
Traceback (most recent call last):
  File "/usr/lib/python3.13/multiprocessing/resource_tracker.py", line 295, in main
    raise ValueError(
        f'Cannot register {name} for automatic cleanup: '
        f'unknown resource type {rtype}')
ValueError: Cannot register /tmp/joblib_memmapping_folder_35246_cb9c9aff61b0420fb8782fc8ef2a00c2_eb26d5f7c72c45bdb4ed63dcfaefd8b1 for automatic cleanup: unknown resource type folder
Traceback (most recent call last):
  File "/usr/lib/python3.13/multiprocessing/resource_tracker.py", line 295, in main
    raise ValueError(
        f'Cannot register {name} for automatic cleanup: '
        f'unknown resource type {rtype}')
ValueError: Cannot register /tmp/joblib_memmapping_folder_35246_2fbff40e97414bd9a9f43d07447bd462_0366889104c84aabb931b0d7e2082375 for automatic cleanup: unknown resource type folder
Traceback (most recent call last):
  File "/usr/lib/python3.13/multiprocessing/resource_tracker.py", line 295, in main
    raise ValueError(
        f'Cannot register {name} for automatic cleanup: '
        f'unknown resource type {rtype}')
ValueError: Cannot register /tmp/joblib_memmapping_folder_35246_6eb8db28aa924030a224b9ce73328c96_968fa8b1855a48139def1286510ea656 for automatic cleanup: unknown resource type folder
Traceback (most recent call last):
  File "/usr/lib/python3.13/multiprocessing/resource_tracker.py", line 295, in main
    raise ValueError(
        f'Cannot register {name} for automatic cleanup: '
        f'unknown resource type {rtype}')
ValueError: Cannot register /tmp/joblib_memmapping_folder_35246_2fbff40e97414bd9a9f43d07447bd462_3fa6df7cd193464db9b60a57adb8fc6c for automatic cleanup: unknown resource type folder
Traceback (most recent call last):
  File "/usr/lib/python3.13/multiprocessing/resource_tracker.py", line 295, in main
    raise ValueError(
        f'Cannot register {name} for automatic cleanup: '
        f'unknown resource type {rtype}')
ValueError: Cannot register /tmp/joblib_memmapping_folder_35246_c4e3a109f45b4f618b82c0516d74d1c0_b8b1d9381ad245fca22ba835880d54d2 for automatic cleanup: unknown resource type folder
Traceback (most recent call last):
  File "/usr/lib/python3.13/multiprocessing/resource_tracker.py", line 295, in main
    raise ValueError(
        f'Cannot register {name} for automatic cleanup: '
        f'unknown resource type {rtype}')
ValueError: Cannot register /tmp/joblib_memmapping_folder_35246_2fbff40e97414bd9a9f43d07447bd462_1779cf25d4b3423f9419e394c55b35dc for automatic cleanup: unknown resource type folder
Traceback (most recent call last):
  File "/usr/lib/python3.13/multiprocessing/resource_tracker.py", line 295, in main
    raise ValueError(
        f'Cannot register {name} for automatic cleanup: '
        f'unknown resource type {rtype}')
ValueError: Cannot register /tmp/joblib_memmapping_folder_35246_3193ef16643144e094e512f96af41981_9ade6b72cbe4416ab63c5062e39efabd for automatic cleanup: unknown resource type folder
Traceback (most recent call last):
  File "/usr/lib/python3.13/multiprocessing/resource_tracker.py", line 295, in main
    raise ValueError(
        f'Cannot register {name} for automatic cleanup: '
        f'unknown resource type {rtype}')
ValueError: Cannot register /tmp/joblib_memmapping_folder_35246_2fbff40e97414bd9a9f43d07447bd462_ec6ed35ca074476fa93cb53abab9318f for automatic cleanup: unknown resource type folder
Traceback (most recent call last):
  File "/usr/lib/python3.13/multiprocessing/resource_tracker.py", line 295, in main
    raise ValueError(
        f'Cannot register {name} for automatic cleanup: '
        f'unknown resource type {rtype}')
ValueError: Cannot register /tmp/joblib_memmapping_folder_35246_5f6c49d9b09c4f29af44bda5d627089e_afc80733b35c434ca1ffca7fe10e34f6 for automatic cleanup: unknown resource type folder
Traceback (most recent call last):
  File "/usr/lib/python3.13/multiprocessing/resource_tracker.py", line 295, in main
    raise ValueError(
        f'Cannot register {name} for automatic cleanup: '
        f'unknown resource type {rtype}')
ValueError: Cannot register /tmp/joblib_memmapping_folder_35246_2fbff40e97414bd9a9f43d07447bd462_ce323c05290c4ffd82e951448f21651c for automatic cleanup: unknown resource type folder
Traceback (most recent call last):
  File "/usr/lib/python3.13/multiprocessing/resource_tracker.py", line 295, in main
    raise ValueError(
        f'Cannot register {name} for automatic cleanup: '
        f'unknown resource type {rtype}')
ValueError: Cannot register /tmp/joblib_memmapping_folder_35246_48da26dbc5b04335ae3e485185997c05_365e77b7992a4dd38f9b742f9cf351e7 for automatic cleanup: unknown resource type folder
Traceback (most recent call last):
  File "/usr/lib/python3.13/multiprocessing/resource_tracker.py", line 295, in main
    raise ValueError(
        f'Cannot register {name} for automatic cleanup: '
        f'unknown resource type {rtype}')
ValueError: Cannot register /tmp/joblib_memmapping_folder_35246_2fbff40e97414bd9a9f43d07447bd462_db421503529a44c5bd03e2f7b4875a0f for automatic cleanup: unknown resource type folder
Traceback (most recent call last):
  File "/usr/lib/python3.13/multiprocessing/resource_tracker.py", line 295, in main
    raise ValueError(
        f'Cannot register {name} for automatic cleanup: '
        f'unknown resource type {rtype}')
ValueError: Cannot register /tmp/joblib_memmapping_folder_35246_3cfa670bea77480090c330545344d7e4_83875ce70b494763a50b7cea9b9b456e for automatic cleanup: unknown resource type folder
Traceback (most recent call last):
  File "/usr/lib/python3.13/multiprocessing/resource_tracker.py", line 295, in main
    raise ValueError(
        f'Cannot register {name} for automatic cleanup: '
        f'unknown resource type {rtype}')
ValueError: Cannot register /tmp/joblib_memmapping_folder_35246_2fbff40e97414bd9a9f43d07447bd462_9028fbdd73414704b6325f00f57e498f for automatic cleanup: unknown resource type folder
Traceback (most recent call last):
  File "/usr/lib/python3.13/multiprocessing/resource_tracker.py", line 295, in main
    raise ValueError(
        f'Cannot register {name} for automatic cleanup: '
        f'unknown resource type {rtype}')
ValueError: Cannot register /tmp/joblib_memmapping_folder_35246_a09d05a41811490087106943ba8189ee_02810d493be84344aa49179458c673e2 for automatic cleanup: unknown resource type folder
Traceback (most recent call last):
  File "/usr/lib/python3.13/multiprocessing/resource_tracker.py", line 295, in main
    raise ValueError(
        f'Cannot register {name} for automatic cleanup: '
        f'unknown resource type {rtype}')
ValueError: Cannot register /tmp/joblib_memmapping_folder_35246_2fbff40e97414bd9a9f43d07447bd462_4687308347fe42e288bcc31bb6f8e8a6 for automatic cleanup: unknown resource type folder
----------------------------- Captured stderr call -----------------------------
[INFO] lambdaprecisionudggenerator.graph_generator.seeds.seed: UDGGeneratorSeed.serialize ../test_output/test_generator_seeds/seeds/test_seeds.db/140537843240976.pkl
[INFO] lambdaprecisionudggenerator.graph_generator.seeds.seed: UDGGeneratorSeed.serialize ../test_output/test_generator_seeds/seeds/test_seeds.db/140538039990416.pkl
[INFO] lambdaprecisionudggenerator.graph_generator.seeds.seed: UDGGeneratorSeed.serialize ../test_output/test_generator_seeds/seeds/test_seeds.db/140538039990736.pkl
[INFO] lambdaprecisionudggenerator.graph_generator.seeds.seed: UDGGeneratorSeed.serialize ../test_output/test_generator_seeds/seeds/test_seeds.db/140538123369088.pkl
[INFO] lambdaprecisionudggenerator.graph_generator.seeds.seed: UDGGeneratorSeed.serialize ../test_output/test_generator_seeds/seeds/test_seeds.db/140537841385552.pkl
[INFO] lambdaprecisionudggenerator.graph_generator.seeds.seed: UDGGeneratorSeed.serialize ../test_output/test_generator_seeds/seeds/test_seeds.db/140537840903536.pkl
[INFO] lambdaprecisionudggenerator.graph_generator.seeds.seed: UDGGeneratorSeed.deserialize ../test_output/test_generator_seeds/seeds/test_seeds.db/127758890649168.pkl
[INFO] lambdaprecisionudggenerator.graph_generator.seeds.seed: UDGGeneratorSeed.deserialize ../test_output/test_generator_seeds/seeds/test_seeds.db/140538123369088.pkl
[INFO] lambdaprecisionudggenerator.graph_generator.seeds.seed: UDGGeneratorSeed.deserialize ../test_output/test_generator_seeds/seeds/test_seeds.db/130728500895920.pkl
[INFO] lambdaprecisionudggenerator.graph_generator.seeds.seed: UDGGeneratorSeed.deserialize ../test_output/test_generator_seeds/seeds/test_seeds.db/135115524948656.pkl
[INFO] lambdaprecisionudggenerator.graph_generator.seeds.seed: UDGGeneratorSeed.deserialize ../test_output/test_generator_seeds/seeds/test_seeds.db/127757692920528.pkl
[INFO] lambdaprecisionudggenerator.graph_generator.seeds.seed: UDGGeneratorSeed.deserialize ../test_output/test_generator_seeds/seeds/test_seeds.db/130728501207568.pkl
[INFO] lambdaprecisionudggenerator.graph_generator.seeds.seed: UDGGeneratorSeed.deserialize ../test_output/test_generator_seeds/seeds/test_seeds.db/130610092804816.pkl
[INFO] lambdaprecisionudggenerator.graph_generator.seeds.seed: UDGGeneratorSeed.deserialize ../test_output/test_generator_seeds/seeds/test_seeds.db/127757693634704.pkl
[INFO] lambdaprecisionudggenerator.graph_generator.seeds.seed: UDGGeneratorSeed.deserialize ../test_output/test_generator_seeds/seeds/test_seeds.db/127757693344128.pkl
[INFO] lambdaprecisionudggenerator.graph_generator.seeds.seed: UDGGeneratorSeed.deserialize ../test_output/test_generator_seeds/seeds/test_seeds.db/135116249184400.pkl
[INFO] lambdaprecisionudggenerator.graph_generator.seeds.seed: UDGGeneratorSeed.deserialize ../test_output/test_generator_seeds/seeds/test_seeds.db/130609486540496.pkl
[INFO] lambdaprecisionudggenerator.graph_generator.seeds.seed: UDGGeneratorSeed.deserialize ../test_output/test_generator_seeds/seeds/test_seeds.db/130728476998512.pkl
[INFO] lambdaprecisionudggenerator.graph_generator.seeds.seed: UDGGeneratorSeed.deserialize ../test_output/test_generator_seeds/seeds/test_seeds.db/127757693547056.pkl
[INFO] lambdaprecisionudggenerator.graph_generator.seeds.seed: UDGGeneratorSeed.deserialize ../test_output/test_generator_seeds/seeds/test_seeds.db/135115524148928.pkl
[INFO] lambdaprecisionudggenerator.graph_generator.seeds.seed: UDGGeneratorSeed.deserialize ../test_output/test_generator_seeds/seeds/test_seeds.db/130610090721808.pkl
[INFO] lambdaprecisionudggenerator.graph_generator.seeds.seed: UDGGeneratorSeed.deserialize ../test_output/test_generator_seeds/seeds/test_seeds.db/130609468144848.pkl
[INFO] lambdaprecisionudggenerator.graph_generator.seeds.seed: UDGGeneratorSeed.deserialize ../test_output/test_generator_seeds/seeds/test_seeds.db/130728476998864.pkl
[INFO] lambdaprecisionudggenerator.graph_generator.seeds.seed: UDGGeneratorSeed.deserialize ../test_output/test_generator_seeds/seeds/test_seeds.db/135116249186000.pkl
[INFO] lambdaprecisionudggenerator.graph_generator.seeds.seed: UDGGeneratorSeed.deserialize ../test_output/test_generator_seeds/seeds/test_seeds.db/140538039990736.pkl
[INFO] lambdaprecisionudggenerator.graph_generator.seeds.seed: UDGGeneratorSeed.deserialize ../test_output/test_generator_seeds/seeds/test_seeds.db/130609419858400.pkl
[INFO] lambdaprecisionudggenerator.graph_generator.seeds.seed: UDGGeneratorSeed.deserialize ../test_output/test_generator_seeds/seeds/test_seeds.db/127757693635760.pkl
[INFO] lambdaprecisionudggenerator.graph_generator.seeds.seed: UDGGeneratorSeed.deserialize ../test_output/test_generator_seeds/seeds/test_seeds.db/130728506988720.pkl
[INFO] lambdaprecisionudggenerator.graph_generator.seeds.seed: UDGGeneratorSeed.deserialize ../test_output/test_generator_seeds/seeds/test_seeds.db/140537843240976.pkl
[INFO] lambdaprecisionudggenerator.graph_generator.seeds.seed: UDGGeneratorSeed.deserialize ../test_output/test_generator_seeds/seeds/test_seeds.db/140537841385552.pkl
[INFO] lambdaprecisionudggenerator.graph_generator.seeds.seed: UDGGeneratorSeed.deserialize ../test_output/test_generator_seeds/seeds/test_seeds.db/140537840903536.pkl
[INFO] lambdaprecisionudggenerator.graph_generator.seeds.seed: UDGGeneratorSeed.deserialize ../test_output/test_generator_seeds/seeds/test_seeds.db/135115524948048.pkl
[INFO] lambdaprecisionudggenerator.graph_generator.seeds.seed: UDGGeneratorSeed.deserialize ../test_output/test_generator_seeds/seeds/test_seeds.db/130609468144496.pkl
[INFO] lambdaprecisionudggenerator.graph_generator.seeds.seed: UDGGeneratorSeed.deserialize ../test_output/test_generator_seeds/seeds/test_seeds.db/140538039990416.pkl
[INFO] lambdaprecisionudggenerator.graph_generator.seeds.seed: UDGGeneratorSeed.deserialize ../test_output/test_generator_seeds/seeds/test_seeds.db/130729107524304.pkl
[INFO] lambdaprecisionudggenerator.graph_generator.seeds.seed: UDGGeneratorSeed.deserialize ../test_output/test_generator_seeds/seeds/test_seeds.db/135115518428368.pkl
[INFO] root: \begin{tabular}{rrrrrrr}
\hline
   \raggedleft $|V|$ &   \raggedleft $\deg_\exp$ &   \raggedleft $\lambda$ &   \raggedleft $r_{tr}$ &   \raggedleft $\overline{A_\text{cov}}$ &   \raggedleft $\overline{\deg_\text{avg}}$ &   \raggedleft $P_{connected}$ \\
\hline
                  20 &                         3 &                0.148438 &               0.3      &                                0.847686 &                                      3.12  &                           0.5 \\
                  20 &                         3 &                0.148438 &               0.290625 &                                0.862767 &                                      3.07  &                           0.4 \\
                  20 &                         3 &                0.148438 &               0.3      &                                0.857189 &                                      3.09  &                           0.8 \\
                  20 &                         3 &                0.150391 &               0.290625 &                                0.862809 &                                      3.06  &                           0.9 \\
                  20 &                         3 &                0.150391 &               0.295312 &                                0.867248 &                                      3.04  &                           0.7 \\
                  20 &                         4 &                0.148438 &               0.332813 &                                0.862767 &                                      4.09  &                           0.9 \\
                  20 &                         4 &                0.148438 &               0.3375   &                                0.857189 &                                      4.02  &                           1   \\
                  20 &                         4 &                0.150391 &               0.3375   &                                0.862809 &                                      4     &                           1   \\
                  20 &                         4 &                0.148438 &               0.3375   &                                0.847686 &                                      4.01  &                           0.8 \\
                  20 &                         4 &                0.150391 &               0.3375   &                                0.867248 &                                      4.05  &                           1   \\
                  20 &                         5 &                0.148438 &               0.375    &                                0.862767 &                                      5.1   &                           0.9 \\
                  20 &                         5 &                0.150391 &               0.384375 &                                0.862809 &                                      5.11  &                           1   \\
                  20 &                         5 &                0.148438 &               0.384375 &                                0.857189 &                                      5.1   &                           1   \\
                  20 &                         5 &                0.150391 &               0.375    &                                0.867248 &                                      5.04  &                           1   \\
                  20 &                         5 &                0.148438 &               0.384375 &                                0.847686 &                                      5.1   &                           1   \\
                  40 &                         3 &                0.103516 &               0.196875 &                                0.866834 &                                      3.09  &                           0.3 \\
                  40 &                         3 &                0.105469 &               0.196875 &                                0.878574 &                                      3.12  &                           0.7 \\
                  40 &                         3 &                0.102539 &               0.196875 &                                0.860848 &                                      3.095 &                           0.5 \\
                  40 &                         3 &                0.102539 &               0.192188 &                                0.864968 &                                      3.025 &                           0.5 \\
                  40 &                         3 &                0.103516 &               0.196875 &                                0.863321 &                                      3.075 &                           0.3 \\
                  40 &                         4 &                0.102539 &               0.220312 &                                0.864968 &                                      4.055 &                           0.9 \\
                  40 &                         4 &                0.102539 &               0.222656 &                                0.860848 &                                      4.09  &                           0.7 \\
                  40 &                         4 &                0.103516 &               0.225    &                                0.866834 &                                      4.025 &                           1   \\
                  40 &                         4 &                0.105469 &               0.225    &                                0.878574 &                                      4.07  &                           0.9 \\
                  40 &                         4 &                0.103516 &               0.225    &                                0.863321 &                                      4.11  &                           0.9 \\
                  40 &                         5 &                0.102539 &               0.248437 &                                0.860848 &                                      5.12  &                           0.9 \\
                  40 &                         5 &                0.102539 &               0.24375  &                                0.864968 &                                      5.015 &                           1   \\
                  40 &                         5 &                0.103516 &               0.248437 &                                0.863321 &                                      5.015 &                           0.9 \\
                  40 &                         5 &                0.103516 &               0.248437 &                                0.866834 &                                      5.08  &                           1   \\
                  40 &                         5 &                0.105469 &               0.250781 &                                0.878574 &                                      5.09  &                           1   \\
\hline
\end{tabular}
------------------------------ Captured log call -------------------------------
INFO     lambdaprecisionudggenerator.graph_generator.seeds.seed:seed.py:259 UDGGeneratorSeed.serialize ../test_output/test_generator_seeds/seeds/test_seeds.db/140537843240976.pkl
INFO     lambdaprecisionudggenerator.graph_generator.seeds.seed:seed.py:259 UDGGeneratorSeed.serialize ../test_output/test_generator_seeds/seeds/test_seeds.db/140538039990416.pkl
INFO     lambdaprecisionudggenerator.graph_generator.seeds.seed:seed.py:259 UDGGeneratorSeed.serialize ../test_output/test_generator_seeds/seeds/test_seeds.db/140538039990736.pkl
INFO     lambdaprecisionudggenerator.graph_generator.seeds.seed:seed.py:259 UDGGeneratorSeed.serialize ../test_output/test_generator_seeds/seeds/test_seeds.db/140538123369088.pkl
INFO     lambdaprecisionudggenerator.graph_generator.seeds.seed:seed.py:259 UDGGeneratorSeed.serialize ../test_output/test_generator_seeds/seeds/test_seeds.db/140537841385552.pkl
INFO     lambdaprecisionudggenerator.graph_generator.seeds.seed:seed.py:259 UDGGeneratorSeed.serialize ../test_output/test_generator_seeds/seeds/test_seeds.db/140537840903536.pkl
INFO     lambdaprecisionudggenerator.graph_generator.seeds.seed:seed.py:276 UDGGeneratorSeed.deserialize ../test_output/test_generator_seeds/seeds/test_seeds.db/127758890649168.pkl
INFO     lambdaprecisionudggenerator.graph_generator.seeds.seed:seed.py:276 UDGGeneratorSeed.deserialize ../test_output/test_generator_seeds/seeds/test_seeds.db/140538123369088.pkl
INFO     lambdaprecisionudggenerator.graph_generator.seeds.seed:seed.py:276 UDGGeneratorSeed.deserialize ../test_output/test_generator_seeds/seeds/test_seeds.db/130728500895920.pkl
INFO     lambdaprecisionudggenerator.graph_generator.seeds.seed:seed.py:276 UDGGeneratorSeed.deserialize ../test_output/test_generator_seeds/seeds/test_seeds.db/135115524948656.pkl
INFO     lambdaprecisionudggenerator.graph_generator.seeds.seed:seed.py:276 UDGGeneratorSeed.deserialize ../test_output/test_generator_seeds/seeds/test_seeds.db/127757692920528.pkl
INFO     lambdaprecisionudggenerator.graph_generator.seeds.seed:seed.py:276 UDGGeneratorSeed.deserialize ../test_output/test_generator_seeds/seeds/test_seeds.db/130728501207568.pkl
INFO     lambdaprecisionudggenerator.graph_generator.seeds.seed:seed.py:276 UDGGeneratorSeed.deserialize ../test_output/test_generator_seeds/seeds/test_seeds.db/130610092804816.pkl
INFO     lambdaprecisionudggenerator.graph_generator.seeds.seed:seed.py:276 UDGGeneratorSeed.deserialize ../test_output/test_generator_seeds/seeds/test_seeds.db/127757693634704.pkl
INFO     lambdaprecisionudggenerator.graph_generator.seeds.seed:seed.py:276 UDGGeneratorSeed.deserialize ../test_output/test_generator_seeds/seeds/test_seeds.db/127757693344128.pkl
INFO     lambdaprecisionudggenerator.graph_generator.seeds.seed:seed.py:276 UDGGeneratorSeed.deserialize ../test_output/test_generator_seeds/seeds/test_seeds.db/135116249184400.pkl
INFO     lambdaprecisionudggenerator.graph_generator.seeds.seed:seed.py:276 UDGGeneratorSeed.deserialize ../test_output/test_generator_seeds/seeds/test_seeds.db/130609486540496.pkl
INFO     lambdaprecisionudggenerator.graph_generator.seeds.seed:seed.py:276 UDGGeneratorSeed.deserialize ../test_output/test_generator_seeds/seeds/test_seeds.db/130728476998512.pkl
INFO     lambdaprecisionudggenerator.graph_generator.seeds.seed:seed.py:276 UDGGeneratorSeed.deserialize ../test_output/test_generator_seeds/seeds/test_seeds.db/127757693547056.pkl
INFO     lambdaprecisionudggenerator.graph_generator.seeds.seed:seed.py:276 UDGGeneratorSeed.deserialize ../test_output/test_generator_seeds/seeds/test_seeds.db/135115524148928.pkl
INFO     lambdaprecisionudggenerator.graph_generator.seeds.seed:seed.py:276 UDGGeneratorSeed.deserialize ../test_output/test_generator_seeds/seeds/test_seeds.db/130610090721808.pkl
INFO     lambdaprecisionudggenerator.graph_generator.seeds.seed:seed.py:276 UDGGeneratorSeed.deserialize ../test_output/test_generator_seeds/seeds/test_seeds.db/130609468144848.pkl
INFO     lambdaprecisionudggenerator.graph_generator.seeds.seed:seed.py:276 UDGGeneratorSeed.deserialize ../test_output/test_generator_seeds/seeds/test_seeds.db/130728476998864.pkl
INFO     lambdaprecisionudggenerator.graph_generator.seeds.seed:seed.py:276 UDGGeneratorSeed.deserialize ../test_output/test_generator_seeds/seeds/test_seeds.db/135116249186000.pkl
INFO     lambdaprecisionudggenerator.graph_generator.seeds.seed:seed.py:276 UDGGeneratorSeed.deserialize ../test_output/test_generator_seeds/seeds/test_seeds.db/140538039990736.pkl
INFO     lambdaprecisionudggenerator.graph_generator.seeds.seed:seed.py:276 UDGGeneratorSeed.deserialize ../test_output/test_generator_seeds/seeds/test_seeds.db/130609419858400.pkl
INFO     lambdaprecisionudggenerator.graph_generator.seeds.seed:seed.py:276 UDGGeneratorSeed.deserialize ../test_output/test_generator_seeds/seeds/test_seeds.db/127757693635760.pkl
INFO     lambdaprecisionudggenerator.graph_generator.seeds.seed:seed.py:276 UDGGeneratorSeed.deserialize ../test_output/test_generator_seeds/seeds/test_seeds.db/130728506988720.pkl
INFO     lambdaprecisionudggenerator.graph_generator.seeds.seed:seed.py:276 UDGGeneratorSeed.deserialize ../test_output/test_generator_seeds/seeds/test_seeds.db/140537843240976.pkl
INFO     lambdaprecisionudggenerator.graph_generator.seeds.seed:seed.py:276 UDGGeneratorSeed.deserialize ../test_output/test_generator_seeds/seeds/test_seeds.db/140537841385552.pkl
INFO     lambdaprecisionudggenerator.graph_generator.seeds.seed:seed.py:276 UDGGeneratorSeed.deserialize ../test_output/test_generator_seeds/seeds/test_seeds.db/140537840903536.pkl
INFO     lambdaprecisionudggenerator.graph_generator.seeds.seed:seed.py:276 UDGGeneratorSeed.deserialize ../test_output/test_generator_seeds/seeds/test_seeds.db/135115524948048.pkl
INFO     lambdaprecisionudggenerator.graph_generator.seeds.seed:seed.py:276 UDGGeneratorSeed.deserialize ../test_output/test_generator_seeds/seeds/test_seeds.db/130609468144496.pkl
INFO     lambdaprecisionudggenerator.graph_generator.seeds.seed:seed.py:276 UDGGeneratorSeed.deserialize ../test_output/test_generator_seeds/seeds/test_seeds.db/140538039990416.pkl
INFO     lambdaprecisionudggenerator.graph_generator.seeds.seed:seed.py:276 UDGGeneratorSeed.deserialize ../test_output/test_generator_seeds/seeds/test_seeds.db/130729107524304.pkl
INFO     lambdaprecisionudggenerator.graph_generator.seeds.seed:seed.py:276 UDGGeneratorSeed.deserialize ../test_output/test_generator_seeds/seeds/test_seeds.db/135115518428368.pkl
INFO     root:test_generator_seeds.py:104 \begin{tabular}{rrrrrrr}
\hline
   \raggedleft $|V|$ &   \raggedleft $\deg_\exp$ &   \raggedleft $\lambda$ &   \raggedleft $r_{tr}$ &   \raggedleft $\overline{A_\text{cov}}$ &   \raggedleft $\overline{\deg_\text{avg}}$ &   \raggedleft $P_{connected}$ \\
\hline
                  20 &                         3 &                0.148438 &               0.3      &                                0.847686 &                                      3.12  &                           0.5 \\
                  20 &                         3 &                0.148438 &               0.290625 &                                0.862767 &                                      3.07  &                           0.4 \\
                  20 &                         3 &                0.148438 &               0.3      &                                0.857189 &                                      3.09  &                           0.8 \\
                  20 &                         3 &                0.150391 &               0.290625 &                                0.862809 &                                      3.06  &                           0.9 \\
                  20 &                         3 &                0.150391 &               0.295312 &                                0.867248 &                                      3.04  &                           0.7 \\
                  20 &                         4 &                0.148438 &               0.332813 &                                0.862767 &                                      4.09  &                           0.9 \\
                  20 &                         4 &                0.148438 &               0.3375   &                                0.857189 &                                      4.02  &                           1   \\
                  20 &                         4 &                0.150391 &               0.3375   &                                0.862809 &                                      4     &                           1   \\
                  20 &                         4 &                0.148438 &               0.3375   &                                0.847686 &                                      4.01  &                           0.8 \\
                  20 &                         4 &                0.150391 &               0.3375   &                                0.867248 &                                      4.05  &                           1   \\
                  20 &                         5 &                0.148438 &               0.375    &                                0.862767 &                                      5.1   &                           0.9 \\
                  20 &                         5 &                0.150391 &               0.384375 &                                0.862809 &                                      5.11  &                           1   \\
                  20 &                         5 &                0.148438 &               0.384375 &                                0.857189 &                                      5.1   &                           1   \\
                  20 &                         5 &                0.150391 &               0.375    &                                0.867248 &                                      5.04  &                           1   \\
                  20 &                         5 &                0.148438 &               0.384375 &                                0.847686 &                                      5.1   &                           1   \\
                  40 &                         3 &                0.103516 &               0.196875 &                                0.866834 &                                      3.09  &                           0.3 \\
                  40 &                         3 &                0.105469 &               0.196875 &                                0.878574 &                                      3.12  &                           0.7 \\
                  40 &                         3 &                0.102539 &               0.196875 &                                0.860848 &                                      3.095 &                           0.5 \\
                  40 &                         3 &                0.102539 &               0.192188 &                                0.864968 &                                      3.025 &                           0.5 \\
                  40 &                         3 &                0.103516 &               0.196875 &                                0.863321 &                                      3.075 &                           0.3 \\
                  40 &                         4 &                0.102539 &               0.220312 &                                0.864968 &                                      4.055 &                           0.9 \\
                  40 &                         4 &                0.102539 &               0.222656 &                                0.860848 &                                      4.09  &                           0.7 \\
                  40 &                         4 &                0.103516 &               0.225    &                                0.866834 &                                      4.025 &                           1   \\
                  40 &                         4 &                0.105469 &               0.225    &                                0.878574 &                                      4.07  &                           0.9 \\
                  40 &                         4 &                0.103516 &               0.225    &                                0.863321 &                                      4.11  &                           0.9 \\
                  40 &                         5 &                0.102539 &               0.248437 &                                0.860848 &                                      5.12  &                           0.9 \\
                  40 &                         5 &                0.102539 &               0.24375  &                                0.864968 &                                      5.015 &                           1   \\
                  40 &                         5 &                0.103516 &               0.248437 &                                0.863321 &                                      5.015 &                           0.9 \\
                  40 &                         5 &                0.103516 &               0.248437 &                                0.866834 &                                      5.08  &                           1   \\
                  40 &                         5 &                0.105469 &               0.250781 &                                0.878574 &                                      5.09  &                           1   \\
\hline
\end{tabular}
=========================== short test summary info ============================
FAILED tests/test_generator_seeds.py::test_serialization_and_deserialization - assert 6 == 30
 +  where 6 = len([GeneratorSeed(node_number=20, min_distance=0.150390625, radius=0.2953125, coverage_bound=(0.85, 0.9), avg_deg_bound=(3, 3.25), probability_connected=0.7, sample_size=10, graphs=[<lambdaprecisionudggenerator.graph_generator.graphs.lambda_precision_udg.LambdaPrecisionUDG object at 0x7fd184228b00>, <lambdaprecisionudggenerator.graph_generator.graphs.lambda_precision_udg.LambdaPrecisionUDG object at 0x7fd184228b90>, <lambdaprecisionudggenerator.graph_generator.graphs.lambda_precision_udg.LambdaPrecisionUDG object at 0x7fd184228c20>, <lambdaprecisionudggenerator.graph_generator.graphs.lambda_precision_udg.LambdaPrecisionUDG object at 0x7fd184228cb0>, <lambdaprecisionudggenerator.graph_generator.graphs.lambda_precision_udg.LambdaPrecisionUDG object at 0x7fd184228d40>, <lambdaprecisionudggenerator.graph_generator.graphs.lambda_precision_udg.LambdaPrecisionUDG object at 0x7fd184228dd0>, <lambdaprecisionudggenerator.graph_generator.graphs.lambda_precision_udg.LambdaPrecisionUDG object at 0x7fd184228e60>, <lambdaprecisionudggenerator.graph_generator.graphs.lambda_precision_udg.LambdaPrecisionUDG object at 0x7fd184228ef0>, <lambdaprecisionudggenerator.graph_generator.graphs.lambda_precision_udg.LambdaPrecisionUDG object at 0x7fd184228f80>, <lambdaprecisionudggenerator.graph_generator.graphs.lambda_precision_udg.LambdaPrecisionUDG object at 0x7fd184229010>], logger=<Logger lambdaprecisionudggenerator.graph_generator.seeds.seed (DEBUG)>), GeneratorSeed(node_number=20, min_distance=0.150390625, radius=0.3375, coverage_bound=(0.85, 0.9), avg_deg_bound=(4, 4.25), probability_connected=1.0, sample_size=10, graphs=[<lambdaprecisionudggenerator.graph_generator.graphs.lambda_precision_udg.LambdaPrecisionUDG object at 0x7fd18422a060>, <lambdaprecisionudggenerator.graph_generator.graphs.lambda_precision_udg.LambdaPrecisionUDG object at 0x7fd18422a0f0>, <lambdaprecisionudggenerator.graph_generator.graphs.lambda_precision_udg.LambdaPrecisionUDG object at 0x7fd18422a180>, <lambdaprecisionudggenerator.graph_generator.graphs.lambda_precision_udg.LambdaPrecisionUDG object at 0x7fd18422a210>, <lambdaprecisionudggenerator.graph_generator.graphs.lambda_precision_udg.LambdaPrecisionUDG object at 0x7fd18422a2a0>, <lambdaprecisionudggenerator.graph_generator.graphs.lambda_precision_udg.LambdaPrecisionUDG object at 0x7fd18422a330>, <lambdaprecisionudggenerator.graph_generator.graphs.lambda_precision_udg.LambdaPrecisionUDG object at 0x7fd18422a3c0>, <lambdaprecisionudggenerator.graph_generator.graphs.lambda_precision_udg.LambdaPrecisionUDG object at 0x7fd18422a450>, <lambdaprecisionudggenerator.graph_generator.graphs.lambda_precision_udg.LambdaPrecisionUDG object at 0x7fd18422a4e0>, <lambdaprecisionudggenerator.graph_generator.graphs.lambda_precision_udg.LambdaPrecisionUDG object at 0x7fd18422a570>], logger=<Logger lambdaprecisionudggenerator.graph_generator.seeds.seed (DEBUG)>), GeneratorSeed(node_number=20, min_distance=0.150390625, radius=0.375, coverage_bound=(0.85, 0.9), avg_deg_bound=(5, 5.25), probability_connected=1.0, sample_size=10, graphs=[<lambdaprecisionudggenerator.graph_generator.graphs.lambda_precision_udg.LambdaPrecisionUDG object at 0x7fd194f1f5c0>, <lambdaprecisionudggenerator.graph_generator.graphs.lambda_precision_udg.LambdaPrecisionUDG object at 0x7fd194f1f530>, <lambdaprecisionudggenerator.graph_generator.graphs.lambda_precision_udg.LambdaPrecisionUDG object at 0x7fd194f1f4a0>, <lambdaprecisionudggenerator.graph_generator.graphs.lambda_precision_udg.LambdaPrecisionUDG object at 0x7fd194f1f410>, <lambdaprecisionudggenerator.graph_generator.graphs.lambda_precision_udg.LambdaPrecisionUDG object at 0x7fd184229fd0>, <lambdaprecisionudggenerator.graph_generator.graphs.lambda_precision_udg.LambdaPrecisionUDG object at 0x7fd184229f40>, <lambdaprecisionudggenerator.graph_generator.graphs.lambda_precision_udg.LambdaPrecisionUDG object at 0x7fd184229eb0>, <lambdaprecisionudggenerator.graph_generator.graphs.lambda_precision_udg.LambdaPrecisionUDG object at 0x7fd184229e20>, <lambdaprecisionudggenerator.graph_generator.graphs.lambda_precision_udg.LambdaPrecisionUDG object at 0x7fd184229d90>, <lambdaprecisionudggenerator.graph_generator.graphs.lambda_precision_udg.LambdaPrecisionUDG object at 0x7fd184229d00>], logger=<Logger lambdaprecisionudggenerator.graph_generator.seeds.seed (DEBUG)>), GeneratorSeed(node_number=40, min_distance=0.103515625, radius=0.196875, coverage_bound=(0.85, 0.9), avg_deg_bound=(3, 3.25), probability_connected=0.3, sample_size=10, graphs=[<lambdaprecisionudggenerator.graph_generator.graphs.lambda_precision_udg.LambdaPrecisionUDG object at 0x7fd18422b5c0>, <lambdaprecisionudggenerator.graph_generator.graphs.lambda_precision_udg.LambdaPrecisionUDG object at 0x7fd18422b650>, <lambdaprecisionudggenerator.graph_generator.graphs.lambda_precision_udg.LambdaPrecisionUDG object at 0x7fd18422b6e0>, <lambdaprecisionudggenerator.graph_generator.graphs.lambda_precision_udg.LambdaPrecisionUDG object at 0x7fd18422b770>, <lambdaprecisionudggenerator.graph_generator.graphs.lambda_precision_udg.LambdaPrecisionUDG object at 0x7fd18422b800>, <lambdaprecisionudggenerator.graph_generator.graphs.lambda_precision_udg.LambdaPrecisionUDG object at 0x7fd194f1f650>, <lambdaprecisionudggenerator.graph_generator.graphs.lambda_precision_udg.LambdaPrecisionUDG object at 0x7fd194f1f6e0>, <lambdaprecisionudggenerator.graph_generator.graphs.lambda_precision_udg.LambdaPrecisionUDG object at 0x7fd194f1f770>, <lambdaprecisionudggenerator.graph_generator.graphs.lambda_precision_udg.LambdaPrecisionUDG object at 0x7fd194f1f800>, <lambdaprecisionudggenerator.graph_generator.graphs.lambda_precision_udg.LambdaPrecisionUDG object at 0x7fd194f1f890>], logger=<Logger lambdaprecisionudggenerator.graph_generator.seeds.seed (DEBUG)>), GeneratorSeed(node_number=40, min_distance=0.103515625, radius=0.22499999999999998, coverage_bound=(0.85, 0.9), avg_deg_bound=(4, 4.25), probability_connected=1.0, sample_size=10, graphs=[<lambdaprecisionudggenerator.graph_generator.graphs.lambda_precision_udg.LambdaPrecisionUDG object at 0x7fd18422ab10>, <lambdaprecisionudggenerator.graph_generator.graphs.lambda_precision_udg.LambdaPrecisionUDG object at 0x7fd18422aa80>, <lambdaprecisionudggenerator.graph_generator.graphs.lambda_precision_udg.LambdaPrecisionUDG object at 0x7fd18422a9f0>, <lambdaprecisionudggenerator.graph_generator.graphs.lambda_precision_udg.LambdaPrecisionUDG object at 0x7fd18422a960>, <lambdaprecisionudggenerator.graph_generator.graphs.lambda_precision_udg.LambdaPrecisionUDG object at 0x7fd18422a8d0>, <lambdaprecisionudggenerator.graph_generator.graphs.lambda_precision_udg.LambdaPrecisionUDG object at 0x7fd18422a840>, <lambdaprecisionudggenerator.graph_generator.graphs.lambda_precision_udg.LambdaPrecisionUDG object at 0x7fd18422a7b0>, <lambdaprecisionudggenerator.graph_generator.graphs.lambda_precision_udg.LambdaPrecisionUDG object at 0x7fd184228050>, <lambdaprecisionudggenerator.graph_generator.graphs.lambda_precision_udg.LambdaPrecisionUDG object at 0x7fd1842280e0>, <lambdaprecisionudggenerator.graph_generator.graphs.lambda_precision_udg.LambdaPrecisionUDG object at 0x7fd184228170>], logger=<Logger lambdaprecisionudggenerator.graph_generator.seeds.seed (DEBUG)>), GeneratorSeed(node_number=40, min_distance=0.103515625, radius=0.24843749999999995, coverage_bound=(0.85, 0.9), avg_deg_bound=(5, 5.25), probability_connected=1.0, sample_size=10, graphs=[<lambdaprecisionudggenerator.graph_generator.graphs.lambda_precision_udg.LambdaPrecisionUDG object at 0x7fd18422ae70>, <lambdaprecisionudggenerator.graph_generator.graphs.lambda_precision_udg.LambdaPrecisionUDG object at 0x7fd18422af00>, <lambdaprecisionudggenerator.graph_generator.graphs.lambda_precision_udg.LambdaPrecisionUDG object at 0x7fd18422af90>, <lambdaprecisionudggenerator.graph_generator.graphs.lambda_precision_udg.LambdaPrecisionUDG object at 0x7fd194f1ff50>, <lambdaprecisionudggenerator.graph_generator.graphs.lambda_precision_udg.LambdaPrecisionUDG object at 0x7fd194f1fec0>, <lambdaprecisionudggenerator.graph_generator.graphs.lambda_precision_udg.LambdaPrecisionUDG object at 0x7fd194f1fe30>, <lambdaprecisionudggenerator.graph_generator.graphs.lambda_precision_udg.LambdaPrecisionUDG object at 0x7fd194f1fda0>, <lambdaprecisionudggenerator.graph_generator.graphs.lambda_precision_udg.LambdaPrecisionUDG object at 0x7fd194f1fd10>, <lambdaprecisionudggenerator.graph_generator.graphs.lambda_precision_udg.LambdaPrecisionUDG object at 0x7fd194f1fc80>, <lambdaprecisionudggenerator.graph_generator.graphs.lambda_precision_udg.LambdaPrecisionUDG object at 0x7fd194f1fbf0>], logger=<Logger lambdaprecisionudggenerator.graph_generator.seeds.seed (DEBUG)>)])
 +    where [GeneratorSeed(node_number=20, min_distance=0.150390625, radius=0.2953125, coverage_bound=(0.85, 0.9), avg_deg_bound=(3, 3.25), probability_connected=0.7, sample_size=10, graphs=[<lambdaprecisionudggenerator.graph_generator.graphs.lambda_precision_udg.LambdaPrecisionUDG object at 0x7fd184228b00>, <lambdaprecisionudggenerator.graph_generator.graphs.lambda_precision_udg.LambdaPrecisionUDG object at 0x7fd184228b90>, <lambdaprecisionudggenerator.graph_generator.graphs.lambda_precision_udg.LambdaPrecisionUDG object at 0x7fd184228c20>, <lambdaprecisionudggenerator.graph_generator.graphs.lambda_precision_udg.LambdaPrecisionUDG object at 0x7fd184228cb0>, <lambdaprecisionudggenerator.graph_generator.graphs.lambda_precision_udg.LambdaPrecisionUDG object at 0x7fd184228d40>, <lambdaprecisionudggenerator.graph_generator.graphs.lambda_precision_udg.LambdaPrecisionUDG object at 0x7fd184228dd0>, <lambdaprecisionudggenerator.graph_generator.graphs.lambda_precision_udg.LambdaPrecisionUDG object at 0x7fd184228e60>, <lambdaprecisionudggenerator.graph_generator.graphs.lambda_precision_udg.LambdaPrecisionUDG object at 0x7fd184228ef0>, <lambdaprecisionudggenerator.graph_generator.graphs.lambda_precision_udg.LambdaPrecisionUDG object at 0x7fd184228f80>, <lambdaprecisionudggenerator.graph_generator.graphs.lambda_precision_udg.LambdaPrecisionUDG object at 0x7fd184229010>], logger=<Logger lambdaprecisionudggenerator.graph_generator.seeds.seed (DEBUG)>), GeneratorSeed(node_number=20, min_distance=0.150390625, radius=0.3375, coverage_bound=(0.85, 0.9), avg_deg_bound=(4, 4.25), probability_connected=1.0, sample_size=10, graphs=[<lambdaprecisionudggenerator.graph_generator.graphs.lambda_precision_udg.LambdaPrecisionUDG object at 0x7fd18422a060>, <lambdaprecisionudggenerator.graph_generator.graphs.lambda_precision_udg.LambdaPrecisionUDG object at 0x7fd18422a0f0>, <lambdaprecisionudggenerator.graph_generator.graphs.lambda_precision_udg.LambdaPrecisionUDG object at 0x7fd18422a180>, <lambdaprecisionudggenerator.graph_generator.graphs.lambda_precision_udg.LambdaPrecisionUDG object at 0x7fd18422a210>, <lambdaprecisionudggenerator.graph_generator.graphs.lambda_precision_udg.LambdaPrecisionUDG object at 0x7fd18422a2a0>, <lambdaprecisionudggenerator.graph_generator.graphs.lambda_precision_udg.LambdaPrecisionUDG object at 0x7fd18422a330>, <lambdaprecisionudggenerator.graph_generator.graphs.lambda_precision_udg.LambdaPrecisionUDG object at 0x7fd18422a3c0>, <lambdaprecisionudggenerator.graph_generator.graphs.lambda_precision_udg.LambdaPrecisionUDG object at 0x7fd18422a450>, <lambdaprecisionudggenerator.graph_generator.graphs.lambda_precision_udg.LambdaPrecisionUDG object at 0x7fd18422a4e0>, <lambdaprecisionudggenerator.graph_generator.graphs.lambda_precision_udg.LambdaPrecisionUDG object at 0x7fd18422a570>], logger=<Logger lambdaprecisionudggenerator.graph_generator.seeds.seed (DEBUG)>), GeneratorSeed(node_number=20, min_distance=0.150390625, radius=0.375, coverage_bound=(0.85, 0.9), avg_deg_bound=(5, 5.25), probability_connected=1.0, sample_size=10, graphs=[<lambdaprecisionudggenerator.graph_generator.graphs.lambda_precision_udg.LambdaPrecisionUDG object at 0x7fd194f1f5c0>, <lambdaprecisionudggenerator.graph_generator.graphs.lambda_precision_udg.LambdaPrecisionUDG object at 0x7fd194f1f530>, <lambdaprecisionudggenerator.graph_generator.graphs.lambda_precision_udg.LambdaPrecisionUDG object at 0x7fd194f1f4a0>, <lambdaprecisionudggenerator.graph_generator.graphs.lambda_precision_udg.LambdaPrecisionUDG object at 0x7fd194f1f410>, <lambdaprecisionudggenerator.graph_generator.graphs.lambda_precision_udg.LambdaPrecisionUDG object at 0x7fd184229fd0>, <lambdaprecisionudggenerator.graph_generator.graphs.lambda_precision_udg.LambdaPrecisionUDG object at 0x7fd184229f40>, <lambdaprecisionudggenerator.graph_generator.graphs.lambda_precision_udg.LambdaPrecisionUDG object at 0x7fd184229eb0>, <lambdaprecisionudggenerator.graph_generator.graphs.lambda_precision_udg.LambdaPrecisionUDG object at 0x7fd184229e20>, <lambdaprecisionudggenerator.graph_generator.graphs.lambda_precision_udg.LambdaPrecisionUDG object at 0x7fd184229d90>, <lambdaprecisionudggenerator.graph_generator.graphs.lambda_precision_udg.LambdaPrecisionUDG object at 0x7fd184229d00>], logger=<Logger lambdaprecisionudggenerator.graph_generator.seeds.seed (DEBUG)>), GeneratorSeed(node_number=40, min_distance=0.103515625, radius=0.196875, coverage_bound=(0.85, 0.9), avg_deg_bound=(3, 3.25), probability_connected=0.3, sample_size=10, graphs=[<lambdaprecisionudggenerator.graph_generator.graphs.lambda_precision_udg.LambdaPrecisionUDG object at 0x7fd18422b5c0>, <lambdaprecisionudggenerator.graph_generator.graphs.lambda_precision_udg.LambdaPrecisionUDG object at 0x7fd18422b650>, <lambdaprecisionudggenerator.graph_generator.graphs.lambda_precision_udg.LambdaPrecisionUDG object at 0x7fd18422b6e0>, <lambdaprecisionudggenerator.graph_generator.graphs.lambda_precision_udg.LambdaPrecisionUDG object at 0x7fd18422b770>, <lambdaprecisionudggenerator.graph_generator.graphs.lambda_precision_udg.LambdaPrecisionUDG object at 0x7fd18422b800>, <lambdaprecisionudggenerator.graph_generator.graphs.lambda_precision_udg.LambdaPrecisionUDG object at 0x7fd194f1f650>, <lambdaprecisionudggenerator.graph_generator.graphs.lambda_precision_udg.LambdaPrecisionUDG object at 0x7fd194f1f6e0>, <lambdaprecisionudggenerator.graph_generator.graphs.lambda_precision_udg.LambdaPrecisionUDG object at 0x7fd194f1f770>, <lambdaprecisionudggenerator.graph_generator.graphs.lambda_precision_udg.LambdaPrecisionUDG object at 0x7fd194f1f800>, <lambdaprecisionudggenerator.graph_generator.graphs.lambda_precision_udg.LambdaPrecisionUDG object at 0x7fd194f1f890>], logger=<Logger lambdaprecisionudggenerator.graph_generator.seeds.seed (DEBUG)>), GeneratorSeed(node_number=40, min_distance=0.103515625, radius=0.22499999999999998, coverage_bound=(0.85, 0.9), avg_deg_bound=(4, 4.25), probability_connected=1.0, sample_size=10, graphs=[<lambdaprecisionudggenerator.graph_generator.graphs.lambda_precision_udg.LambdaPrecisionUDG object at 0x7fd18422ab10>, <lambdaprecisionudggenerator.graph_generator.graphs.lambda_precision_udg.LambdaPrecisionUDG object at 0x7fd18422aa80>, <lambdaprecisionudggenerator.graph_generator.graphs.lambda_precision_udg.LambdaPrecisionUDG object at 0x7fd18422a9f0>, <lambdaprecisionudggenerator.graph_generator.graphs.lambda_precision_udg.LambdaPrecisionUDG object at 0x7fd18422a960>, <lambdaprecisionudggenerator.graph_generator.graphs.lambda_precision_udg.LambdaPrecisionUDG object at 0x7fd18422a8d0>, <lambdaprecisionudggenerator.graph_generator.graphs.lambda_precision_udg.LambdaPrecisionUDG object at 0x7fd18422a840>, <lambdaprecisionudggenerator.graph_generator.graphs.lambda_precision_udg.LambdaPrecisionUDG object at 0x7fd18422a7b0>, <lambdaprecisionudggenerator.graph_generator.graphs.lambda_precision_udg.LambdaPrecisionUDG object at 0x7fd184228050>, <lambdaprecisionudggenerator.graph_generator.graphs.lambda_precision_udg.LambdaPrecisionUDG object at 0x7fd1842280e0>, <lambdaprecisionudggenerator.graph_generator.graphs.lambda_precision_udg.LambdaPrecisionUDG object at 0x7fd184228170>], logger=<Logger lambdaprecisionudggenerator.graph_generator.seeds.seed (DEBUG)>), GeneratorSeed(node_number=40, min_distance=0.103515625, radius=0.24843749999999995, coverage_bound=(0.85, 0.9), avg_deg_bound=(5, 5.25), probability_connected=1.0, sample_size=10, graphs=[<lambdaprecisionudggenerator.graph_generator.graphs.lambda_precision_udg.LambdaPrecisionUDG object at 0x7fd18422ae70>, <lambdaprecisionudggenerator.graph_generator.graphs.lambda_precision_udg.LambdaPrecisionUDG object at 0x7fd18422af00>, <lambdaprecisionudggenerator.graph_generator.graphs.lambda_precision_udg.LambdaPrecisionUDG object at 0x7fd18422af90>, <lambdaprecisionudggenerator.graph_generator.graphs.lambda_precision_udg.LambdaPrecisionUDG object at 0x7fd194f1ff50>, <lambdaprecisionudggenerator.graph_generator.graphs.lambda_precision_udg.LambdaPrecisionUDG object at 0x7fd194f1fec0>, <lambdaprecisionudggenerator.graph_generator.graphs.lambda_precision_udg.LambdaPrecisionUDG object at 0x7fd194f1fe30>, <lambdaprecisionudggenerator.graph_generator.graphs.lambda_precision_udg.LambdaPrecisionUDG object at 0x7fd194f1fda0>, <lambdaprecisionudggenerator.graph_generator.graphs.lambda_precision_udg.LambdaPrecisionUDG object at 0x7fd194f1fd10>, <lambdaprecisionudggenerator.graph_generator.graphs.lambda_precision_udg.LambdaPrecisionUDG object at 0x7fd194f1fc80>, <lambdaprecisionudggenerator.graph_generator.graphs.lambda_precision_udg.LambdaPrecisionUDG object at 0x7fd194f1fbf0>], logger=<Logger lambdaprecisionudggenerator.graph_generator.seeds.seed (DEBUG)>)] = <lambdaprecisionudggenerator.graph_generator.seeds.database.GeneratorSeedDB object at 0x7fd1ba86d2b0>.seeds
 +  and   30 = len([GeneratorSeed(node_number=20, min_distance=0.1484375, radius=0.375, coverage_bound=(0.85, 0.9), avg_deg_bound=(5, 5.25), probability_connected=0.9, sample_size=10, graphs=[<lambdaprecisionudggenerator.graph_generator.graphs.lambda_precision_udg.LambdaPrecisionUDG object at 0x7fd1841780e0>, <lambdaprecisionudggenerator.graph_generator.graphs.lambda_precision_udg.LambdaPrecisionUDG object at 0x7fd184178170>, <lambdaprecisionudggenerator.graph_generator.graphs.lambda_precision_udg.LambdaPrecisionUDG object at 0x7fd184178200>, <lambdaprecisionudggenerator.graph_generator.graphs.lambda_precision_udg.LambdaPrecisionUDG object at 0x7fd184178290>, <lambdaprecisionudggenerator.graph_generator.graphs.lambda_precision_udg.LambdaPrecisionUDG object at 0x7fd184178320>, <lambdaprecisionudggenerator.graph_generator.graphs.lambda_precision_udg.LambdaPrecisionUDG object at 0x7fd1841783b0>, <lambdaprecisionudggenerator.graph_generator.graphs.lambda_precision_udg.LambdaPrecisionUDG object at 0x7fd184178440>, <lambdaprecisionudggenerator.graph_generator.graphs.lambda_precision_udg.LambdaPrecisionUDG object at 0x7fd1841784d0>, <lambdaprecisionudggenerator.graph_generator.graphs.lambda_precision_udg.LambdaPrecisionUDG object at 0x7fd184178560>, <lambdaprecisionudggenerator.graph_generator.graphs.lambda_precision_udg.LambdaPrecisionUDG object at 0x7fd1841785f0>], logger=<Logger lambdaprecisionudggenerator.graph_generator.seeds.seed (DEBUG)>), GeneratorSeed(node_number=40, min_distance=0.103515625, radius=0.196875, coverage_bound=(0.85, 0.9), avg_deg_bound=(3, 3.25), probability_connected=0.3, sample_size=10, graphs=[<lambdaprecisionudggenerator.graph_generator.graphs.lambda_precision_udg.LambdaPrecisionUDG object at 0x7fd184178680>, <lambdaprecisionudggenerator.graph_generator.graphs.lambda_precision_udg.LambdaPrecisionUDG object at 0x7fd184178710>, <lambdaprecisionudggenerator.graph_generator.graphs.lambda_precision_udg.LambdaPrecisionUDG object at 0x7fd1841787a0>, <lambdaprecisionudggenerator.graph_generator.graphs.lambda_precision_udg.LambdaPrecisionUDG object at 0x7fd184178830>, <lambdaprecisionudggenerator.graph_generator.graphs.lambda_precision_udg.LambdaPrecisionUDG object at 0x7fd1841788c0>, <lambdaprecisionudggenerator.graph_generator.graphs.lambda_precision_udg.LambdaPrecisionUDG object at 0x7fd184178950>, <lambdaprecisionudggenerator.graph_generator.graphs.lambda_precision_udg.LambdaPrecisionUDG object at 0x7fd1841789e0>, <lambdaprecisionudggenerator.graph_generator.graphs.lambda_precision_udg.LambdaPrecisionUDG object at 0x7fd184178a70>, <lambdaprecisionudggenerator.graph_generator.graphs.lambda_precision_udg.LambdaPrecisionUDG object at 0x7fd184178b00>, <lambdaprecisionudggenerator.graph_generator.graphs.lambda_precision_udg.LambdaPrecisionUDG object at 0x7fd184178b90>], logger=<Logger lambdaprecisionudggenerator.graph_generator.seeds.seed (DEBUG)>), GeneratorSeed(node_number=20, min_distance=0.1484375, radius=0.3, coverage_bound=(0.85, 0.9), avg_deg_bound=(3, 3.25), probability_connected=0.5, sample_size=10, graphs=[<lambdaprecisionudggenerator.graph_generator.graphs.lambda_precision_udg.LambdaPrecisionUDG object at 0x7fd184178c20>, <lambdaprecisionudggenerator.graph_generator.graphs.lambda_precision_udg.LambdaPrecisionUDG object at 0x7fd184178cb0>, <lambdaprecisionudggenerator.graph_generator.graphs.lambda_precision_udg.LambdaPrecisionUDG object at 0x7fd184178d40>, <lambdaprecisionudggenerator.graph_generator.graphs.lambda_precision_udg.LambdaPrecisionUDG object at 0x7fd184178dd0>, <lambdaprecisionudggenerator.graph_generator.graphs.lambda_precision_udg.LambdaPrecisionUDG object at 0x7fd184178e60>, <lambdaprecisionudggenerator.graph_generator.graphs.lambda_precision_udg.LambdaPrecisionUDG object at 0x7fd184178ef0>, <lambdaprecisionudggenerator.graph_generator.graphs.lambda_precision_udg.LambdaPrecisionUDG object at 0x7fd184178f80>, <lambdaprecisionudggenerator.graph_generator.graphs.lambda_precision_udg.LambdaPrecisionUDG object at 0x7fd184179010>, <lambdaprecisionudggenerator.graph_generator.graphs.lambda_precision_udg.LambdaPrecisionUDG object at 0x7fd1841790a0>, <lambdaprecisionudggenerator.graph_generator.graphs.lambda_precision_udg.LambdaPrecisionUDG object at 0x7fd184179130>], logger=<Logger lambdaprecisionudggenerator.graph_generator.seeds.seed (DEBUG)>), GeneratorSeed(node_number=40, min_distance=0.10546875, radius=0.196875, coverage_bound=(0.85, 0.9), avg_deg_bound=(3, 3.25), probability_connected=0.7, sample_size=10, graphs=[<lambdaprecisionudggenerator.graph_generator.graphs.lambda_precision_udg.LambdaPrecisionUDG object at 0x7fd1841791c0>, <lambdaprecisionudggenerator.graph_generator.graphs.lambda_precision_udg.LambdaPrecisionUDG object at 0x7fd184179250>, <lambdaprecisionudggenerator.graph_generator.graphs.lambda_precision_udg.LambdaPrecisionUDG object at 0x7fd1841792e0>, <lambdaprecisionudggenerator.graph_generator.graphs.lambda_precision_udg.LambdaPrecisionUDG object at 0x7fd184179370>, <lambdaprecisionudggenerator.graph_generator.graphs.lambda_precision_udg.LambdaPrecisionUDG object at 0x7fd184179400>, <lambdaprecisionudggenerator.graph_generator.graphs.lambda_precision_udg.LambdaPrecisionUDG object at 0x7fd184179490>, <lambdaprecisionudggenerator.graph_generator.graphs.lambda_precision_udg.LambdaPrecisionUDG object at 0x7fd184179520>, <lambdaprecisionudggenerator.graph_generator.graphs.lambda_precision_udg.LambdaPrecisionUDG object at 0x7fd1841795b0>, <lambdaprecisionudggenerator.graph_generator.graphs.lambda_precision_udg.LambdaPrecisionUDG object at 0x7fd184179640>, <lambdaprecisionudggenerator.graph_generator.graphs.lambda_precision_udg.LambdaPrecisionUDG object at 0x7fd1841796d0>], logger=<Logger lambdaprecisionudggenerator.graph_generator.seeds.seed (DEBUG)>), GeneratorSeed(node_number=40, min_distance=0.1025390625, radius=0.196875, coverage_bound=(0.85, 0.9), avg_deg_bound=(3, 3.25), probability_connected=0.5, sample_size=10, graphs=[<lambdaprecisionudggenerator.graph_generator.graphs.lambda_precision_udg.LambdaPrecisionUDG object at 0x7fd184179760>, <lambdaprecisionudggenerator.graph_generator.graphs.lambda_precision_udg.LambdaPrecisionUDG object at 0x7fd1841797f0>, <lambdaprecisionudggenerator.graph_generator.graphs.lambda_precision_udg.LambdaPrecisionUDG object at 0x7fd184179880>, <lambdaprecisionudggenerator.graph_generator.graphs.lambda_precision_udg.LambdaPrecisionUDG object at 0x7fd184179910>, <lambdaprecisionudggenerator.graph_generator.graphs.lambda_precision_udg.LambdaPrecisionUDG object at 0x7fd1841799a0>, <lambdaprecisionudggenerator.graph_generator.graphs.lambda_precision_udg.LambdaPrecisionUDG object at 0x7fd184179a30>, <lambdaprecisionudggenerator.graph_generator.graphs.lambda_precision_udg.LambdaPrecisionUDG object at 0x7fd184179ac0>, <lambdaprecisionudggenerator.graph_generator.graphs.lambda_precision_udg.LambdaPrecisionUDG object at 0x7fd184179b50>, <lambdaprecisionudggenerator.graph_generator.graphs.lambda_precision_udg.LambdaPrecisionUDG object at 0x7fd184179be0>, <lambdaprecisionudggenerator.graph_generator.graphs.lambda_precision_udg.LambdaPrecisionUDG object at 0x7fd184179c70>], logger=<Logger lambdaprecisionudggenerator.graph_generator.seeds.seed (DEBUG)>), GeneratorSeed(node_number=40, min_distance=0.1025390625, radius=0.1921875, coverage_bound=(0.85, 0.9), avg_deg_bound=(3, 3.25), probability_connected=0.5, sample_size=10, graphs=[<lambdaprecisionudggenerator.graph_generator.graphs.lambda_precision_udg.LambdaPrecisionUDG object at 0x7fd184179d00>, <lambdaprecisionudggenerator.graph_generator.graphs.lambda_precision_udg.LambdaPrecisionUDG object at 0x7fd184179d90>, <lambdaprecisionudggenerator.graph_generator.graphs.lambda_precision_udg.LambdaPrecisionUDG object at 0x7fd184179e20>, <lambdaprecisionudggenerator.graph_generator.graphs.lambda_precision_udg.LambdaPrecisionUDG object at 0x7fd184179eb0>, <lambdaprecisionudggenerator.graph_generator.graphs.lambda_precision_udg.LambdaPrecisionUDG object at 0x7fd184179f40>, <lambdaprecisionudggenerator.graph_generator.graphs.lambda_precision_udg.LambdaPrecisionUDG object at 0x7fd184179fd0>, <lambdaprecisionudggenerator.graph_generator.graphs.lambda_precision_udg.LambdaPrecisionUDG object at 0x7fd18417a060>, <lambdaprecisionudggenerator.graph_generator.graphs.lambda_precision_udg.LambdaPrecisionUDG object at 0x7fd18417a0f0>, <lambdaprecisionudggenerator.graph_generator.graphs.lambda_precision_udg.LambdaPrecisionUDG object at 0x7fd18417a180>, <lambdaprecisionudggenerator.graph_generator.graphs.lambda_precision_udg.LambdaPrecisionUDG object at 0x7fd18417a210>], logger=<Logger lambdaprecisionudggenerator.graph_generator.seeds.seed (DEBUG)>), GeneratorSeed(node_number=40, min_distance=0.103515625, radius=0.196875, coverage_bound=(0.85, 0.9), avg_deg_bound=(3, 3.25), probability_connected=0.3, sample_size=10, graphs=[<lambdaprecisionudggenerator.graph_generator.graphs.lambda_precision_udg.LambdaPrecisionUDG object at 0x7fd18417a2a0>, <lambdaprecisionudggenerator.graph_generator.graphs.lambda_precision_udg.LambdaPrecisionUDG object at 0x7fd18417a330>, <lambdaprecisionudggenerator.graph_generator.graphs.lambda_precision_udg.LambdaPrecisionUDG object at 0x7fd18417a3c0>, <lambdaprecisionudggenerator.graph_generator.graphs.lambda_precision_udg.LambdaPrecisionUDG object at 0x7fd18417a450>, <lambdaprecisionudggenerator.graph_generator.graphs.lambda_precision_udg.LambdaPrecisionUDG object at 0x7fd18417a4e0>, <lambdaprecisionudggenerator.graph_generator.graphs.lambda_precision_udg.LambdaPrecisionUDG object at 0x7fd18417a570>, <lambdaprecisionudggenerator.graph_generator.graphs.lambda_precision_udg.LambdaPrecisionUDG object at 0x7fd18417a600>, <lambdaprecisionudggenerator.graph_generator.graphs.lambda_precision_udg.LambdaPrecisionUDG object at 0x7fd18417a690>, <lambdaprecisionudggenerator.graph_generator.graphs.lambda_precision_udg.LambdaPrecisionUDG object at 0x7fd18417a720>, <lambdaprecisionudggenerator.graph_generator.graphs.lambda_precision_udg.LambdaPrecisionUDG object at 0x7fd18417a7b0>], logger=<Logger lambdaprecisionudggenerator.graph_generator.seeds.seed (DEBUG)>), GeneratorSeed(node_number=40, min_distance=0.1025390625, radius=0.24843749999999995, coverage_bound=(0.85, 0.9), avg_deg_bound=(5, 5.25), probability_connected=0.9, sample_size=10, graphs=[<lambdaprecisionudggenerator.graph_generator.graphs.lambda_precision_udg.LambdaPrecisionUDG object at 0x7fd18417a840>, <lambdaprecisionudggenerator.graph_generator.graphs.lambda_precision_udg.LambdaPrecisionUDG object at 0x7fd18417a8d0>, <lambdaprecisionudggenerator.graph_generator.graphs.lambda_precision_udg.LambdaPrecisionUDG object at 0x7fd18417a960>, <lambdaprecisionudggenerator.graph_generator.graphs.lambda_precision_udg.LambdaPrecisionUDG object at 0x7fd18417a9f0>, <lambdaprecisionudggenerator.graph_generator.graphs.lambda_precision_udg.LambdaPrecisionUDG object at 0x7fd18417aa80>, <lambdaprecisionudggenerator.graph_generator.graphs.lambda_precision_udg.LambdaPrecisionUDG object at 0x7fd18417ab10>, <lambdaprecisionudggenerator.graph_generator.graphs.lambda_precision_udg.LambdaPrecisionUDG object at 0x7fd18417aba0>, <lambdaprecisionudggenerator.graph_generator.graphs.lambda_precision_udg.LambdaPrecisionUDG object at 0x7fd18417ac30>, <lambdaprecisionudggenerator.graph_generator.graphs.lambda_precision_udg.LambdaPrecisionUDG object at 0x7fd18417acc0>, <lambdaprecisionudggenerator.graph_generator.graphs.lambda_precision_udg.LambdaPrecisionUDG object at 0x7fd18417ad50>], logger=<Logger lambdaprecisionudggenerator.graph_generator.seeds.seed (DEBUG)>), GeneratorSeed(node_number=20, min_distance=0.1484375, radius=0.3328125, coverage_bound=(0.85, 0.9), avg_deg_bound=(4, 4.25), probability_connected=0.9, sample_size=10, graphs=[<lambdaprecisionudggenerator.graph_generator.graphs.lambda_precision_udg.LambdaPrecisionUDG object at 0x7fd18417ade0>, <lambdaprecisionudggenerator.graph_generator.graphs.lambda_precision_udg.LambdaPrecisionUDG object at 0x7fd18417ae70>, <lambdaprecisionudggenerator.graph_generator.graphs.lambda_precision_udg.LambdaPrecisionUDG object at 0x7fd18417af00>, <lambdaprecisionudggenerator.graph_generator.graphs.lambda_precision_udg.LambdaPrecisionUDG object at 0x7fd18417af90>, <lambdaprecisionudggenerator.graph_generator.graphs.lambda_precision_udg.LambdaPrecisionUDG object at 0x7fd18417b020>, <lambdaprecisionudggenerator.graph_generator.graphs.lambda_precision_udg.LambdaPrecisionUDG object at 0x7fd18417b0b0>, <lambdaprecisionudggenerator.graph_generator.graphs.lambda_precision_udg.LambdaPrecisionUDG object at 0x7fd18417b140>, <lambdaprecisionudggenerator.graph_generator.graphs.lambda_precision_udg.LambdaPrecisionUDG object at 0x7fd18417b1d0>, <lambdaprecisionudggenerator.graph_generator.graphs.lambda_precision_udg.LambdaPrecisionUDG object at 0x7fd18417b260>, <lambdaprecisionudggenerator.graph_generator.graphs.lambda_precision_udg.LambdaPrecisionUDG object at 0x7fd18417b2f0>], logger=<Logger lambdaprecisionudggenerator.graph_generator.seeds.seed (DEBUG)>), GeneratorSeed(node_number=20, min_distance=0.1484375, radius=0.3375, coverage_bound=(0.85, 0.9), avg_deg_bound=(4, 4.25), probability_connected=1.0, sample_size=10, graphs=[<lambdaprecisionudggenerator.graph_generator.graphs.lambda_precision_udg.LambdaPrecisionUDG object at 0x7fd18417b380>, <lambdaprecisionudggenerator.graph_generator.graphs.lambda_precision_udg.LambdaPrecisionUDG object at 0x7fd18417b410>, <lambdaprecisionudggenerator.graph_generator.graphs.lambda_precision_udg.LambdaPrecisionUDG object at 0x7fd18417b4a0>, <lambdaprecisionudggenerator.graph_generator.graphs.lambda_precision_udg.LambdaPrecisionUDG object at 0x7fd18417b530>, <lambdaprecisionudggenerator.graph_generator.graphs.lambda_precision_udg.LambdaPrecisionUDG object at 0x7fd18417b5c0>, <lambdaprecisionudggenerator.graph_generator.graphs.lambda_precision_udg.LambdaPrecisionUDG object at 0x7fd18417b650>, <lambdaprecisionudggenerator.graph_generator.graphs.lambda_precision_udg.LambdaPrecisionUDG object at 0x7fd18417b6e0>, <lambdaprecisionudggenerator.graph_generator.graphs.lambda_precision_udg.LambdaPrecisionUDG object at 0x7fd18417b770>, <lambdaprecisionudggenerator.graph_generator.graphs.lambda_precision_udg.LambdaPrecisionUDG object at 0x7fd18417b800>, <lambdaprecisionudggenerator.graph_generator.graphs.lambda_precision_udg.LambdaPrecisionUDG object at 0x7fd18417b890>], logger=<Logger lambdaprecisionudggenerator.graph_generator.seeds.seed (DEBUG)>), GeneratorSeed(node_number=20, min_distance=0.150390625, radius=0.384375, coverage_bound=(0.85, 0.9), avg_deg_bound=(5, 5.25), probability_connected=1.0, sample_size=10, graphs=[<lambdaprecisionudggenerator.graph_generator.graphs.lambda_precision_udg.LambdaPrecisionUDG object at 0x7fd18417b920>, <lambdaprecisionudggenerator.graph_generator.graphs.lambda_precision_udg.LambdaPrecisionUDG object at 0x7fd18417b9b0>, <lambdaprecisionudggenerator.graph_generator.graphs.lambda_precision_udg.LambdaPrecisionUDG object at 0x7fd18417ba40>, <lambdaprecisionudggenerator.graph_generator.graphs.lambda_precision_udg.LambdaPrecisionUDG object at 0x7fd18417bad0>, <lambdaprecisionudggenerator.graph_generator.graphs.lambda_precision_udg.LambdaPrecisionUDG object at 0x7fd18417bb60>, <lambdaprecisionudggenerator.graph_generator.graphs.lambda_precision_udg.LambdaPrecisionUDG object at 0x7fd18417bbf0>, <lambdaprecisionudggenerator.graph_generator.graphs.lambda_precision_udg.LambdaPrecisionUDG object at 0x7fd18417bc80>, <lambdaprecisionudggenerator.graph_generator.graphs.lambda_precision_udg.LambdaPrecisionUDG object at 0x7fd18417bd10>, <lambdaprecisionudggenerator.graph_generator.graphs.lambda_precision_udg.LambdaPrecisionUDG object at 0x7fd18417bda0>, <lambdaprecisionudggenerator.graph_generator.graphs.lambda_precision_udg.LambdaPrecisionUDG object at 0x7fd18417be30>], logger=<Logger lambdaprecisionudggenerator.graph_generator.seeds.seed (DEBUG)>), GeneratorSeed(node_number=40, min_distance=0.1025390625, radius=0.24374999999999997, coverage_bound=(0.85, 0.9), avg_deg_bound=(5, 5.25), probability_connected=1.0, sample_size=10, graphs=[<lambdaprecisionudggenerator.graph_generator.graphs.lambda_precision_udg.LambdaPrecisionUDG object at 0x7fd18422ade0>, <lambdaprecisionudggenerator.graph_generator.graphs.lambda_precision_udg.LambdaPrecisionUDG object at 0x7fd18422ad50>, <lambdaprecisionudggenerator.graph_generator.graphs.lambda_precision_udg.LambdaPrecisionUDG object at 0x7fd18422acc0>, <lambdaprecisionudggenerator.graph_generator.graphs.lambda_precision_udg.LambdaPrecisionUDG object at 0x7fd18422ac30>, <lambdaprecisionudggenerator.graph_generator.graphs.lambda_precision_udg.LambdaPrecisionUDG object at 0x7fd18422aba0>, <lambdaprecisionudggenerator.graph_generator.graphs.lambda_precision_udg.LambdaPrecisionUDG object at 0x7fd184228200>, <lambdaprecisionudggenerator.graph_generator.graphs.lambda_precision_udg.LambdaPrecisionUDG object at 0x7fd184228290>, <lambdaprecisionudggenerator.graph_generator.graphs.lambda_precision_udg.LambdaPrecisionUDG object at 0x7fd184228320>, <lambdaprecisionudggenerator.graph_generator.graphs.lambda_precision_udg.LambdaPrecisionUDG object at 0x7fd1842283b0>, <lambdaprecisionudggenerator.graph_generator.graphs.lambda_precision_udg.LambdaPrecisionUDG object at 0x7fd184228440>], logger=<Logger lambdaprecisionudggenerator.graph_generator.seeds.seed (DEBUG)>), GeneratorSeed(node_number=20, min_distance=0.1484375, radius=0.290625, coverage_bound=(0.85, 0.9), avg_deg_bound=(3, 3.25), probability_connected=0.4, sample_size=10, graphs=[<lambdaprecisionudggenerator.graph_generator.graphs.lambda_precision_udg.LambdaPrecisionUDG object at 0x7fd1842284d0>, <lambdaprecisionudggenerator.graph_generator.graphs.lambda_precision_udg.LambdaPrecisionUDG object at 0x7fd184228560>, <lambdaprecisionudggenerator.graph_generator.graphs.lambda_precision_udg.LambdaPrecisionUDG object at 0x7fd1842285f0>, <lambdaprecisionudggenerator.graph_generator.graphs.lambda_precision_udg.LambdaPrecisionUDG object at 0x7fd184228680>, <lambdaprecisionudggenerator.graph_generator.graphs.lambda_precision_udg.LambdaPrecisionUDG object at 0x7fd184228710>, <lambdaprecisionudggenerator.graph_generator.graphs.lambda_precision_udg.LambdaPrecisionUDG object at 0x7fd1842287a0>, <lambdaprecisionudggenerator.graph_generator.graphs.lambda_precision_udg.LambdaPrecisionUDG object at 0x7fd184228830>, <lambdaprecisionudggenerator.graph_generator.graphs.lambda_precision_udg.LambdaPrecisionUDG object at 0x7fd1842290a0>, <lambdaprecisionudggenerator.graph_generator.graphs.lambda_precision_udg.LambdaPrecisionUDG object at 0x7fd184228a70>, <lambdaprecisionudggenerator.graph_generator.graphs.lambda_precision_udg.LambdaPrecisionUDG object at 0x7fd184229880>], logger=<Logger lambdaprecisionudggenerator.graph_generator.seeds.seed (DEBUG)>), GeneratorSeed(node_number=20, min_distance=0.1484375, radius=0.3, coverage_bound=(0.85, 0.9), avg_deg_bound=(3, 3.25), probability_connected=0.8, sample_size=10, graphs=[<lambdaprecisionudggenerator.graph_generator.graphs.lambda_precision_udg.LambdaPrecisionUDG object at 0x7fd184229910>, <lambdaprecisionudggenerator.graph_generator.graphs.lambda_precision_udg.LambdaPrecisionUDG object at 0x7fd1842299a0>, <lambdaprecisionudggenerator.graph_generator.graphs.lambda_precision_udg.LambdaPrecisionUDG object at 0x7fd184229a30>, <lambdaprecisionudggenerator.graph_generator.graphs.lambda_precision_udg.LambdaPrecisionUDG object at 0x7fd184229130>, <lambdaprecisionudggenerator.graph_generator.graphs.lambda_precision_udg.LambdaPrecisionUDG object at 0x7fd1842289e0>, <lambdaprecisionudggenerator.graph_generator.graphs.lambda_precision_udg.LambdaPrecisionUDG object at 0x7fd18417bec0>, <lambdaprecisionudggenerator.graph_generator.graphs.lambda_precision_udg.LambdaPrecisionUDG object at 0x7fd18417bf50>, <lambdaprecisionudggenerator.graph_generator.graphs.lambda_precision_udg.LambdaPrecisionUDG object at 0x7fd184464050>, <lambdaprecisionudggenerator.graph_generator.graphs.lambda_precision_udg.LambdaPrecisionUDG object at 0x7fd1844640e0>, <lambdaprecisionudggenerator.graph_generator.graphs.lambda_precision_udg.LambdaPrecisionUDG object at 0x7fd184464170>], logger=<Logger lambdaprecisionudggenerator.graph_generator.seeds.seed (DEBUG)>), GeneratorSeed(node_number=20, min_distance=0.150390625, radius=0.290625, coverage_bound=(0.85, 0.9), avg_deg_bound=(3, 3.25), probability_connected=0.9, sample_size=10, graphs=[<lambdaprecisionudggenerator.graph_generator.graphs.lambda_precision_udg.LambdaPrecisionUDG object at 0x7fd184464200>, <lambdaprecisionudggenerator.graph_generator.graphs.lambda_precision_udg.LambdaPrecisionUDG object at 0x7fd184464290>, <lambdaprecisionudggenerator.graph_generator.graphs.lambda_precision_udg.LambdaPrecisionUDG object at 0x7fd184464320>, <lambdaprecisionudggenerator.graph_generator.graphs.lambda_precision_udg.LambdaPrecisionUDG object at 0x7fd1844643b0>, <lambdaprecisionudggenerator.graph_generator.graphs.lambda_precision_udg.LambdaPrecisionUDG object at 0x7fd184464440>, <lambdaprecisionudggenerator.graph_generator.graphs.lambda_precision_udg.LambdaPrecisionUDG object at 0x7fd1844644d0>, <lambdaprecisionudggenerator.graph_generator.graphs.lambda_precision_udg.LambdaPrecisionUDG object at 0x7fd184464560>, <lambdaprecisionudggenerator.graph_generator.graphs.lambda_precision_udg.LambdaPrecisionUDG object at 0x7fd1844645f0>, <lambdaprecisionudggenerator.graph_generator.graphs.lambda_precision_udg.LambdaPrecisionUDG object at 0x7fd184464680>, <lambdaprecisionudggenerator.graph_generator.graphs.lambda_precision_udg.LambdaPrecisionUDG object at 0x7fd184464710>], logger=<Logger lambdaprecisionudggenerator.graph_generator.seeds.seed (DEBUG)>), GeneratorSeed(node_number=40, min_distance=0.103515625, radius=0.24843749999999995, coverage_bound=(0.85, 0.9), avg_deg_bound=(5, 5.25), probability_connected=0.9, sample_size=10, graphs=[<lambdaprecisionudggenerator.graph_generator.graphs.lambda_precision_udg.LambdaPrecisionUDG object at 0x7fd1844647a0>, <lambdaprecisionudggenerator.graph_generator.graphs.lambda_precision_udg.LambdaPrecisionUDG object at 0x7fd184464830>, <lambdaprecisionudggenerator.graph_generator.graphs.lambda_precision_udg.LambdaPrecisionUDG object at 0x7fd1844648c0>, <lambdaprecisionudggenerator.graph_generator.graphs.lambda_precision_udg.LambdaPrecisionUDG object at 0x7fd184464950>, <lambdaprecisionudggenerator.graph_generator.graphs.lambda_precision_udg.LambdaPrecisionUDG object at 0x7fd1844649e0>, <lambdaprecisionudggenerator.graph_generator.graphs.lambda_precision_udg.LambdaPrecisionUDG object at 0x7fd184464a70>, <lambdaprecisionudggenerator.graph_generator.graphs.lambda_precision_udg.LambdaPrecisionUDG object at 0x7fd184464b00>, <lambdaprecisionudggenerator.graph_generator.graphs.lambda_precision_udg.LambdaPrecisionUDG object at 0x7fd184464b90>, <lambdaprecisionudggenerator.graph_generator.graphs.lambda_precision_udg.LambdaPrecisionUDG object at 0x7fd184464c20>, <lambdaprecisionudggenerator.graph_generator.graphs.lambda_precision_udg.LambdaPrecisionUDG object at 0x7fd184464cb0>], logger=<Logger lambdaprecisionudggenerator.graph_generator.seeds.seed (DEBUG)>), GeneratorSeed(node_number=40, min_distance=0.1025390625, radius=0.22031249999999997, coverage_bound=(0.85, 0.9), avg_deg_bound=(4, 4.25), probability_connected=0.9, sample_size=10, graphs=[<lambdaprecisionudggenerator.graph_generator.graphs.lambda_precision_udg.LambdaPrecisionUDG object at 0x7fd184464d40>, <lambdaprecisionudggenerator.graph_generator.graphs.lambda_precision_udg.LambdaPrecisionUDG object at 0x7fd184464dd0>, <lambdaprecisionudggenerator.graph_generator.graphs.lambda_precision_udg.LambdaPrecisionUDG object at 0x7fd184464e60>, <lambdaprecisionudggenerator.graph_generator.graphs.lambda_precision_udg.LambdaPrecisionUDG object at 0x7fd184464ef0>, <lambdaprecisionudggenerator.graph_generator.graphs.lambda_precision_udg.LambdaPrecisionUDG object at 0x7fd184464f80>, <lambdaprecisionudggenerator.graph_generator.graphs.lambda_precision_udg.LambdaPrecisionUDG object at 0x7fd184465010>, <lambdaprecisionudggenerator.graph_generator.graphs.lambda_precision_udg.LambdaPrecisionUDG object at 0x7fd1844650a0>, <lambdaprecisionudggenerator.graph_generator.graphs.lambda_precision_udg.LambdaPrecisionUDG object at 0x7fd184465130>, <lambdaprecisionudggenerator.graph_generator.graphs.lambda_precision_udg.LambdaPrecisionUDG object at 0x7fd1844651c0>, <lambdaprecisionudggenerator.graph_generator.graphs.lambda_precision_udg.LambdaPrecisionUDG object at 0x7fd184465250>], logger=<Logger lambdaprecisionudggenerator.graph_generator.seeds.seed (DEBUG)>), GeneratorSeed(node_number=20, min_distance=0.1484375, radius=0.384375, coverage_bound=(0.85, 0.9), avg_deg_bound=(5, 5.25), probability_connected=1.0, sample_size=10, graphs=[<lambdaprecisionudggenerator.graph_generator.graphs.lambda_precision_udg.LambdaPrecisionUDG object at 0x7fd1844652e0>, <lambdaprecisionudggenerator.graph_generator.graphs.lambda_precision_udg.LambdaPrecisionUDG object at 0x7fd184465370>, <lambdaprecisionudggenerator.graph_generator.graphs.lambda_precision_udg.LambdaPrecisionUDG object at 0x7fd184465400>, <lambdaprecisionudggenerator.graph_generator.graphs.lambda_precision_udg.LambdaPrecisionUDG object at 0x7fd184465490>, <lambdaprecisionudggenerator.graph_generator.graphs.lambda_precision_udg.LambdaPrecisionUDG object at 0x7fd184465520>, <lambdaprecisionudggenerator.graph_generator.graphs.lambda_precision_udg.LambdaPrecisionUDG object at 0x7fd1844655b0>, <lambdaprecisionudggenerator.graph_generator.graphs.lambda_precision_udg.LambdaPrecisionUDG object at 0x7fd184465640>, <lambdaprecisionudggenerator.graph_generator.graphs.lambda_precision_udg.LambdaPrecisionUDG object at 0x7fd1844656d0>, <lambdaprecisionudggenerator.graph_generator.graphs.lambda_precision_udg.LambdaPrecisionUDG object at 0x7fd184465760>, <lambdaprecisionudggenerator.graph_generator.graphs.lambda_precision_udg.LambdaPrecisionUDG object at 0x7fd1844657f0>], logger=<Logger lambdaprecisionudggenerator.graph_generator.seeds.seed (DEBUG)>), GeneratorSeed(node_number=20, min_distance=0.150390625, radius=0.375, coverage_bound=(0.85, 0.9), avg_deg_bound=(5, 5.25), probability_connected=1.0, sample_size=10, graphs=[<lambdaprecisionudggenerator.graph_generator.graphs.lambda_precision_udg.LambdaPrecisionUDG object at 0x7fd184465880>, <lambdaprecisionudggenerator.graph_generator.graphs.lambda_precision_udg.LambdaPrecisionUDG object at 0x7fd184465910>, <lambdaprecisionudggenerator.graph_generator.graphs.lambda_precision_udg.LambdaPrecisionUDG object at 0x7fd1844659a0>, <lambdaprecisionudggenerator.graph_generator.graphs.lambda_precision_udg.LambdaPrecisionUDG object at 0x7fd184465a30>, <lambdaprecisionudggenerator.graph_generator.graphs.lambda_precision_udg.LambdaPrecisionUDG object at 0x7fd184465ac0>, <lambdaprecisionudggenerator.graph_generator.graphs.lambda_precision_udg.LambdaPrecisionUDG object at 0x7fd184465b50>, <lambdaprecisionudggenerator.graph_generator.graphs.lambda_precision_udg.LambdaPrecisionUDG object at 0x7fd184465be0>, <lambdaprecisionudggenerator.graph_generator.graphs.lambda_precision_udg.LambdaPrecisionUDG object at 0x7fd184465c70>, <lambdaprecisionudggenerator.graph_generator.graphs.lambda_precision_udg.LambdaPrecisionUDG object at 0x7fd184465d00>, <lambdaprecisionudggenerator.graph_generator.graphs.lambda_precision_udg.LambdaPrecisionUDG object at 0x7fd184465d90>], logger=<Logger lambdaprecisionudggenerator.graph_generator.seeds.seed (DEBUG)>), GeneratorSeed(node_number=20, min_distance=0.150390625, radius=0.3375, coverage_bound=(0.85, 0.9), avg_deg_bound=(4, 4.25), probability_connected=1.0, sample_size=10, graphs=[<lambdaprecisionudggenerator.graph_generator.graphs.lambda_precision_udg.LambdaPrecisionUDG object at 0x7fd184465e20>, <lambdaprecisionudggenerator.graph_generator.graphs.lambda_precision_udg.LambdaPrecisionUDG object at 0x7fd184465eb0>, <lambdaprecisionudggenerator.graph_generator.graphs.lambda_precision_udg.LambdaPrecisionUDG object at 0x7fd184465f40>, <lambdaprecisionudggenerator.graph_generator.graphs.lambda_precision_udg.LambdaPrecisionUDG object at 0x7fd184465fd0>, <lambdaprecisionudggenerator.graph_generator.graphs.lambda_precision_udg.LambdaPrecisionUDG object at 0x7fd184466060>, <lambdaprecisionudggenerator.graph_generator.graphs.lambda_precision_udg.LambdaPrecisionUDG object at 0x7fd1844660f0>, <lambdaprecisionudggenerator.graph_generator.graphs.lambda_precision_udg.LambdaPrecisionUDG object at 0x7fd184466180>, <lambdaprecisionudggenerator.graph_generator.graphs.lambda_precision_udg.LambdaPrecisionUDG object at 0x7fd184466210>, <lambdaprecisionudggenerator.graph_generator.graphs.lambda_precision_udg.LambdaPrecisionUDG object at 0x7fd1844662a0>, <lambdaprecisionudggenerator.graph_generator.graphs.lambda_precision_udg.LambdaPrecisionUDG object at 0x7fd184466330>], logger=<Logger lambdaprecisionudggenerator.graph_generator.seeds.seed (DEBUG)>), GeneratorSeed(node_number=40, min_distance=0.1025390625, radius=0.22265624999999997, coverage_bound=(0.85, 0.9), avg_deg_bound=(4, 4.25), probability_connected=0.7, sample_size=10, graphs=[<lambdaprecisionudggenerator.graph_generator.graphs.lambda_precision_udg.LambdaPrecisionUDG object at 0x7fd1844663c0>, <lambdaprecisionudggenerator.graph_generator.graphs.lambda_precision_udg.LambdaPrecisionUDG object at 0x7fd184466450>, <lambdaprecisionudggenerator.graph_generator.graphs.lambda_precision_udg.LambdaPrecisionUDG object at 0x7fd1844664e0>, <lambdaprecisionudggenerator.graph_generator.graphs.lambda_precision_udg.LambdaPrecisionUDG object at 0x7fd184466570>, <lambdaprecisionudggenerator.graph_generator.graphs.lambda_precision_udg.LambdaPrecisionUDG object at 0x7fd184466600>, <lambdaprecisionudggenerator.graph_generator.graphs.lambda_precision_udg.LambdaPrecisionUDG object at 0x7fd184466690>, <lambdaprecisionudggenerator.graph_generator.graphs.lambda_precision_udg.LambdaPrecisionUDG object at 0x7fd184466720>, <lambdaprecisionudggenerator.graph_generator.graphs.lambda_precision_udg.LambdaPrecisionUDG object at 0x7fd1844667b0>, <lambdaprecisionudggenerator.graph_generator.graphs.lambda_precision_udg.LambdaPrecisionUDG object at 0x7fd184466840>, <lambdaprecisionudggenerator.graph_generator.graphs.lambda_precision_udg.LambdaPrecisionUDG object at 0x7fd1844668d0>], logger=<Logger lambdaprecisionudggenerator.graph_generator.seeds.seed (DEBUG)>), GeneratorSeed(node_number=20, min_distance=0.1484375, radius=0.3375, coverage_bound=(0.85, 0.9), avg_deg_bound=(4, 4.25), probability_connected=0.8, sample_size=10, graphs=[<lambdaprecisionudggenerator.graph_generator.graphs.lambda_precision_udg.LambdaPrecisionUDG object at 0x7fd184466960>, <lambdaprecisionudggenerator.graph_generator.graphs.lambda_precision_udg.LambdaPrecisionUDG object at 0x7fd1844669f0>, <lambdaprecisionudggenerator.graph_generator.graphs.lambda_precision_udg.LambdaPrecisionUDG object at 0x7fd184466a80>, <lambdaprecisionudggenerator.graph_generator.graphs.lambda_precision_udg.LambdaPrecisionUDG object at 0x7fd184466b10>, <lambdaprecisionudggenerator.graph_generator.graphs.lambda_precision_udg.LambdaPrecisionUDG object at 0x7fd184466ba0>, <lambdaprecisionudggenerator.graph_generator.graphs.lambda_precision_udg.LambdaPrecisionUDG object at 0x7fd184466c30>, <lambdaprecisionudggenerator.graph_generator.graphs.lambda_precision_udg.LambdaPrecisionUDG object at 0x7fd184466cc0>, <lambdaprecisionudggenerator.graph_generator.graphs.lambda_precision_udg.LambdaPrecisionUDG object at 0x7fd184466d50>, <lambdaprecisionudggenerator.graph_generator.graphs.lambda_precision_udg.LambdaPrecisionUDG object at 0x7fd184466de0>, <lambdaprecisionudggenerator.graph_generator.graphs.lambda_precision_udg.LambdaPrecisionUDG object at 0x7fd184466e70>], logger=<Logger lambdaprecisionudggenerator.graph_generator.seeds.seed (DEBUG)>), GeneratorSeed(node_number=20, min_distance=0.150390625, radius=0.2953125, coverage_bound=(0.85, 0.9), avg_deg_bound=(3, 3.25), probability_connected=0.7, sample_size=10, graphs=[<lambdaprecisionudggenerator.graph_generator.graphs.lambda_precision_udg.LambdaPrecisionUDG object at 0x7fd184466f00>, <lambdaprecisionudggenerator.graph_generator.graphs.lambda_precision_udg.LambdaPrecisionUDG object at 0x7fd184466f90>, <lambdaprecisionudggenerator.graph_generator.graphs.lambda_precision_udg.LambdaPrecisionUDG object at 0x7fd184467020>, <lambdaprecisionudggenerator.graph_generator.graphs.lambda_precision_udg.LambdaPrecisionUDG object at 0x7fd1844670b0>, <lambdaprecisionudggenerator.graph_generator.graphs.lambda_precision_udg.LambdaPrecisionUDG object at 0x7fd184467140>, <lambdaprecisionudggenerator.graph_generator.graphs.lambda_precision_udg.LambdaPrecisionUDG object at 0x7fd1844671d0>, <lambdaprecisionudggenerator.graph_generator.graphs.lambda_precision_udg.LambdaPrecisionUDG object at 0x7fd184467260>, <lambdaprecisionudggenerator.graph_generator.graphs.lambda_precision_udg.LambdaPrecisionUDG object at 0x7fd1844672f0>, <lambdaprecisionudggenerator.graph_generator.graphs.lambda_precision_udg.LambdaPrecisionUDG object at 0x7fd184467380>, <lambdaprecisionudggenerator.graph_generator.graphs.lambda_precision_udg.LambdaPrecisionUDG object at 0x7fd184467410>], logger=<Logger lambdaprecisionudggenerator.graph_generator.seeds.seed (DEBUG)>), GeneratorSeed(node_number=40, min_distance=0.103515625, radius=0.22499999999999998, coverage_bound=(0.85, 0.9), avg_deg_bound=(4, 4.25), probability_connected=1.0, sample_size=10, graphs=[<lambdaprecisionudggenerator.graph_generator.graphs.lambda_precision_udg.LambdaPrecisionUDG object at 0x7fd1844674a0>, <lambdaprecisionudggenerator.graph_generator.graphs.lambda_precision_udg.LambdaPrecisionUDG object at 0x7fd184467530>, <lambdaprecisionudggenerator.graph_generator.graphs.lambda_precision_udg.LambdaPrecisionUDG object at 0x7fd1844675c0>, <lambdaprecisionudggenerator.graph_generator.graphs.lambda_precision_udg.LambdaPrecisionUDG object at 0x7fd184467650>, <lambdaprecisionudggenerator.graph_generator.graphs.lambda_precision_udg.LambdaPrecisionUDG object at 0x7fd1844676e0>, <lambdaprecisionudggenerator.graph_generator.graphs.lambda_precision_udg.LambdaPrecisionUDG object at 0x7fd184467770>, <lambdaprecisionudggenerator.graph_generator.graphs.lambda_precision_udg.LambdaPrecisionUDG object at 0x7fd184467800>, <lambdaprecisionudggenerator.graph_generator.graphs.lambda_precision_udg.LambdaPrecisionUDG object at 0x7fd184467890>, <lambdaprecisionudggenerator.graph_generator.graphs.lambda_precision_udg.LambdaPrecisionUDG object at 0x7fd184467920>, <lambdaprecisionudggenerator.graph_generator.graphs.lambda_precision_udg.LambdaPrecisionUDG object at 0x7fd1844679b0>], logger=<Logger lambdaprecisionudggenerator.graph_generator.seeds.seed (DEBUG)>), GeneratorSeed(node_number=40, min_distance=0.103515625, radius=0.24843749999999995, coverage_bound=(0.85, 0.9), avg_deg_bound=(5, 5.25), probability_connected=1.0, sample_size=10, graphs=[<lambdaprecisionudggenerator.graph_generator.graphs.lambda_precision_udg.LambdaPrecisionUDG object at 0x7fd184467a40>, <lambdaprecisionudggenerator.graph_generator.graphs.lambda_precision_udg.LambdaPrecisionUDG object at 0x7fd184467ad0>, <lambdaprecisionudggenerator.graph_generator.graphs.lambda_precision_udg.LambdaPrecisionUDG object at 0x7fd184467b60>, <lambdaprecisionudggenerator.graph_generator.graphs.lambda_precision_udg.LambdaPrecisionUDG object at 0x7fd184467bf0>, <lambdaprecisionudggenerator.graph_generator.graphs.lambda_precision_udg.LambdaPrecisionUDG object at 0x7fd184467c80>, <lambdaprecisionudggenerator.graph_generator.graphs.lambda_precision_udg.LambdaPrecisionUDG object at 0x7fd184467d10>, <lambdaprecisionudggenerator.graph_generator.graphs.lambda_precision_udg.LambdaPrecisionUDG object at 0x7fd184467da0>, <lambdaprecisionudggenerator.graph_generator.graphs.lambda_precision_udg.LambdaPrecisionUDG object at 0x7fd184467e30>, <lambdaprecisionudggenerator.graph_generator.graphs.lambda_precision_udg.LambdaPrecisionUDG object at 0x7fd184467ec0>, <lambdaprecisionudggenerator.graph_generator.graphs.lambda_precision_udg.LambdaPrecisionUDG object at 0x7fd184467f50>], logger=<Logger lambdaprecisionudggenerator.graph_generator.seeds.seed (DEBUG)>), GeneratorSeed(node_number=40, min_distance=0.10546875, radius=0.22499999999999998, coverage_bound=(0.85, 0.9), avg_deg_bound=(4, 4.25), probability_connected=0.9, sample_size=10, graphs=[<lambdaprecisionudggenerator.graph_generator.graphs.lambda_precision_udg.LambdaPrecisionUDG object at 0x7fd168be8050>, <lambdaprecisionudggenerator.graph_generator.graphs.lambda_precision_udg.LambdaPrecisionUDG object at 0x7fd168be80e0>, <lambdaprecisionudggenerator.graph_generator.graphs.lambda_precision_udg.LambdaPrecisionUDG object at 0x7fd168be8170>, <lambdaprecisionudggenerator.graph_generator.graphs.lambda_precision_udg.LambdaPrecisionUDG object at 0x7fd168be8200>, <lambdaprecisionudggenerator.graph_generator.graphs.lambda_precision_udg.LambdaPrecisionUDG object at 0x7fd168be8290>, <lambdaprecisionudggenerator.graph_generator.graphs.lambda_precision_udg.LambdaPrecisionUDG object at 0x7fd168be8320>, <lambdaprecisionudggenerator.graph_generator.graphs.lambda_precision_udg.LambdaPrecisionUDG object at 0x7fd168be83b0>, <lambdaprecisionudggenerator.graph_generator.graphs.lambda_precision_udg.LambdaPrecisionUDG object at 0x7fd168be8440>, <lambdaprecisionudggenerator.graph_generator.graphs.lambda_precision_udg.LambdaPrecisionUDG object at 0x7fd168be84d0>, <lambdaprecisionudggenerator.graph_generator.graphs.lambda_precision_udg.LambdaPrecisionUDG object at 0x7fd168be8560>], logger=<Logger lambdaprecisionudggenerator.graph_generator.seeds.seed (DEBUG)>), GeneratorSeed(node_number=40, min_distance=0.103515625, radius=0.22499999999999998, coverage_bound=(0.85, 0.9), avg_deg_bound=(4, 4.25), probability_connected=0.9, sample_size=10, graphs=[<lambdaprecisionudggenerator.graph_generator.graphs.lambda_precision_udg.LambdaPrecisionUDG object at 0x7fd168be85f0>, <lambdaprecisionudggenerator.graph_generator.graphs.lambda_precision_udg.LambdaPrecisionUDG object at 0x7fd168be8680>, <lambdaprecisionudggenerator.graph_generator.graphs.lambda_precision_udg.LambdaPrecisionUDG object at 0x7fd168be8710>, <lambdaprecisionudggenerator.graph_generator.graphs.lambda_precision_udg.LambdaPrecisionUDG object at 0x7fd168be87a0>, <lambdaprecisionudggenerator.graph_generator.graphs.lambda_precision_udg.LambdaPrecisionUDG object at 0x7fd168be8830>, <lambdaprecisionudggenerator.graph_generator.graphs.lambda_precision_udg.LambdaPrecisionUDG object at 0x7fd168be88c0>, <lambdaprecisionudggenerator.graph_generator.graphs.lambda_precision_udg.LambdaPrecisionUDG object at 0x7fd168be8950>, <lambdaprecisionudggenerator.graph_generator.graphs.lambda_precision_udg.LambdaPrecisionUDG object at 0x7fd168be89e0>, <lambdaprecisionudggenerator.graph_generator.graphs.lambda_precision_udg.LambdaPrecisionUDG object at 0x7fd168be8a70>, <lambdaprecisionudggenerator.graph_generator.graphs.lambda_precision_udg.LambdaPrecisionUDG object at 0x7fd168be8b00>], logger=<Logger lambdaprecisionudggenerator.graph_generator.seeds.seed (DEBUG)>), GeneratorSeed(node_number=20, min_distance=0.150390625, radius=0.3375, coverage_bound=(0.85, 0.9), avg_deg_bound=(4, 4.25), probability_connected=1.0, sample_size=10, graphs=[<lambdaprecisionudggenerator.graph_generator.graphs.lambda_precision_udg.LambdaPrecisionUDG object at 0x7fd168be8b90>, <lambdaprecisionudggenerator.graph_generator.graphs.lambda_precision_udg.LambdaPrecisionUDG object at 0x7fd168be8c20>, <lambdaprecisionudggenerator.graph_generator.graphs.lambda_precision_udg.LambdaPrecisionUDG object at 0x7fd168be8cb0>, <lambdaprecisionudggenerator.graph_generator.graphs.lambda_precision_udg.LambdaPrecisionUDG object at 0x7fd168be8d40>, <lambdaprecisionudggenerator.graph_generator.graphs.lambda_precision_udg.LambdaPrecisionUDG object at 0x7fd168be8dd0>, <lambdaprecisionudggenerator.graph_generator.graphs.lambda_precision_udg.LambdaPrecisionUDG object at 0x7fd168be8e60>, <lambdaprecisionudggenerator.graph_generator.graphs.lambda_precision_udg.LambdaPrecisionUDG object at 0x7fd168be8ef0>, <lambdaprecisionudggenerator.graph_generator.graphs.lambda_precision_udg.LambdaPrecisionUDG object at 0x7fd168be8f80>, <lambdaprecisionudggenerator.graph_generator.graphs.lambda_precision_udg.LambdaPrecisionUDG object at 0x7fd168be9010>, <lambdaprecisionudggenerator.graph_generator.graphs.lambda_precision_udg.LambdaPrecisionUDG object at 0x7fd168be90a0>], logger=<Logger lambdaprecisionudggenerator.graph_generator.seeds.seed (DEBUG)>), GeneratorSeed(node_number=20, min_distance=0.1484375, radius=0.384375, coverage_bound=(0.85, 0.9), avg_deg_bound=(5, 5.25), probability_connected=1.0, sample_size=10, graphs=[<lambdaprecisionudggenerator.graph_generator.graphs.lambda_precision_udg.LambdaPrecisionUDG object at 0x7fd168be9130>, <lambdaprecisionudggenerator.graph_generator.graphs.lambda_precision_udg.LambdaPrecisionUDG object at 0x7fd168be91c0>, <lambdaprecisionudggenerator.graph_generator.graphs.lambda_precision_udg.LambdaPrecisionUDG object at 0x7fd168be9250>, <lambdaprecisionudggenerator.graph_generator.graphs.lambda_precision_udg.LambdaPrecisionUDG object at 0x7fd168be92e0>, <lambdaprecisionudggenerator.graph_generator.graphs.lambda_precision_udg.LambdaPrecisionUDG object at 0x7fd168be9370>, <lambdaprecisionudggenerator.graph_generator.graphs.lambda_precision_udg.LambdaPrecisionUDG object at 0x7fd168be9400>, <lambdaprecisionudggenerator.graph_generator.graphs.lambda_precision_udg.LambdaPrecisionUDG object at 0x7fd168be9490>, <lambdaprecisionudggenerator.graph_generator.graphs.lambda_precision_udg.LambdaPrecisionUDG object at 0x7fd168be9520>, <lambdaprecisionudggenerator.graph_generator.graphs.lambda_precision_udg.LambdaPrecisionUDG object at 0x7fd168be95b0>, <lambdaprecisionudggenerator.graph_generator.graphs.lambda_precision_udg.LambdaPrecisionUDG object at 0x7fd168be9640>], logger=<Logger lambdaprecisionudggenerator.graph_generator.seeds.seed (DEBUG)>), GeneratorSeed(node_number=40, min_distance=0.10546875, radius=0.25078124999999996, coverage_bound=(0.85, 0.9), avg_deg_bound=(5, 5.25), probability_connected=1.0, sample_size=10, graphs=[<lambdaprecisionudggenerator.graph_generator.graphs.lambda_precision_udg.LambdaPrecisionUDG object at 0x7fd168be96d0>, <lambdaprecisionudggenerator.graph_generator.graphs.lambda_precision_udg.LambdaPrecisionUDG object at 0x7fd168be9760>, <lambdaprecisionudggenerator.graph_generator.graphs.lambda_precision_udg.LambdaPrecisionUDG object at 0x7fd168be97f0>, <lambdaprecisionudggenerator.graph_generator.graphs.lambda_precision_udg.LambdaPrecisionUDG object at 0x7fd168be9880>, <lambdaprecisionudggenerator.graph_generator.graphs.lambda_precision_udg.LambdaPrecisionUDG object at 0x7fd168be9910>, <lambdaprecisionudggenerator.graph_generator.graphs.lambda_precision_udg.LambdaPrecisionUDG object at 0x7fd168be99a0>, <lambdaprecisionudggenerator.graph_generator.graphs.lambda_precision_udg.LambdaPrecisionUDG object at 0x7fd168be9a30>, <lambdaprecisionudggenerator.graph_generator.graphs.lambda_precision_udg.LambdaPrecisionUDG object at 0x7fd168be9ac0>, <lambdaprecisionudggenerator.graph_generator.graphs.lambda_precision_udg.LambdaPrecisionUDG object at 0x7fd168be9b50>, <lambdaprecisionudggenerator.graph_generator.graphs.lambda_precision_udg.LambdaPrecisionUDG object at 0x7fd168be9be0>], logger=<Logger lambdaprecisionudggenerator.graph_generator.seeds.seed (DEBUG)>)])
 +    where [GeneratorSeed(node_number=20, min_distance=0.1484375, radius=0.375, coverage_bound=(0.85, 0.9), avg_deg_bound=(5, 5.25), probability_connected=0.9, sample_size=10, graphs=[<lambdaprecisionudggenerator.graph_generator.graphs.lambda_precision_udg.LambdaPrecisionUDG object at 0x7fd1841780e0>, <lambdaprecisionudggenerator.graph_generator.graphs.lambda_precision_udg.LambdaPrecisionUDG object at 0x7fd184178170>, <lambdaprecisionudggenerator.graph_generator.graphs.lambda_precision_udg.LambdaPrecisionUDG object at 0x7fd184178200>, <lambdaprecisionudggenerator.graph_generator.graphs.lambda_precision_udg.LambdaPrecisionUDG object at 0x7fd184178290>, <lambdaprecisionudggenerator.graph_generator.graphs.lambda_precision_udg.LambdaPrecisionUDG object at 0x7fd184178320>, <lambdaprecisionudggenerator.graph_generator.graphs.lambda_precision_udg.LambdaPrecisionUDG object at 0x7fd1841783b0>, <lambdaprecisionudggenerator.graph_generator.graphs.lambda_precision_udg.LambdaPrecisionUDG object at 0x7fd184178440>, <lambdaprecisionudggenerator.graph_generator.graphs.lambda_precision_udg.LambdaPrecisionUDG object at 0x7fd1841784d0>, <lambdaprecisionudggenerator.graph_generator.graphs.lambda_precision_udg.LambdaPrecisionUDG object at 0x7fd184178560>, <lambdaprecisionudggenerator.graph_generator.graphs.lambda_precision_udg.LambdaPrecisionUDG object at 0x7fd1841785f0>], logger=<Logger lambdaprecisionudggenerator.graph_generator.seeds.seed (DEBUG)>), GeneratorSeed(node_number=40, min_distance=0.103515625, radius=0.196875, coverage_bound=(0.85, 0.9), avg_deg_bound=(3, 3.25), probability_connected=0.3, sample_size=10, graphs=[<lambdaprecisionudggenerator.graph_generator.graphs.lambda_precision_udg.LambdaPrecisionUDG object at 0x7fd184178680>, <lambdaprecisionudggenerator.graph_generator.graphs.lambda_precision_udg.LambdaPrecisionUDG object at 0x7fd184178710>, <lambdaprecisionudggenerator.graph_generator.graphs.lambda_precision_udg.LambdaPrecisionUDG object at 0x7fd1841787a0>, <lambdaprecisionudggenerator.graph_generator.graphs.lambda_precision_udg.LambdaPrecisionUDG object at 0x7fd184178830>, <lambdaprecisionudggenerator.graph_generator.graphs.lambda_precision_udg.LambdaPrecisionUDG object at 0x7fd1841788c0>, <lambdaprecisionudggenerator.graph_generator.graphs.lambda_precision_udg.LambdaPrecisionUDG object at 0x7fd184178950>, <lambdaprecisionudggenerator.graph_generator.graphs.lambda_precision_udg.LambdaPrecisionUDG object at 0x7fd1841789e0>, <lambdaprecisionudggenerator.graph_generator.graphs.lambda_precision_udg.LambdaPrecisionUDG object at 0x7fd184178a70>, <lambdaprecisionudggenerator.graph_generator.graphs.lambda_precision_udg.LambdaPrecisionUDG object at 0x7fd184178b00>, <lambdaprecisionudggenerator.graph_generator.graphs.lambda_precision_udg.LambdaPrecisionUDG object at 0x7fd184178b90>], logger=<Logger lambdaprecisionudggenerator.graph_generator.seeds.seed (DEBUG)>), GeneratorSeed(node_number=20, min_distance=0.1484375, radius=0.3, coverage_bound=(0.85, 0.9), avg_deg_bound=(3, 3.25), probability_connected=0.5, sample_size=10, graphs=[<lambdaprecisionudggenerator.graph_generator.graphs.lambda_precision_udg.LambdaPrecisionUDG object at 0x7fd184178c20>, <lambdaprecisionudggenerator.graph_generator.graphs.lambda_precision_udg.LambdaPrecisionUDG object at 0x7fd184178cb0>, <lambdaprecisionudggenerator.graph_generator.graphs.lambda_precision_udg.LambdaPrecisionUDG object at 0x7fd184178d40>, <lambdaprecisionudggenerator.graph_generator.graphs.lambda_precision_udg.LambdaPrecisionUDG object at 0x7fd184178dd0>, <lambdaprecisionudggenerator.graph_generator.graphs.lambda_precision_udg.LambdaPrecisionUDG object at 0x7fd184178e60>, <lambdaprecisionudggenerator.graph_generator.graphs.lambda_precision_udg.LambdaPrecisionUDG object at 0x7fd184178ef0>, <lambdaprecisionudggenerator.graph_generator.graphs.lambda_precision_udg.LambdaPrecisionUDG object at 0x7fd184178f80>, <lambdaprecisionudggenerator.graph_generator.graphs.lambda_precision_udg.LambdaPrecisionUDG object at 0x7fd184179010>, <lambdaprecisionudggenerator.graph_generator.graphs.lambda_precision_udg.LambdaPrecisionUDG object at 0x7fd1841790a0>, <lambdaprecisionudggenerator.graph_generator.graphs.lambda_precision_udg.LambdaPrecisionUDG object at 0x7fd184179130>], logger=<Logger lambdaprecisionudggenerator.graph_generator.seeds.seed (DEBUG)>), GeneratorSeed(node_number=40, min_distance=0.10546875, radius=0.196875, coverage_bound=(0.85, 0.9), avg_deg_bound=(3, 3.25), probability_connected=0.7, sample_size=10, graphs=[<lambdaprecisionudggenerator.graph_generator.graphs.lambda_precision_udg.LambdaPrecisionUDG object at 0x7fd1841791c0>, <lambdaprecisionudggenerator.graph_generator.graphs.lambda_precision_udg.LambdaPrecisionUDG object at 0x7fd184179250>, <lambdaprecisionudggenerator.graph_generator.graphs.lambda_precision_udg.LambdaPrecisionUDG object at 0x7fd1841792e0>, <lambdaprecisionudggenerator.graph_generator.graphs.lambda_precision_udg.LambdaPrecisionUDG object at 0x7fd184179370>, <lambdaprecisionudggenerator.graph_generator.graphs.lambda_precision_udg.LambdaPrecisionUDG object at 0x7fd184179400>, <lambdaprecisionudggenerator.graph_generator.graphs.lambda_precision_udg.LambdaPrecisionUDG object at 0x7fd184179490>, <lambdaprecisionudggenerator.graph_generator.graphs.lambda_precision_udg.LambdaPrecisionUDG object at 0x7fd184179520>, <lambdaprecisionudggenerator.graph_generator.graphs.lambda_precision_udg.LambdaPrecisionUDG object at 0x7fd1841795b0>, <lambdaprecisionudggenerator.graph_generator.graphs.lambda_precision_udg.LambdaPrecisionUDG object at 0x7fd184179640>, <lambdaprecisionudggenerator.graph_generator.graphs.lambda_precision_udg.LambdaPrecisionUDG object at 0x7fd1841796d0>], logger=<Logger lambdaprecisionudggenerator.graph_generator.seeds.seed (DEBUG)>), GeneratorSeed(node_number=40, min_distance=0.1025390625, radius=0.196875, coverage_bound=(0.85, 0.9), avg_deg_bound=(3, 3.25), probability_connected=0.5, sample_size=10, graphs=[<lambdaprecisionudggenerator.graph_generator.graphs.lambda_precision_udg.LambdaPrecisionUDG object at 0x7fd184179760>, <lambdaprecisionudggenerator.graph_generator.graphs.lambda_precision_udg.LambdaPrecisionUDG object at 0x7fd1841797f0>, <lambdaprecisionudggenerator.graph_generator.graphs.lambda_precision_udg.LambdaPrecisionUDG object at 0x7fd184179880>, <lambdaprecisionudggenerator.graph_generator.graphs.lambda_precision_udg.LambdaPrecisionUDG object at 0x7fd184179910>, <lambdaprecisionudggenerator.graph_generator.graphs.lambda_precision_udg.LambdaPrecisionUDG object at 0x7fd1841799a0>, <lambdaprecisionudggenerator.graph_generator.graphs.lambda_precision_udg.LambdaPrecisionUDG object at 0x7fd184179a30>, <lambdaprecisionudggenerator.graph_generator.graphs.lambda_precision_udg.LambdaPrecisionUDG object at 0x7fd184179ac0>, <lambdaprecisionudggenerator.graph_generator.graphs.lambda_precision_udg.LambdaPrecisionUDG object at 0x7fd184179b50>, <lambdaprecisionudggenerator.graph_generator.graphs.lambda_precision_udg.LambdaPrecisionUDG object at 0x7fd184179be0>, <lambdaprecisionudggenerator.graph_generator.graphs.lambda_precision_udg.LambdaPrecisionUDG object at 0x7fd184179c70>], logger=<Logger lambdaprecisionudggenerator.graph_generator.seeds.seed (DEBUG)>), GeneratorSeed(node_number=40, min_distance=0.1025390625, radius=0.1921875, coverage_bound=(0.85, 0.9), avg_deg_bound=(3, 3.25), probability_connected=0.5, sample_size=10, graphs=[<lambdaprecisionudggenerator.graph_generator.graphs.lambda_precision_udg.LambdaPrecisionUDG object at 0x7fd184179d00>, <lambdaprecisionudggenerator.graph_generator.graphs.lambda_precision_udg.LambdaPrecisionUDG object at 0x7fd184179d90>, <lambdaprecisionudggenerator.graph_generator.graphs.lambda_precision_udg.LambdaPrecisionUDG object at 0x7fd184179e20>, <lambdaprecisionudggenerator.graph_generator.graphs.lambda_precision_udg.LambdaPrecisionUDG object at 0x7fd184179eb0>, <lambdaprecisionudggenerator.graph_generator.graphs.lambda_precision_udg.LambdaPrecisionUDG object at 0x7fd184179f40>, <lambdaprecisionudggenerator.graph_generator.graphs.lambda_precision_udg.LambdaPrecisionUDG object at 0x7fd184179fd0>, <lambdaprecisionudggenerator.graph_generator.graphs.lambda_precision_udg.LambdaPrecisionUDG object at 0x7fd18417a060>, <lambdaprecisionudggenerator.graph_generator.graphs.lambda_precision_udg.LambdaPrecisionUDG object at 0x7fd18417a0f0>, <lambdaprecisionudggenerator.graph_generator.graphs.lambda_precision_udg.LambdaPrecisionUDG object at 0x7fd18417a180>, <lambdaprecisionudggenerator.graph_generator.graphs.lambda_precision_udg.LambdaPrecisionUDG object at 0x7fd18417a210>], logger=<Logger lambdaprecisionudggenerator.graph_generator.seeds.seed (DEBUG)>), GeneratorSeed(node_number=40, min_distance=0.103515625, radius=0.196875, coverage_bound=(0.85, 0.9), avg_deg_bound=(3, 3.25), probability_connected=0.3, sample_size=10, graphs=[<lambdaprecisionudggenerator.graph_generator.graphs.lambda_precision_udg.LambdaPrecisionUDG object at 0x7fd18417a2a0>, <lambdaprecisionudggenerator.graph_generator.graphs.lambda_precision_udg.LambdaPrecisionUDG object at 0x7fd18417a330>, <lambdaprecisionudggenerator.graph_generator.graphs.lambda_precision_udg.LambdaPrecisionUDG object at 0x7fd18417a3c0>, <lambdaprecisionudggenerator.graph_generator.graphs.lambda_precision_udg.LambdaPrecisionUDG object at 0x7fd18417a450>, <lambdaprecisionudggenerator.graph_generator.graphs.lambda_precision_udg.LambdaPrecisionUDG object at 0x7fd18417a4e0>, <lambdaprecisionudggenerator.graph_generator.graphs.lambda_precision_udg.LambdaPrecisionUDG object at 0x7fd18417a570>, <lambdaprecisionudggenerator.graph_generator.graphs.lambda_precision_udg.LambdaPrecisionUDG object at 0x7fd18417a600>, <lambdaprecisionudggenerator.graph_generator.graphs.lambda_precision_udg.LambdaPrecisionUDG object at 0x7fd18417a690>, <lambdaprecisionudggenerator.graph_generator.graphs.lambda_precision_udg.LambdaPrecisionUDG object at 0x7fd18417a720>, <lambdaprecisionudggenerator.graph_generator.graphs.lambda_precision_udg.LambdaPrecisionUDG object at 0x7fd18417a7b0>], logger=<Logger lambdaprecisionudggenerator.graph_generator.seeds.seed (DEBUG)>), GeneratorSeed(node_number=40, min_distance=0.1025390625, radius=0.24843749999999995, coverage_bound=(0.85, 0.9), avg_deg_bound=(5, 5.25), probability_connected=0.9, sample_size=10, graphs=[<lambdaprecisionudggenerator.graph_generator.graphs.lambda_precision_udg.LambdaPrecisionUDG object at 0x7fd18417a840>, <lambdaprecisionudggenerator.graph_generator.graphs.lambda_precision_udg.LambdaPrecisionUDG object at 0x7fd18417a8d0>, <lambdaprecisionudggenerator.graph_generator.graphs.lambda_precision_udg.LambdaPrecisionUDG object at 0x7fd18417a960>, <lambdaprecisionudggenerator.graph_generator.graphs.lambda_precision_udg.LambdaPrecisionUDG object at 0x7fd18417a9f0>, <lambdaprecisionudggenerator.graph_generator.graphs.lambda_precision_udg.LambdaPrecisionUDG object at 0x7fd18417aa80>, <lambdaprecisionudggenerator.graph_generator.graphs.lambda_precision_udg.LambdaPrecisionUDG object at 0x7fd18417ab10>, <lambdaprecisionudggenerator.graph_generator.graphs.lambda_precision_udg.LambdaPrecisionUDG object at 0x7fd18417aba0>, <lambdaprecisionudggenerator.graph_generator.graphs.lambda_precision_udg.LambdaPrecisionUDG object at 0x7fd18417ac30>, <lambdaprecisionudggenerator.graph_generator.graphs.lambda_precision_udg.LambdaPrecisionUDG object at 0x7fd18417acc0>, <lambdaprecisionudggenerator.graph_generator.graphs.lambda_precision_udg.LambdaPrecisionUDG object at 0x7fd18417ad50>], logger=<Logger lambdaprecisionudggenerator.graph_generator.seeds.seed (DEBUG)>), GeneratorSeed(node_number=20, min_distance=0.1484375, radius=0.3328125, coverage_bound=(0.85, 0.9), avg_deg_bound=(4, 4.25), probability_connected=0.9, sample_size=10, graphs=[<lambdaprecisionudggenerator.graph_generator.graphs.lambda_precision_udg.LambdaPrecisionUDG object at 0x7fd18417ade0>, <lambdaprecisionudggenerator.graph_generator.graphs.lambda_precision_udg.LambdaPrecisionUDG object at 0x7fd18417ae70>, <lambdaprecisionudggenerator.graph_generator.graphs.lambda_precision_udg.LambdaPrecisionUDG object at 0x7fd18417af00>, <lambdaprecisionudggenerator.graph_generator.graphs.lambda_precision_udg.LambdaPrecisionUDG object at 0x7fd18417af90>, <lambdaprecisionudggenerator.graph_generator.graphs.lambda_precision_udg.LambdaPrecisionUDG object at 0x7fd18417b020>, <lambdaprecisionudggenerator.graph_generator.graphs.lambda_precision_udg.LambdaPrecisionUDG object at 0x7fd18417b0b0>, <lambdaprecisionudggenerator.graph_generator.graphs.lambda_precision_udg.LambdaPrecisionUDG object at 0x7fd18417b140>, <lambdaprecisionudggenerator.graph_generator.graphs.lambda_precision_udg.LambdaPrecisionUDG object at 0x7fd18417b1d0>, <lambdaprecisionudggenerator.graph_generator.graphs.lambda_precision_udg.LambdaPrecisionUDG object at 0x7fd18417b260>, <lambdaprecisionudggenerator.graph_generator.graphs.lambda_precision_udg.LambdaPrecisionUDG object at 0x7fd18417b2f0>], logger=<Logger lambdaprecisionudggenerator.graph_generator.seeds.seed (DEBUG)>), GeneratorSeed(node_number=20, min_distance=0.1484375, radius=0.3375, coverage_bound=(0.85, 0.9), avg_deg_bound=(4, 4.25), probability_connected=1.0, sample_size=10, graphs=[<lambdaprecisionudggenerator.graph_generator.graphs.lambda_precision_udg.LambdaPrecisionUDG object at 0x7fd18417b380>, <lambdaprecisionudggenerator.graph_generator.graphs.lambda_precision_udg.LambdaPrecisionUDG object at 0x7fd18417b410>, <lambdaprecisionudggenerator.graph_generator.graphs.lambda_precision_udg.LambdaPrecisionUDG object at 0x7fd18417b4a0>, <lambdaprecisionudggenerator.graph_generator.graphs.lambda_precision_udg.LambdaPrecisionUDG object at 0x7fd18417b530>, <lambdaprecisionudggenerator.graph_generator.graphs.lambda_precision_udg.LambdaPrecisionUDG object at 0x7fd18417b5c0>, <lambdaprecisionudggenerator.graph_generator.graphs.lambda_precision_udg.LambdaPrecisionUDG object at 0x7fd18417b650>, <lambdaprecisionudggenerator.graph_generator.graphs.lambda_precision_udg.LambdaPrecisionUDG object at 0x7fd18417b6e0>, <lambdaprecisionudggenerator.graph_generator.graphs.lambda_precision_udg.LambdaPrecisionUDG object at 0x7fd18417b770>, <lambdaprecisionudggenerator.graph_generator.graphs.lambda_precision_udg.LambdaPrecisionUDG object at 0x7fd18417b800>, <lambdaprecisionudggenerator.graph_generator.graphs.lambda_precision_udg.LambdaPrecisionUDG object at 0x7fd18417b890>], logger=<Logger lambdaprecisionudggenerator.graph_generator.seeds.seed (DEBUG)>), GeneratorSeed(node_number=20, min_distance=0.150390625, radius=0.384375, coverage_bound=(0.85, 0.9), avg_deg_bound=(5, 5.25), probability_connected=1.0, sample_size=10, graphs=[<lambdaprecisionudggenerator.graph_generator.graphs.lambda_precision_udg.LambdaPrecisionUDG object at 0x7fd18417b920>, <lambdaprecisionudggenerator.graph_generator.graphs.lambda_precision_udg.LambdaPrecisionUDG object at 0x7fd18417b9b0>, <lambdaprecisionudggenerator.graph_generator.graphs.lambda_precision_udg.LambdaPrecisionUDG object at 0x7fd18417ba40>, <lambdaprecisionudggenerator.graph_generator.graphs.lambda_precision_udg.LambdaPrecisionUDG object at 0x7fd18417bad0>, <lambdaprecisionudggenerator.graph_generator.graphs.lambda_precision_udg.LambdaPrecisionUDG object at 0x7fd18417bb60>, <lambdaprecisionudggenerator.graph_generator.graphs.lambda_precision_udg.LambdaPrecisionUDG object at 0x7fd18417bbf0>, <lambdaprecisionudggenerator.graph_generator.graphs.lambda_precision_udg.LambdaPrecisionUDG object at 0x7fd18417bc80>, <lambdaprecisionudggenerator.graph_generator.graphs.lambda_precision_udg.LambdaPrecisionUDG object at 0x7fd18417bd10>, <lambdaprecisionudggenerator.graph_generator.graphs.lambda_precision_udg.LambdaPrecisionUDG object at 0x7fd18417bda0>, <lambdaprecisionudggenerator.graph_generator.graphs.lambda_precision_udg.LambdaPrecisionUDG object at 0x7fd18417be30>], logger=<Logger lambdaprecisionudggenerator.graph_generator.seeds.seed (DEBUG)>), GeneratorSeed(node_number=40, min_distance=0.1025390625, radius=0.24374999999999997, coverage_bound=(0.85, 0.9), avg_deg_bound=(5, 5.25), probability_connected=1.0, sample_size=10, graphs=[<lambdaprecisionudggenerator.graph_generator.graphs.lambda_precision_udg.LambdaPrecisionUDG object at 0x7fd18422ade0>, <lambdaprecisionudggenerator.graph_generator.graphs.lambda_precision_udg.LambdaPrecisionUDG object at 0x7fd18422ad50>, <lambdaprecisionudggenerator.graph_generator.graphs.lambda_precision_udg.LambdaPrecisionUDG object at 0x7fd18422acc0>, <lambdaprecisionudggenerator.graph_generator.graphs.lambda_precision_udg.LambdaPrecisionUDG object at 0x7fd18422ac30>, <lambdaprecisionudggenerator.graph_generator.graphs.lambda_precision_udg.LambdaPrecisionUDG object at 0x7fd18422aba0>, <lambdaprecisionudggenerator.graph_generator.graphs.lambda_precision_udg.LambdaPrecisionUDG object at 0x7fd184228200>, <lambdaprecisionudggenerator.graph_generator.graphs.lambda_precision_udg.LambdaPrecisionUDG object at 0x7fd184228290>, <lambdaprecisionudggenerator.graph_generator.graphs.lambda_precision_udg.LambdaPrecisionUDG object at 0x7fd184228320>, <lambdaprecisionudggenerator.graph_generator.graphs.lambda_precision_udg.LambdaPrecisionUDG object at 0x7fd1842283b0>, <lambdaprecisionudggenerator.graph_generator.graphs.lambda_precision_udg.LambdaPrecisionUDG object at 0x7fd184228440>], logger=<Logger lambdaprecisionudggenerator.graph_generator.seeds.seed (DEBUG)>), GeneratorSeed(node_number=20, min_distance=0.1484375, radius=0.290625, coverage_bound=(0.85, 0.9), avg_deg_bound=(3, 3.25), probability_connected=0.4, sample_size=10, graphs=[<lambdaprecisionudggenerator.graph_generator.graphs.lambda_precision_udg.LambdaPrecisionUDG object at 0x7fd1842284d0>, <lambdaprecisionudggenerator.graph_generator.graphs.lambda_precision_udg.LambdaPrecisionUDG object at 0x7fd184228560>, <lambdaprecisionudggenerator.graph_generator.graphs.lambda_precision_udg.LambdaPrecisionUDG object at 0x7fd1842285f0>, <lambdaprecisionudggenerator.graph_generator.graphs.lambda_precision_udg.LambdaPrecisionUDG object at 0x7fd184228680>, <lambdaprecisionudggenerator.graph_generator.graphs.lambda_precision_udg.LambdaPrecisionUDG object at 0x7fd184228710>, <lambdaprecisionudggenerator.graph_generator.graphs.lambda_precision_udg.LambdaPrecisionUDG object at 0x7fd1842287a0>, <lambdaprecisionudggenerator.graph_generator.graphs.lambda_precision_udg.LambdaPrecisionUDG object at 0x7fd184228830>, <lambdaprecisionudggenerator.graph_generator.graphs.lambda_precision_udg.LambdaPrecisionUDG object at 0x7fd1842290a0>, <lambdaprecisionudggenerator.graph_generator.graphs.lambda_precision_udg.LambdaPrecisionUDG object at 0x7fd184228a70>, <lambdaprecisionudggenerator.graph_generator.graphs.lambda_precision_udg.LambdaPrecisionUDG object at 0x7fd184229880>], logger=<Logger lambdaprecisionudggenerator.graph_generator.seeds.seed (DEBUG)>), GeneratorSeed(node_number=20, min_distance=0.1484375, radius=0.3, coverage_bound=(0.85, 0.9), avg_deg_bound=(3, 3.25), probability_connected=0.8, sample_size=10, graphs=[<lambdaprecisionudggenerator.graph_generator.graphs.lambda_precision_udg.LambdaPrecisionUDG object at 0x7fd184229910>, <lambdaprecisionudggenerator.graph_generator.graphs.lambda_precision_udg.LambdaPrecisionUDG object at 0x7fd1842299a0>, <lambdaprecisionudggenerator.graph_generator.graphs.lambda_precision_udg.LambdaPrecisionUDG object at 0x7fd184229a30>, <lambdaprecisionudggenerator.graph_generator.graphs.lambda_precision_udg.LambdaPrecisionUDG object at 0x7fd184229130>, <lambdaprecisionudggenerator.graph_generator.graphs.lambda_precision_udg.LambdaPrecisionUDG object at 0x7fd1842289e0>, <lambdaprecisionudggenerator.graph_generator.graphs.lambda_precision_udg.LambdaPrecisionUDG object at 0x7fd18417bec0>, <lambdaprecisionudggenerator.graph_generator.graphs.lambda_precision_udg.LambdaPrecisionUDG object at 0x7fd18417bf50>, <lambdaprecisionudggenerator.graph_generator.graphs.lambda_precision_udg.LambdaPrecisionUDG object at 0x7fd184464050>, <lambdaprecisionudggenerator.graph_generator.graphs.lambda_precision_udg.LambdaPrecisionUDG object at 0x7fd1844640e0>, <lambdaprecisionudggenerator.graph_generator.graphs.lambda_precision_udg.LambdaPrecisionUDG object at 0x7fd184464170>], logger=<Logger lambdaprecisionudggenerator.graph_generator.seeds.seed (DEBUG)>), GeneratorSeed(node_number=20, min_distance=0.150390625, radius=0.290625, coverage_bound=(0.85, 0.9), avg_deg_bound=(3, 3.25), probability_connected=0.9, sample_size=10, graphs=[<lambdaprecisionudggenerator.graph_generator.graphs.lambda_precision_udg.LambdaPrecisionUDG object at 0x7fd184464200>, <lambdaprecisionudggenerator.graph_generator.graphs.lambda_precision_udg.LambdaPrecisionUDG object at 0x7fd184464290>, <lambdaprecisionudggenerator.graph_generator.graphs.lambda_precision_udg.LambdaPrecisionUDG object at 0x7fd184464320>, <lambdaprecisionudggenerator.graph_generator.graphs.lambda_precision_udg.LambdaPrecisionUDG object at 0x7fd1844643b0>, <lambdaprecisionudggenerator.graph_generator.graphs.lambda_precision_udg.LambdaPrecisionUDG object at 0x7fd184464440>, <lambdaprecisionudggenerator.graph_generator.graphs.lambda_precision_udg.LambdaPrecisionUDG object at 0x7fd1844644d0>, <lambdaprecisionudggenerator.graph_generator.graphs.lambda_precision_udg.LambdaPrecisionUDG object at 0x7fd184464560>, <lambdaprecisionudggenerator.graph_generator.graphs.lambda_precision_udg.LambdaPrecisionUDG object at 0x7fd1844645f0>, <lambdaprecisionudggenerator.graph_generator.graphs.lambda_precision_udg.LambdaPrecisionUDG object at 0x7fd184464680>, <lambdaprecisionudggenerator.graph_generator.graphs.lambda_precision_udg.LambdaPrecisionUDG object at 0x7fd184464710>], logger=<Logger lambdaprecisionudggenerator.graph_generator.seeds.seed (DEBUG)>), GeneratorSeed(node_number=40, min_distance=0.103515625, radius=0.24843749999999995, coverage_bound=(0.85, 0.9), avg_deg_bound=(5, 5.25), probability_connected=0.9, sample_size=10, graphs=[<lambdaprecisionudggenerator.graph_generator.graphs.lambda_precision_udg.LambdaPrecisionUDG object at 0x7fd1844647a0>, <lambdaprecisionudggenerator.graph_generator.graphs.lambda_precision_udg.LambdaPrecisionUDG object at 0x7fd184464830>, <lambdaprecisionudggenerator.graph_generator.graphs.lambda_precision_udg.LambdaPrecisionUDG object at 0x7fd1844648c0>, <lambdaprecisionudggenerator.graph_generator.graphs.lambda_precision_udg.LambdaPrecisionUDG object at 0x7fd184464950>, <lambdaprecisionudggenerator.graph_generator.graphs.lambda_precision_udg.LambdaPrecisionUDG object at 0x7fd1844649e0>, <lambdaprecisionudggenerator.graph_generator.graphs.lambda_precision_udg.LambdaPrecisionUDG object at 0x7fd184464a70>, <lambdaprecisionudggenerator.graph_generator.graphs.lambda_precision_udg.LambdaPrecisionUDG object at 0x7fd184464b00>, <lambdaprecisionudggenerator.graph_generator.graphs.lambda_precision_udg.LambdaPrecisionUDG object at 0x7fd184464b90>, <lambdaprecisionudggenerator.graph_generator.graphs.lambda_precision_udg.LambdaPrecisionUDG object at 0x7fd184464c20>, <lambdaprecisionudggenerator.graph_generator.graphs.lambda_precision_udg.LambdaPrecisionUDG object at 0x7fd184464cb0>], logger=<Logger lambdaprecisionudggenerator.graph_generator.seeds.seed (DEBUG)>), GeneratorSeed(node_number=40, min_distance=0.1025390625, radius=0.22031249999999997, coverage_bound=(0.85, 0.9), avg_deg_bound=(4, 4.25), probability_connected=0.9, sample_size=10, graphs=[<lambdaprecisionudggenerator.graph_generator.graphs.lambda_precision_udg.LambdaPrecisionUDG object at 0x7fd184464d40>, <lambdaprecisionudggenerator.graph_generator.graphs.lambda_precision_udg.LambdaPrecisionUDG object at 0x7fd184464dd0>, <lambdaprecisionudggenerator.graph_generator.graphs.lambda_precision_udg.LambdaPrecisionUDG object at 0x7fd184464e60>, <lambdaprecisionudggenerator.graph_generator.graphs.lambda_precision_udg.LambdaPrecisionUDG object at 0x7fd184464ef0>, <lambdaprecisionudggenerator.graph_generator.graphs.lambda_precision_udg.LambdaPrecisionUDG object at 0x7fd184464f80>, <lambdaprecisionudggenerator.graph_generator.graphs.lambda_precision_udg.LambdaPrecisionUDG object at 0x7fd184465010>, <lambdaprecisionudggenerator.graph_generator.graphs.lambda_precision_udg.LambdaPrecisionUDG object at 0x7fd1844650a0>, <lambdaprecisionudggenerator.graph_generator.graphs.lambda_precision_udg.LambdaPrecisionUDG object at 0x7fd184465130>, <lambdaprecisionudggenerator.graph_generator.graphs.lambda_precision_udg.LambdaPrecisionUDG object at 0x7fd1844651c0>, <lambdaprecisionudggenerator.graph_generator.graphs.lambda_precision_udg.LambdaPrecisionUDG object at 0x7fd184465250>], logger=<Logger lambdaprecisionudggenerator.graph_generator.seeds.seed (DEBUG)>), GeneratorSeed(node_number=20, min_distance=0.1484375, radius=0.384375, coverage_bound=(0.85, 0.9), avg_deg_bound=(5, 5.25), probability_connected=1.0, sample_size=10, graphs=[<lambdaprecisionudggenerator.graph_generator.graphs.lambda_precision_udg.LambdaPrecisionUDG object at 0x7fd1844652e0>, <lambdaprecisionudggenerator.graph_generator.graphs.lambda_precision_udg.LambdaPrecisionUDG object at 0x7fd184465370>, <lambdaprecisionudggenerator.graph_generator.graphs.lambda_precision_udg.LambdaPrecisionUDG object at 0x7fd184465400>, <lambdaprecisionudggenerator.graph_generator.graphs.lambda_precision_udg.LambdaPrecisionUDG object at 0x7fd184465490>, <lambdaprecisionudggenerator.graph_generator.graphs.lambda_precision_udg.LambdaPrecisionUDG object at 0x7fd184465520>, <lambdaprecisionudggenerator.graph_generator.graphs.lambda_precision_udg.LambdaPrecisionUDG object at 0x7fd1844655b0>, <lambdaprecisionudggenerator.graph_generator.graphs.lambda_precision_udg.LambdaPrecisionUDG object at 0x7fd184465640>, <lambdaprecisionudggenerator.graph_generator.graphs.lambda_precision_udg.LambdaPrecisionUDG object at 0x7fd1844656d0>, <lambdaprecisionudggenerator.graph_generator.graphs.lambda_precision_udg.LambdaPrecisionUDG object at 0x7fd184465760>, <lambdaprecisionudggenerator.graph_generator.graphs.lambda_precision_udg.LambdaPrecisionUDG object at 0x7fd1844657f0>], logger=<Logger lambdaprecisionudggenerator.graph_generator.seeds.seed (DEBUG)>), GeneratorSeed(node_number=20, min_distance=0.150390625, radius=0.375, coverage_bound=(0.85, 0.9), avg_deg_bound=(5, 5.25), probability_connected=1.0, sample_size=10, graphs=[<lambdaprecisionudggenerator.graph_generator.graphs.lambda_precision_udg.LambdaPrecisionUDG object at 0x7fd184465880>, <lambdaprecisionudggenerator.graph_generator.graphs.lambda_precision_udg.LambdaPrecisionUDG object at 0x7fd184465910>, <lambdaprecisionudggenerator.graph_generator.graphs.lambda_precision_udg.LambdaPrecisionUDG object at 0x7fd1844659a0>, <lambdaprecisionudggenerator.graph_generator.graphs.lambda_precision_udg.LambdaPrecisionUDG object at 0x7fd184465a30>, <lambdaprecisionudggenerator.graph_generator.graphs.lambda_precision_udg.LambdaPrecisionUDG object at 0x7fd184465ac0>, <lambdaprecisionudggenerator.graph_generator.graphs.lambda_precision_udg.LambdaPrecisionUDG object at 0x7fd184465b50>, <lambdaprecisionudggenerator.graph_generator.graphs.lambda_precision_udg.LambdaPrecisionUDG object at 0x7fd184465be0>, <lambdaprecisionudggenerator.graph_generator.graphs.lambda_precision_udg.LambdaPrecisionUDG object at 0x7fd184465c70>, <lambdaprecisionudggenerator.graph_generator.graphs.lambda_precision_udg.LambdaPrecisionUDG object at 0x7fd184465d00>, <lambdaprecisionudggenerator.graph_generator.graphs.lambda_precision_udg.LambdaPrecisionUDG object at 0x7fd184465d90>], logger=<Logger lambdaprecisionudggenerator.graph_generator.seeds.seed (DEBUG)>), GeneratorSeed(node_number=20, min_distance=0.150390625, radius=0.3375, coverage_bound=(0.85, 0.9), avg_deg_bound=(4, 4.25), probability_connected=1.0, sample_size=10, graphs=[<lambdaprecisionudggenerator.graph_generator.graphs.lambda_precision_udg.LambdaPrecisionUDG object at 0x7fd184465e20>, <lambdaprecisionudggenerator.graph_generator.graphs.lambda_precision_udg.LambdaPrecisionUDG object at 0x7fd184465eb0>, <lambdaprecisionudggenerator.graph_generator.graphs.lambda_precision_udg.LambdaPrecisionUDG object at 0x7fd184465f40>, <lambdaprecisionudggenerator.graph_generator.graphs.lambda_precision_udg.LambdaPrecisionUDG object at 0x7fd184465fd0>, <lambdaprecisionudggenerator.graph_generator.graphs.lambda_precision_udg.LambdaPrecisionUDG object at 0x7fd184466060>, <lambdaprecisionudggenerator.graph_generator.graphs.lambda_precision_udg.LambdaPrecisionUDG object at 0x7fd1844660f0>, <lambdaprecisionudggenerator.graph_generator.graphs.lambda_precision_udg.LambdaPrecisionUDG object at 0x7fd184466180>, <lambdaprecisionudggenerator.graph_generator.graphs.lambda_precision_udg.LambdaPrecisionUDG object at 0x7fd184466210>, <lambdaprecisionudggenerator.graph_generator.graphs.lambda_precision_udg.LambdaPrecisionUDG object at 0x7fd1844662a0>, <lambdaprecisionudggenerator.graph_generator.graphs.lambda_precision_udg.LambdaPrecisionUDG object at 0x7fd184466330>], logger=<Logger lambdaprecisionudggenerator.graph_generator.seeds.seed (DEBUG)>), GeneratorSeed(node_number=40, min_distance=0.1025390625, radius=0.22265624999999997, coverage_bound=(0.85, 0.9), avg_deg_bound=(4, 4.25), probability_connected=0.7, sample_size=10, graphs=[<lambdaprecisionudggenerator.graph_generator.graphs.lambda_precision_udg.LambdaPrecisionUDG object at 0x7fd1844663c0>, <lambdaprecisionudggenerator.graph_generator.graphs.lambda_precision_udg.LambdaPrecisionUDG object at 0x7fd184466450>, <lambdaprecisionudggenerator.graph_generator.graphs.lambda_precision_udg.LambdaPrecisionUDG object at 0x7fd1844664e0>, <lambdaprecisionudggenerator.graph_generator.graphs.lambda_precision_udg.LambdaPrecisionUDG object at 0x7fd184466570>, <lambdaprecisionudggenerator.graph_generator.graphs.lambda_precision_udg.LambdaPrecisionUDG object at 0x7fd184466600>, <lambdaprecisionudggenerator.graph_generator.graphs.lambda_precision_udg.LambdaPrecisionUDG object at 0x7fd184466690>, <lambdaprecisionudggenerator.graph_generator.graphs.lambda_precision_udg.LambdaPrecisionUDG object at 0x7fd184466720>, <lambdaprecisionudggenerator.graph_generator.graphs.lambda_precision_udg.LambdaPrecisionUDG object at 0x7fd1844667b0>, <lambdaprecisionudggenerator.graph_generator.graphs.lambda_precision_udg.LambdaPrecisionUDG object at 0x7fd184466840>, <lambdaprecisionudggenerator.graph_generator.graphs.lambda_precision_udg.LambdaPrecisionUDG object at 0x7fd1844668d0>], logger=<Logger lambdaprecisionudggenerator.graph_generator.seeds.seed (DEBUG)>), GeneratorSeed(node_number=20, min_distance=0.1484375, radius=0.3375, coverage_bound=(0.85, 0.9), avg_deg_bound=(4, 4.25), probability_connected=0.8, sample_size=10, graphs=[<lambdaprecisionudggenerator.graph_generator.graphs.lambda_precision_udg.LambdaPrecisionUDG object at 0x7fd184466960>, <lambdaprecisionudggenerator.graph_generator.graphs.lambda_precision_udg.LambdaPrecisionUDG object at 0x7fd1844669f0>, <lambdaprecisionudggenerator.graph_generator.graphs.lambda_precision_udg.LambdaPrecisionUDG object at 0x7fd184466a80>, <lambdaprecisionudggenerator.graph_generator.graphs.lambda_precision_udg.LambdaPrecisionUDG object at 0x7fd184466b10>, <lambdaprecisionudggenerator.graph_generator.graphs.lambda_precision_udg.LambdaPrecisionUDG object at 0x7fd184466ba0>, <lambdaprecisionudggenerator.graph_generator.graphs.lambda_precision_udg.LambdaPrecisionUDG object at 0x7fd184466c30>, <lambdaprecisionudggenerator.graph_generator.graphs.lambda_precision_udg.LambdaPrecisionUDG object at 0x7fd184466cc0>, <lambdaprecisionudggenerator.graph_generator.graphs.lambda_precision_udg.LambdaPrecisionUDG object at 0x7fd184466d50>, <lambdaprecisionudggenerator.graph_generator.graphs.lambda_precision_udg.LambdaPrecisionUDG object at 0x7fd184466de0>, <lambdaprecisionudggenerator.graph_generator.graphs.lambda_precision_udg.LambdaPrecisionUDG object at 0x7fd184466e70>], logger=<Logger lambdaprecisionudggenerator.graph_generator.seeds.seed (DEBUG)>), GeneratorSeed(node_number=20, min_distance=0.150390625, radius=0.2953125, coverage_bound=(0.85, 0.9), avg_deg_bound=(3, 3.25), probability_connected=0.7, sample_size=10, graphs=[<lambdaprecisionudggenerator.graph_generator.graphs.lambda_precision_udg.LambdaPrecisionUDG object at 0x7fd184466f00>, <lambdaprecisionudggenerator.graph_generator.graphs.lambda_precision_udg.LambdaPrecisionUDG object at 0x7fd184466f90>, <lambdaprecisionudggenerator.graph_generator.graphs.lambda_precision_udg.LambdaPrecisionUDG object at 0x7fd184467020>, <lambdaprecisionudggenerator.graph_generator.graphs.lambda_precision_udg.LambdaPrecisionUDG object at 0x7fd1844670b0>, <lambdaprecisionudggenerator.graph_generator.graphs.lambda_precision_udg.LambdaPrecisionUDG object at 0x7fd184467140>, <lambdaprecisionudggenerator.graph_generator.graphs.lambda_precision_udg.LambdaPrecisionUDG object at 0x7fd1844671d0>, <lambdaprecisionudggenerator.graph_generator.graphs.lambda_precision_udg.LambdaPrecisionUDG object at 0x7fd184467260>, <lambdaprecisionudggenerator.graph_generator.graphs.lambda_precision_udg.LambdaPrecisionUDG object at 0x7fd1844672f0>, <lambdaprecisionudggenerator.graph_generator.graphs.lambda_precision_udg.LambdaPrecisionUDG object at 0x7fd184467380>, <lambdaprecisionudggenerator.graph_generator.graphs.lambda_precision_udg.LambdaPrecisionUDG object at 0x7fd184467410>], logger=<Logger lambdaprecisionudggenerator.graph_generator.seeds.seed (DEBUG)>), GeneratorSeed(node_number=40, min_distance=0.103515625, radius=0.22499999999999998, coverage_bound=(0.85, 0.9), avg_deg_bound=(4, 4.25), probability_connected=1.0, sample_size=10, graphs=[<lambdaprecisionudggenerator.graph_generator.graphs.lambda_precision_udg.LambdaPrecisionUDG object at 0x7fd1844674a0>, <lambdaprecisionudggenerator.graph_generator.graphs.lambda_precision_udg.LambdaPrecisionUDG object at 0x7fd184467530>, <lambdaprecisionudggenerator.graph_generator.graphs.lambda_precision_udg.LambdaPrecisionUDG object at 0x7fd1844675c0>, <lambdaprecisionudggenerator.graph_generator.graphs.lambda_precision_udg.LambdaPrecisionUDG object at 0x7fd184467650>, <lambdaprecisionudggenerator.graph_generator.graphs.lambda_precision_udg.LambdaPrecisionUDG object at 0x7fd1844676e0>, <lambdaprecisionudggenerator.graph_generator.graphs.lambda_precision_udg.LambdaPrecisionUDG object at 0x7fd184467770>, <lambdaprecisionudggenerator.graph_generator.graphs.lambda_precision_udg.LambdaPrecisionUDG object at 0x7fd184467800>, <lambdaprecisionudggenerator.graph_generator.graphs.lambda_precision_udg.LambdaPrecisionUDG object at 0x7fd184467890>, <lambdaprecisionudggenerator.graph_generator.graphs.lambda_precision_udg.LambdaPrecisionUDG object at 0x7fd184467920>, <lambdaprecisionudggenerator.graph_generator.graphs.lambda_precision_udg.LambdaPrecisionUDG object at 0x7fd1844679b0>], logger=<Logger lambdaprecisionudggenerator.graph_generator.seeds.seed (DEBUG)>), GeneratorSeed(node_number=40, min_distance=0.103515625, radius=0.24843749999999995, coverage_bound=(0.85, 0.9), avg_deg_bound=(5, 5.25), probability_connected=1.0, sample_size=10, graphs=[<lambdaprecisionudggenerator.graph_generator.graphs.lambda_precision_udg.LambdaPrecisionUDG object at 0x7fd184467a40>, <lambdaprecisionudggenerator.graph_generator.graphs.lambda_precision_udg.LambdaPrecisionUDG object at 0x7fd184467ad0>, <lambdaprecisionudggenerator.graph_generator.graphs.lambda_precision_udg.LambdaPrecisionUDG object at 0x7fd184467b60>, <lambdaprecisionudggenerator.graph_generator.graphs.lambda_precision_udg.LambdaPrecisionUDG object at 0x7fd184467bf0>, <lambdaprecisionudggenerator.graph_generator.graphs.lambda_precision_udg.LambdaPrecisionUDG object at 0x7fd184467c80>, <lambdaprecisionudggenerator.graph_generator.graphs.lambda_precision_udg.LambdaPrecisionUDG object at 0x7fd184467d10>, <lambdaprecisionudggenerator.graph_generator.graphs.lambda_precision_udg.LambdaPrecisionUDG object at 0x7fd184467da0>, <lambdaprecisionudggenerator.graph_generator.graphs.lambda_precision_udg.LambdaPrecisionUDG object at 0x7fd184467e30>, <lambdaprecisionudggenerator.graph_generator.graphs.lambda_precision_udg.LambdaPrecisionUDG object at 0x7fd184467ec0>, <lambdaprecisionudggenerator.graph_generator.graphs.lambda_precision_udg.LambdaPrecisionUDG object at 0x7fd184467f50>], logger=<Logger lambdaprecisionudggenerator.graph_generator.seeds.seed (DEBUG)>), GeneratorSeed(node_number=40, min_distance=0.10546875, radius=0.22499999999999998, coverage_bound=(0.85, 0.9), avg_deg_bound=(4, 4.25), probability_connected=0.9, sample_size=10, graphs=[<lambdaprecisionudggenerator.graph_generator.graphs.lambda_precision_udg.LambdaPrecisionUDG object at 0x7fd168be8050>, <lambdaprecisionudggenerator.graph_generator.graphs.lambda_precision_udg.LambdaPrecisionUDG object at 0x7fd168be80e0>, <lambdaprecisionudggenerator.graph_generator.graphs.lambda_precision_udg.LambdaPrecisionUDG object at 0x7fd168be8170>, <lambdaprecisionudggenerator.graph_generator.graphs.lambda_precision_udg.LambdaPrecisionUDG object at 0x7fd168be8200>, <lambdaprecisionudggenerator.graph_generator.graphs.lambda_precision_udg.LambdaPrecisionUDG object at 0x7fd168be8290>, <lambdaprecisionudggenerator.graph_generator.graphs.lambda_precision_udg.LambdaPrecisionUDG object at 0x7fd168be8320>, <lambdaprecisionudggenerator.graph_generator.graphs.lambda_precision_udg.LambdaPrecisionUDG object at 0x7fd168be83b0>, <lambdaprecisionudggenerator.graph_generator.graphs.lambda_precision_udg.LambdaPrecisionUDG object at 0x7fd168be8440>, <lambdaprecisionudggenerator.graph_generator.graphs.lambda_precision_udg.LambdaPrecisionUDG object at 0x7fd168be84d0>, <lambdaprecisionudggenerator.graph_generator.graphs.lambda_precision_udg.LambdaPrecisionUDG object at 0x7fd168be8560>], logger=<Logger lambdaprecisionudggenerator.graph_generator.seeds.seed (DEBUG)>), GeneratorSeed(node_number=40, min_distance=0.103515625, radius=0.22499999999999998, coverage_bound=(0.85, 0.9), avg_deg_bound=(4, 4.25), probability_connected=0.9, sample_size=10, graphs=[<lambdaprecisionudggenerator.graph_generator.graphs.lambda_precision_udg.LambdaPrecisionUDG object at 0x7fd168be85f0>, <lambdaprecisionudggenerator.graph_generator.graphs.lambda_precision_udg.LambdaPrecisionUDG object at 0x7fd168be8680>, <lambdaprecisionudggenerator.graph_generator.graphs.lambda_precision_udg.LambdaPrecisionUDG object at 0x7fd168be8710>, <lambdaprecisionudggenerator.graph_generator.graphs.lambda_precision_udg.LambdaPrecisionUDG object at 0x7fd168be87a0>, <lambdaprecisionudggenerator.graph_generator.graphs.lambda_precision_udg.LambdaPrecisionUDG object at 0x7fd168be8830>, <lambdaprecisionudggenerator.graph_generator.graphs.lambda_precision_udg.LambdaPrecisionUDG object at 0x7fd168be88c0>, <lambdaprecisionudggenerator.graph_generator.graphs.lambda_precision_udg.LambdaPrecisionUDG object at 0x7fd168be8950>, <lambdaprecisionudggenerator.graph_generator.graphs.lambda_precision_udg.LambdaPrecisionUDG object at 0x7fd168be89e0>, <lambdaprecisionudggenerator.graph_generator.graphs.lambda_precision_udg.LambdaPrecisionUDG object at 0x7fd168be8a70>, <lambdaprecisionudggenerator.graph_generator.graphs.lambda_precision_udg.LambdaPrecisionUDG object at 0x7fd168be8b00>], logger=<Logger lambdaprecisionudggenerator.graph_generator.seeds.seed (DEBUG)>), GeneratorSeed(node_number=20, min_distance=0.150390625, radius=0.3375, coverage_bound=(0.85, 0.9), avg_deg_bound=(4, 4.25), probability_connected=1.0, sample_size=10, graphs=[<lambdaprecisionudggenerator.graph_generator.graphs.lambda_precision_udg.LambdaPrecisionUDG object at 0x7fd168be8b90>, <lambdaprecisionudggenerator.graph_generator.graphs.lambda_precision_udg.LambdaPrecisionUDG object at 0x7fd168be8c20>, <lambdaprecisionudggenerator.graph_generator.graphs.lambda_precision_udg.LambdaPrecisionUDG object at 0x7fd168be8cb0>, <lambdaprecisionudggenerator.graph_generator.graphs.lambda_precision_udg.LambdaPrecisionUDG object at 0x7fd168be8d40>, <lambdaprecisionudggenerator.graph_generator.graphs.lambda_precision_udg.LambdaPrecisionUDG object at 0x7fd168be8dd0>, <lambdaprecisionudggenerator.graph_generator.graphs.lambda_precision_udg.LambdaPrecisionUDG object at 0x7fd168be8e60>, <lambdaprecisionudggenerator.graph_generator.graphs.lambda_precision_udg.LambdaPrecisionUDG object at 0x7fd168be8ef0>, <lambdaprecisionudggenerator.graph_generator.graphs.lambda_precision_udg.LambdaPrecisionUDG object at 0x7fd168be8f80>, <lambdaprecisionudggenerator.graph_generator.graphs.lambda_precision_udg.LambdaPrecisionUDG object at 0x7fd168be9010>, <lambdaprecisionudggenerator.graph_generator.graphs.lambda_precision_udg.LambdaPrecisionUDG object at 0x7fd168be90a0>], logger=<Logger lambdaprecisionudggenerator.graph_generator.seeds.seed (DEBUG)>), GeneratorSeed(node_number=20, min_distance=0.1484375, radius=0.384375, coverage_bound=(0.85, 0.9), avg_deg_bound=(5, 5.25), probability_connected=1.0, sample_size=10, graphs=[<lambdaprecisionudggenerator.graph_generator.graphs.lambda_precision_udg.LambdaPrecisionUDG object at 0x7fd168be9130>, <lambdaprecisionudggenerator.graph_generator.graphs.lambda_precision_udg.LambdaPrecisionUDG object at 0x7fd168be91c0>, <lambdaprecisionudggenerator.graph_generator.graphs.lambda_precision_udg.LambdaPrecisionUDG object at 0x7fd168be9250>, <lambdaprecisionudggenerator.graph_generator.graphs.lambda_precision_udg.LambdaPrecisionUDG object at 0x7fd168be92e0>, <lambdaprecisionudggenerator.graph_generator.graphs.lambda_precision_udg.LambdaPrecisionUDG object at 0x7fd168be9370>, <lambdaprecisionudggenerator.graph_generator.graphs.lambda_precision_udg.LambdaPrecisionUDG object at 0x7fd168be9400>, <lambdaprecisionudggenerator.graph_generator.graphs.lambda_precision_udg.LambdaPrecisionUDG object at 0x7fd168be9490>, <lambdaprecisionudggenerator.graph_generator.graphs.lambda_precision_udg.LambdaPrecisionUDG object at 0x7fd168be9520>, <lambdaprecisionudggenerator.graph_generator.graphs.lambda_precision_udg.LambdaPrecisionUDG object at 0x7fd168be95b0>, <lambdaprecisionudggenerator.graph_generator.graphs.lambda_precision_udg.LambdaPrecisionUDG object at 0x7fd168be9640>], logger=<Logger lambdaprecisionudggenerator.graph_generator.seeds.seed (DEBUG)>), GeneratorSeed(node_number=40, min_distance=0.10546875, radius=0.25078124999999996, coverage_bound=(0.85, 0.9), avg_deg_bound=(5, 5.25), probability_connected=1.0, sample_size=10, graphs=[<lambdaprecisionudggenerator.graph_generator.graphs.lambda_precision_udg.LambdaPrecisionUDG object at 0x7fd168be96d0>, <lambdaprecisionudggenerator.graph_generator.graphs.lambda_precision_udg.LambdaPrecisionUDG object at 0x7fd168be9760>, <lambdaprecisionudggenerator.graph_generator.graphs.lambda_precision_udg.LambdaPrecisionUDG object at 0x7fd168be97f0>, <lambdaprecisionudggenerator.graph_generator.graphs.lambda_precision_udg.LambdaPrecisionUDG object at 0x7fd168be9880>, <lambdaprecisionudggenerator.graph_generator.graphs.lambda_precision_udg.LambdaPrecisionUDG object at 0x7fd168be9910>, <lambdaprecisionudggenerator.graph_generator.graphs.lambda_precision_udg.LambdaPrecisionUDG object at 0x7fd168be99a0>, <lambdaprecisionudggenerator.graph_generator.graphs.lambda_precision_udg.LambdaPrecisionUDG object at 0x7fd168be9a30>, <lambdaprecisionudggenerator.graph_generator.graphs.lambda_precision_udg.LambdaPrecisionUDG object at 0x7fd168be9ac0>, <lambdaprecisionudggenerator.graph_generator.graphs.lambda_precision_udg.LambdaPrecisionUDG object at 0x7fd168be9b50>, <lambdaprecisionudggenerator.graph_generator.graphs.lambda_precision_udg.LambdaPrecisionUDG object at 0x7fd168be9be0>], logger=<Logger lambdaprecisionudggenerator.graph_generator.seeds.seed (DEBUG)>)] = <lambdaprecisionudggenerator.graph_generator.seeds.database.GeneratorSeedDB object at 0x7fd168910050>.seeds
============================== 1 failed in 26.17s ==============================
